Archive member included because of file (symbol)

c:/avr-gcc/bin/../lib/gcc/avr/4.5.1/avr4\libgcc.a(_udivmodqi4.o)
                              ./lcd_drv.o (__udivmodqi4)
c:/avr-gcc/bin/../lib/gcc/avr/4.5.1/avr4\libgcc.a(_divmodhi4.o)
                              ./lcd_drv.o (__divmodhi4)
c:/avr-gcc/bin/../lib/gcc/avr/4.5.1/avr4\libgcc.a(_exit.o)
                              c:/avr-gcc/bin/../lib/gcc/avr/4.5.1/../../../../avr/lib/avr4/crtm8.o (exit)
c:/avr-gcc/bin/../lib/gcc/avr/4.5.1/avr4\libgcc.a(_copy_data.o)
                              ./lcd_drv.o (__do_copy_data)
c:/avr-gcc/bin/../lib/gcc/avr/4.5.1/avr4\libgcc.a(_clear_bss.o)
                              ./lcd_drv.o (__do_clear_bss)
c:/avr-gcc/bin/../lib/gcc/avr/4.5.1/avr4\libgcc.a(_fixunssfsi.o)
                              ./lcd_drv.o (__fixunssfsi)
c:/avr-gcc/bin/../lib/gcc/avr/4.5.1/avr4\libgcc.a(_addsub_sf.o)
                              c:/avr-gcc/bin/../lib/gcc/avr/4.5.1/avr4\libgcc.a(_fixunssfsi.o) (__subsf3)
c:/avr-gcc/bin/../lib/gcc/avr/4.5.1/avr4\libgcc.a(_mul_sf.o)
                              ./lcd_drv.o (__mulsf3)
c:/avr-gcc/bin/../lib/gcc/avr/4.5.1/avr4\libgcc.a(_div_sf.o)
                              ./lcd_drv.o (__divsf3)
c:/avr-gcc/bin/../lib/gcc/avr/4.5.1/avr4\libgcc.a(_gt_sf.o)
                              ./lcd_drv.o (__gtsf2)
c:/avr-gcc/bin/../lib/gcc/avr/4.5.1/avr4\libgcc.a(_ge_sf.o)
                              c:/avr-gcc/bin/../lib/gcc/avr/4.5.1/avr4\libgcc.a(_fixunssfsi.o) (__gesf2)
c:/avr-gcc/bin/../lib/gcc/avr/4.5.1/avr4\libgcc.a(_lt_sf.o)
                              ./lcd_drv.o (__ltsf2)
c:/avr-gcc/bin/../lib/gcc/avr/4.5.1/avr4\libgcc.a(_sf_to_si.o)
                              c:/avr-gcc/bin/../lib/gcc/avr/4.5.1/avr4\libgcc.a(_fixunssfsi.o) (__fixsfsi)
c:/avr-gcc/bin/../lib/gcc/avr/4.5.1/avr4\libgcc.a(_thenan_sf.o)
                              c:/avr-gcc/bin/../lib/gcc/avr/4.5.1/avr4\libgcc.a(_addsub_sf.o) (__thenan_sf)
c:/avr-gcc/bin/../lib/gcc/avr/4.5.1/avr4\libgcc.a(_udivmodhi4.o)
                              c:/avr-gcc/bin/../lib/gcc/avr/4.5.1/avr4\libgcc.a(_divmodhi4.o) (__udivmodhi4)
c:/avr-gcc/bin/../lib/gcc/avr/4.5.1/avr4\libgcc.a(_prologue.o)
                              c:/avr-gcc/bin/../lib/gcc/avr/4.5.1/avr4\libgcc.a(_addsub_sf.o) (__prologue_saves__)
c:/avr-gcc/bin/../lib/gcc/avr/4.5.1/avr4\libgcc.a(_epilogue.o)
                              c:/avr-gcc/bin/../lib/gcc/avr/4.5.1/avr4\libgcc.a(_addsub_sf.o) (__epilogue_restores__)
c:/avr-gcc/bin/../lib/gcc/avr/4.5.1/avr4\libgcc.a(_pack_sf.o)
                              c:/avr-gcc/bin/../lib/gcc/avr/4.5.1/avr4\libgcc.a(_addsub_sf.o) (__pack_f)
c:/avr-gcc/bin/../lib/gcc/avr/4.5.1/avr4\libgcc.a(_unpack_sf.o)
                              c:/avr-gcc/bin/../lib/gcc/avr/4.5.1/avr4\libgcc.a(_addsub_sf.o) (__unpack_f)
c:/avr-gcc/bin/../lib/gcc/avr/4.5.1/avr4\libgcc.a(_fpcmp_parts_sf.o)
                              c:/avr-gcc/bin/../lib/gcc/avr/4.5.1/avr4\libgcc.a(_gt_sf.o) (__fpcmp_parts_f)
c:/avr-gcc/bin/../lib/gcc/avr/4.5.1/../../../../avr/lib/avr4\libc.a(dtostrf.o)
                              ./uart.o (dtostrf)
c:/avr-gcc/bin/../lib/gcc/avr/4.5.1/../../../../avr/lib/avr4\libc.a(atoi.o)
                              ./main.o (atoi)
c:/avr-gcc/bin/../lib/gcc/avr/4.5.1/../../../../avr/lib/avr4\libc.a(strcpy.o)
                              ./main.o (strcpy)
c:/avr-gcc/bin/../lib/gcc/avr/4.5.1/../../../../avr/lib/avr4\libc.a(strlen.o)
                              ./uart.o (strlen)
c:/avr-gcc/bin/../lib/gcc/avr/4.5.1/../../../../avr/lib/avr4\libc.a(itoa.o)
                              ./uart.o (itoa)
c:/avr-gcc/bin/../lib/gcc/avr/4.5.1/../../../../avr/lib/avr4\libc.a(mul10.o)
                              c:/avr-gcc/bin/../lib/gcc/avr/4.5.1/../../../../avr/lib/avr4\libc.a(atoi.o) (__mulhi_const_10)
c:/avr-gcc/bin/../lib/gcc/avr/4.5.1/../../../../avr/lib/avr4\libc.a(dtoa_prf.o)
                              c:/avr-gcc/bin/../lib/gcc/avr/4.5.1/../../../../avr/lib/avr4\libc.a(dtostrf.o) (dtoa_prf)
c:/avr-gcc/bin/../lib/gcc/avr/4.5.1/../../../../avr/lib/avr4\libc.a(ftoa_engine.o)
                              c:/avr-gcc/bin/../lib/gcc/avr/4.5.1/../../../../avr/lib/avr4\libc.a(dtoa_prf.o) (__ftoa_engine)
c:/avr-gcc/bin/../lib/gcc/avr/4.5.1/../../../../avr/lib/avr4\libc.a(strrev.o)
                              c:/avr-gcc/bin/../lib/gcc/avr/4.5.1/../../../../avr/lib/avr4\libc.a(itoa.o) (strrev)

Allocating common symbols
Common symbol       size              file

t_cpu               0x2               ./main.o
bufi                0x2               ./uart.o
x                   0x1               ./lcd_drv.o
lp                  0x1               ./main.o
t_cpuc              0x3               ./main.o
stan_poprz          0x1               ./main.o
buffer2             0x3               ./uart.o
buffer              0x7               ./uart.o
t_gpuc              0x3               ./main.o
Mot1c               0x4               ./main.o
buffer5             0xb               ./uart.o
bufor               0x1               ./main.o
buffer4             0x5               ./uart.o
t_gpu               0x2               ./main.o
date                0xb               ./main.o
buffer3             0x6               ./uart.o
clock               0x6               ./main.o

Memory Configuration

Name             Origin             Length             Attributes
text             0x00000000         0x00002000         xr
data             0x00800060         0x0000ffa0         rw !x
eeprom           0x00810000         0x00010000         rw !x
*default*        0x00000000         0xffffffff

Linker script and memory map

LOAD c:/avr-gcc/bin/../lib/gcc/avr/4.5.1/../../../../avr/lib/avr4/crtm8.o
LOAD ./lcd_drv.o
LOAD ./main.o
LOAD ./qw.o
LOAD ./uart.o
LOAD c:/avr-gcc/bin/../lib/gcc/avr/4.5.1/avr4\libgcc.a
LOAD c:/avr-gcc/bin/../lib/gcc/avr/4.5.1/../../../../avr/lib/avr4\libc.a
LOAD c:/avr-gcc/bin/../lib/gcc/avr/4.5.1/avr4\libgcc.a

.hash
 *(.hash)

.dynsym
 *(.dynsym)

.dynstr
 *(.dynstr)

.gnu.version
 *(.gnu.version)

.gnu.version_d
 *(.gnu.version_d)

.gnu.version_r
 *(.gnu.version_r)

.rel.init
 *(.rel.init)

.rela.init
 *(.rela.init)

.rel.text
 *(.rel.text)
 *(.rel.text.*)
 *(.rel.gnu.linkonce.t*)

.rela.text
 *(.rela.text)
 *(.rela.text.*)
 *(.rela.gnu.linkonce.t*)

.rel.fini
 *(.rel.fini)

.rela.fini
 *(.rela.fini)

.rel.rodata
 *(.rel.rodata)
 *(.rel.rodata.*)
 *(.rel.gnu.linkonce.r*)

.rela.rodata
 *(.rela.rodata)
 *(.rela.rodata.*)
 *(.rela.gnu.linkonce.r*)

.rel.data
 *(.rel.data)
 *(.rel.data.*)
 *(.rel.gnu.linkonce.d*)

.rela.data
 *(.rela.data)
 *(.rela.data.*)
 *(.rela.gnu.linkonce.d*)

.rel.ctors
 *(.rel.ctors)

.rela.ctors
 *(.rela.ctors)

.rel.dtors
 *(.rel.dtors)

.rela.dtors
 *(.rela.dtors)

.rel.got
 *(.rel.got)

.rela.got
 *(.rela.got)

.rel.bss
 *(.rel.bss)

.rela.bss
 *(.rela.bss)

.rel.plt
 *(.rel.plt)

.rela.plt
 *(.rela.plt)

.text           0x00000000     0x450e
 *(.vectors)
 .vectors       0x00000000       0x26 c:/avr-gcc/bin/../lib/gcc/avr/4.5.1/../../../../avr/lib/avr4/crtm8.o
                0x00000000                __vector_default
                0x00000000                __vectors
 *(.vectors)
 *(.progmem.gcc*)
 .progmem.gcc_sw_table
                0x00000026       0x14 ./lcd_drv.o
 *(.progmem*)
 .progmem.data  0x0000003a       0xfa c:/avr-gcc/bin/../lib/gcc/avr/4.5.1/../../../../avr/lib/avr4\libc.a(ftoa_engine.o)
                0x00000134                . = ALIGN (0x2)
                0x00000134                __trampolines_start = .
 *(.trampolines)
 .trampolines   0x00000134        0x0 linker stubs
 *(.trampolines*)
                0x00000134                __trampolines_end = .
 *(.jumptables)
 *(.jumptables*)
 *(.lowtext)
 *(.lowtext*)
                0x00000134                __ctors_start = .
 *(.ctors)
                0x00000134                __ctors_end = .
                0x00000134                __dtors_start = .
 *(.dtors)
                0x00000134                __dtors_end = .
 SORT(*)(.ctors)
 SORT(*)(.dtors)
 *(.init0)
 .init0         0x00000134        0x0 c:/avr-gcc/bin/../lib/gcc/avr/4.5.1/../../../../avr/lib/avr4/crtm8.o
                0x00000134                __init
 *(.init0)
 *(.init1)
 *(.init1)
 *(.init2)
 .init2         0x00000134        0xc c:/avr-gcc/bin/../lib/gcc/avr/4.5.1/../../../../avr/lib/avr4/crtm8.o
 *(.init2)
 *(.init3)
 *(.init3)
 *(.init4)
 .init4         0x00000140       0x16 c:/avr-gcc/bin/../lib/gcc/avr/4.5.1/avr4\libgcc.a(_copy_data.o)
                0x00000140                __do_copy_data
 .init4         0x00000156       0x10 c:/avr-gcc/bin/../lib/gcc/avr/4.5.1/avr4\libgcc.a(_clear_bss.o)
                0x00000156                __do_clear_bss
 *(.init4)
 *(.init5)
 *(.init5)
 *(.init6)
 *(.init6)
 *(.init7)
 *(.init7)
 *(.init8)
 *(.init8)
 *(.init9)
 .init9         0x00000166        0x4 c:/avr-gcc/bin/../lib/gcc/avr/4.5.1/../../../../avr/lib/avr4/crtm8.o
 *(.init9)
 *(.text)
 .text          0x0000016a        0x2 c:/avr-gcc/bin/../lib/gcc/avr/4.5.1/../../../../avr/lib/avr4/crtm8.o
                0x0000016a                __bad_interrupt
                0x0000016a                __vector_3
                0x0000016a                __vector_13
                0x0000016a                __vector_17
                0x0000016a                __vector_7
                0x0000016a                __vector_5
                0x0000016a                __vector_4
                0x0000016a                __vector_15
                0x0000016a                __vector_8
                0x0000016a                __vector_14
                0x0000016a                __vector_10
                0x0000016a                __vector_16
                0x0000016a                __vector_18
 .text          0x0000016c        0x0 ./lcd_drv.o
 .text          0x0000016c        0x0 ./main.o
 .text          0x0000016c        0x0 ./qw.o
 .text          0x0000016c        0x0 ./uart.o
 .text          0x0000016c        0x0 c:/avr-gcc/bin/../lib/gcc/avr/4.5.1/avr4\libgcc.a(_udivmodqi4.o)
 .text          0x0000016c        0x0 c:/avr-gcc/bin/../lib/gcc/avr/4.5.1/avr4\libgcc.a(_divmodhi4.o)
 .text          0x0000016c        0x0 c:/avr-gcc/bin/../lib/gcc/avr/4.5.1/avr4\libgcc.a(_exit.o)
 .text          0x0000016c        0x0 c:/avr-gcc/bin/../lib/gcc/avr/4.5.1/avr4\libgcc.a(_copy_data.o)
 .text          0x0000016c        0x0 c:/avr-gcc/bin/../lib/gcc/avr/4.5.1/avr4\libgcc.a(_clear_bss.o)
 .text          0x0000016c       0x50 c:/avr-gcc/bin/../lib/gcc/avr/4.5.1/avr4\libgcc.a(_fixunssfsi.o)
                0x0000016c                __fixunssfsi
 .text          0x000001bc      0x338 c:/avr-gcc/bin/../lib/gcc/avr/4.5.1/avr4\libgcc.a(_addsub_sf.o)
                0x00000450                __addsf3
                0x0000049e                __subsf3
 .text          0x000004f4      0x1f0 c:/avr-gcc/bin/../lib/gcc/avr/4.5.1/avr4\libgcc.a(_mul_sf.o)
                0x000004f4                __mulsf3
 .text          0x000006e4      0x154 c:/avr-gcc/bin/../lib/gcc/avr/4.5.1/avr4\libgcc.a(_div_sf.o)
                0x000006e4                __divsf3
 .text          0x00000838       0x56 c:/avr-gcc/bin/../lib/gcc/avr/4.5.1/avr4\libgcc.a(_gt_sf.o)
                0x00000838                __gtsf2
 .text          0x0000088e       0x56 c:/avr-gcc/bin/../lib/gcc/avr/4.5.1/avr4\libgcc.a(_ge_sf.o)
                0x0000088e                __gesf2
 .text          0x000008e4       0x56 c:/avr-gcc/bin/../lib/gcc/avr/4.5.1/avr4\libgcc.a(_lt_sf.o)
                0x000008e4                __ltsf2
 .text          0x0000093a       0xa0 c:/avr-gcc/bin/../lib/gcc/avr/4.5.1/avr4\libgcc.a(_sf_to_si.o)
                0x0000093a                __fixsfsi
 .text          0x000009da        0x0 c:/avr-gcc/bin/../lib/gcc/avr/4.5.1/avr4\libgcc.a(_thenan_sf.o)
 .text          0x000009da        0x0 c:/avr-gcc/bin/../lib/gcc/avr/4.5.1/avr4\libgcc.a(_udivmodhi4.o)
 .text          0x000009da        0x0 c:/avr-gcc/bin/../lib/gcc/avr/4.5.1/avr4\libgcc.a(_prologue.o)
 .text          0x000009da        0x0 c:/avr-gcc/bin/../lib/gcc/avr/4.5.1/avr4\libgcc.a(_epilogue.o)
 .text          0x000009da      0x1a0 c:/avr-gcc/bin/../lib/gcc/avr/4.5.1/avr4\libgcc.a(_pack_sf.o)
                0x000009da                __pack_f
 .text          0x00000b7a       0xd2 c:/avr-gcc/bin/../lib/gcc/avr/4.5.1/avr4\libgcc.a(_unpack_sf.o)
                0x00000b7a                __unpack_f
 .text          0x00000c4c       0xb2 c:/avr-gcc/bin/../lib/gcc/avr/4.5.1/avr4\libgcc.a(_fpcmp_parts_sf.o)
                0x00000c4c                __fpcmp_parts_f
 .text          0x00000cfe        0x0 c:/avr-gcc/bin/../lib/gcc/avr/4.5.1/../../../../avr/lib/avr4\libc.a(dtostrf.o)
 .text          0x00000cfe        0x0 c:/avr-gcc/bin/../lib/gcc/avr/4.5.1/../../../../avr/lib/avr4\libc.a(atoi.o)
 .text          0x00000cfe        0x0 c:/avr-gcc/bin/../lib/gcc/avr/4.5.1/../../../../avr/lib/avr4\libc.a(strcpy.o)
 .text          0x00000cfe        0x0 c:/avr-gcc/bin/../lib/gcc/avr/4.5.1/../../../../avr/lib/avr4\libc.a(strlen.o)
 .text          0x00000cfe        0x0 c:/avr-gcc/bin/../lib/gcc/avr/4.5.1/../../../../avr/lib/avr4\libc.a(itoa.o)
 .text          0x00000cfe        0x0 c:/avr-gcc/bin/../lib/gcc/avr/4.5.1/../../../../avr/lib/avr4\libc.a(mul10.o)
 .text          0x00000cfe        0x0 c:/avr-gcc/bin/../lib/gcc/avr/4.5.1/../../../../avr/lib/avr4\libc.a(dtoa_prf.o)
 .text          0x00000cfe        0x0 c:/avr-gcc/bin/../lib/gcc/avr/4.5.1/../../../../avr/lib/avr4\libc.a(ftoa_engine.o)
 .text          0x00000cfe        0x0 c:/avr-gcc/bin/../lib/gcc/avr/4.5.1/../../../../avr/lib/avr4\libc.a(strrev.o)
                0x00000cfe                . = ALIGN (0x2)
 *(.text.*)
 .text.lcd_nibble
                0x00000cfe      0x280 ./lcd_drv.o
 .text.lcd_byte
                0x00000f7e      0x1d0 ./lcd_drv.o
 .text.lcd_command
                0x0000114e      0x13e ./lcd_drv.o
                0x0000114e                lcd_command
 .text.lcd_putchar
                0x0000128c       0x52 ./lcd_drv.o
                0x0000128c                lcd_putchar
 .text.lcd_puts
                0x000012de       0x48 ./lcd_drv.o
                0x000012de                lcd_puts
 .text.lcd_blank
                0x00001326       0x26 ./lcd_drv.o
                0x00001326                lcd_blank
 .text.lcd_init
                0x0000134c      0x92e ./lcd_drv.o
                0x0000134c                lcd_init
 .text.lcd_number
                0x00001c7a       0x8c ./lcd_drv.o
                0x00001c7a                lcd_number
 .text.lcd_lnumber
                0x00001d06      0x1ea ./lcd_drv.o
                0x00001d06                lcd_lnumber
 .text.lcd_cyfra
                0x00001ef0       0x7c ./lcd_drv.o
                0x00001ef0                lcd_cyfra
 .text.menu     0x00001f6c      0x804 ./main.o
                0x00001f6c                menu
 .text.main     0x00002770      0x5de ./main.o
                0x00002770                main
 .text.__vector_1
                0x00002d4e      0x332 ./main.o
                0x00002d4e                __vector_1
 .text.__vector_2
                0x00003080       0x6e ./main.o
                0x00003080                __vector_2
 .text.__vector_9
                0x000030ee      0x306 ./main.o
                0x000030ee                __vector_9
 .text.__vector_6
                0x000033f4      0x2e0 ./main.o
                0x000033f4                __vector_6
 .text.__vector_11
                0x000036d4       0x8e ./uart.o
                0x000036d4                __vector_11
 .text.__vector_12
                0x00003762       0x82 ./uart.o
                0x00003762                __vector_12
 .text.uart_init
                0x000037e4       0x5c ./uart.o
                0x000037e4                uart_init
 .text.uart_getc
                0x00003840       0x5c ./uart.o
                0x00003840                uart_getc
 .text.UART_peekc
                0x0000389c       0x38 ./uart.o
                0x0000389c                UART_peekc
 .text.uart_putc
                0x000038d4       0x54 ./uart.o
                0x000038d4                uart_putc
 .text.uart_puts
                0x00003928       0x3c ./uart.o
                0x00003928                uart_puts
 .text.uart_puts_p
                0x00003964       0x50 ./uart.o
                0x00003964                uart_puts_p
 .text.uart_puti
                0x000039b4       0x3e ./uart.o
                0x000039b4                uart_puti
 .text.uart_puthex_nibble
                0x000039f2       0x34 ./uart.o
                0x000039f2                uart_puthex_nibble
 .text.uart_puthex_byte
                0x00003a26       0x20 ./uart.o
                0x00003a26                uart_puthex_byte
 .text.UART_nextline
                0x00003a46       0x16 ./uart.o
                0x00003a46                UART_nextline
 .text.UART_startline
                0x00003a5c       0x12 ./uart.o
                0x00003a5c                UART_startline
 .text.UART_backspace
                0x00003a6e       0x28 ./uart.o
                0x00003a6e                UART_backspace
 .text.UART_space
                0x00003a96       0x28 ./uart.o
                0x00003a96                UART_space
 .text.UART_clearscreen
                0x00003abe       0x12 ./uart.o
                0x00003abe                UART_clearscreen
 .text.UART_CmdCheck_p
                0x00003ad0       0xaa ./uart.o
                0x00003ad0                UART_CmdCheck_p
 .text.UART_getCmdLength
                0x00003b7a       0x12 ./uart.o
                0x00003b7a                UART_getCmdLength
 .text.uart_gets
                0x00003b8c      0x1d6 ./uart.o
                0x00003b8c                uart_gets
 .text.UART_sendi
                0x00003d62       0x4e ./uart.o
                0x00003d62                UART_sendi
 .text.UART_sendc
                0x00003db0       0x1c ./uart.o
                0x00003db0                UART_sendc
 .text.UART_sends
                0x00003dcc       0x46 ./uart.o
                0x00003dcc                UART_sends
 .text.UART_sendf
                0x00003e12       0x60 ./uart.o
                0x00003e12                UART_sendf
 .text.uart_readc
                0x00003e72       0x36 ./uart.o
                0x00003e72                uart_readc
 .text.uart_getint
                0x00003ea8       0x30 ./uart.o
                0x00003ea8                uart_getint
 .text.libgcc   0x00003ed8       0x18 c:/avr-gcc/bin/../lib/gcc/avr/4.5.1/avr4\libgcc.a(_udivmodqi4.o)
                0x00003ed8                __udivmodqi4
 .text.libgcc   0x00003ef0       0x26 c:/avr-gcc/bin/../lib/gcc/avr/4.5.1/avr4\libgcc.a(_divmodhi4.o)
                0x00003ef0                _div
                0x00003ef0                __divmodhi4
 .text.libgcc   0x00003f16        0x0 c:/avr-gcc/bin/../lib/gcc/avr/4.5.1/avr4\libgcc.a(_exit.o)
 .text.libgcc   0x00003f16        0x0 c:/avr-gcc/bin/../lib/gcc/avr/4.5.1/avr4\libgcc.a(_copy_data.o)
 .text.libgcc   0x00003f16        0x0 c:/avr-gcc/bin/../lib/gcc/avr/4.5.1/avr4\libgcc.a(_clear_bss.o)
 .text.libgcc   0x00003f16       0x28 c:/avr-gcc/bin/../lib/gcc/avr/4.5.1/avr4\libgcc.a(_udivmodhi4.o)
                0x00003f16                __udivmodhi4
 .text.libgcc   0x00003f3e       0x38 c:/avr-gcc/bin/../lib/gcc/avr/4.5.1/avr4\libgcc.a(_prologue.o)
                0x00003f3e                __prologue_saves__
 .text.libgcc   0x00003f76       0x36 c:/avr-gcc/bin/../lib/gcc/avr/4.5.1/avr4\libgcc.a(_epilogue.o)
                0x00003f76                __epilogue_restores__
 .text.avr-libc
                0x00003fac       0x42 c:/avr-gcc/bin/../lib/gcc/avr/4.5.1/../../../../avr/lib/avr4\libc.a(dtostrf.o)
                0x00003fac                dtostrf
 .text.avr-libc
                0x00003fee       0x3a c:/avr-gcc/bin/../lib/gcc/avr/4.5.1/../../../../avr/lib/avr4\libc.a(atoi.o)
                0x00003fee                atoi
 .text.avr-libc
                0x00004028        0xe c:/avr-gcc/bin/../lib/gcc/avr/4.5.1/../../../../avr/lib/avr4\libc.a(strcpy.o)
                0x00004028                strcpy
 .text.avr-libc
                0x00004036       0x12 c:/avr-gcc/bin/../lib/gcc/avr/4.5.1/../../../../avr/lib/avr4\libc.a(strlen.o)
                0x00004036                strlen
 .text.avr-libc
                0x00004048       0x3e c:/avr-gcc/bin/../lib/gcc/avr/4.5.1/../../../../avr/lib/avr4\libc.a(itoa.o)
                0x00004048                itoa
 .text.avr-libc
                0x00004086       0x10 c:/avr-gcc/bin/../lib/gcc/avr/4.5.1/../../../../avr/lib/avr4\libc.a(mul10.o)
                0x00004086                __mulhi_const_10
 .text.avr-libc
                0x00004096      0x2a4 c:/avr-gcc/bin/../lib/gcc/avr/4.5.1/../../../../avr/lib/avr4\libc.a(dtoa_prf.o)
                0x00004096                dtoa_prf
 .text.avr-libc
                0x0000433a      0x1b0 c:/avr-gcc/bin/../lib/gcc/avr/4.5.1/../../../../avr/lib/avr4\libc.a(ftoa_engine.o)
                0x0000433a                __ftoa_engine
 .text.avr-libc
                0x000044ea       0x20 c:/avr-gcc/bin/../lib/gcc/avr/4.5.1/../../../../avr/lib/avr4\libc.a(strrev.o)
                0x000044ea                strrev
                0x0000450a                . = ALIGN (0x2)
 *(.fini9)
 .fini9         0x0000450a        0x0 c:/avr-gcc/bin/../lib/gcc/avr/4.5.1/avr4\libgcc.a(_exit.o)
                0x0000450a                _exit
                0x0000450a                exit
 *(.fini9)
 *(.fini8)
 *(.fini8)
 *(.fini7)
 *(.fini7)
 *(.fini6)
 *(.fini6)
 *(.fini5)
 *(.fini5)
 *(.fini4)
 *(.fini4)
 *(.fini3)
 *(.fini3)
 *(.fini2)
 *(.fini2)
 *(.fini1)
 *(.fini1)
 *(.fini0)
 .fini0         0x0000450a        0x4 c:/avr-gcc/bin/../lib/gcc/avr/4.5.1/avr4\libgcc.a(_exit.o)
 *(.fini0)
                0x0000450e                _etext = .

.data           0x00800060      0x1c6 load address 0x0000450e
                0x00800060                PROVIDE (__data_start, .)
 *(.data)
 .data          0x00800060        0x0 c:/avr-gcc/bin/../lib/gcc/avr/4.5.1/../../../../avr/lib/avr4/crtm8.o
 .data          0x00800060       0x11 ./lcd_drv.o
 .data          0x00800071       0x32 ./main.o
 .data          0x008000a3        0x0 ./qw.o
 .data          0x008000a3        0x0 ./uart.o
 .data          0x008000a3        0x0 c:/avr-gcc/bin/../lib/gcc/avr/4.5.1/avr4\libgcc.a(_udivmodqi4.o)
 .data          0x008000a3        0x0 c:/avr-gcc/bin/../lib/gcc/avr/4.5.1/avr4\libgcc.a(_divmodhi4.o)
 .data          0x008000a3        0x0 c:/avr-gcc/bin/../lib/gcc/avr/4.5.1/avr4\libgcc.a(_exit.o)
 .data          0x008000a3        0x0 c:/avr-gcc/bin/../lib/gcc/avr/4.5.1/avr4\libgcc.a(_copy_data.o)
 .data          0x008000a3        0x0 c:/avr-gcc/bin/../lib/gcc/avr/4.5.1/avr4\libgcc.a(_clear_bss.o)
 .data          0x008000a3        0x0 c:/avr-gcc/bin/../lib/gcc/avr/4.5.1/avr4\libgcc.a(_fixunssfsi.o)
 .data          0x008000a3        0x0 c:/avr-gcc/bin/../lib/gcc/avr/4.5.1/avr4\libgcc.a(_addsub_sf.o)
 .data          0x008000a3        0x0 c:/avr-gcc/bin/../lib/gcc/avr/4.5.1/avr4\libgcc.a(_mul_sf.o)
 .data          0x008000a3        0x0 c:/avr-gcc/bin/../lib/gcc/avr/4.5.1/avr4\libgcc.a(_div_sf.o)
 .data          0x008000a3        0x0 c:/avr-gcc/bin/../lib/gcc/avr/4.5.1/avr4\libgcc.a(_gt_sf.o)
 .data          0x008000a3        0x0 c:/avr-gcc/bin/../lib/gcc/avr/4.5.1/avr4\libgcc.a(_ge_sf.o)
 .data          0x008000a3        0x0 c:/avr-gcc/bin/../lib/gcc/avr/4.5.1/avr4\libgcc.a(_lt_sf.o)
 .data          0x008000a3        0x0 c:/avr-gcc/bin/../lib/gcc/avr/4.5.1/avr4\libgcc.a(_sf_to_si.o)
 .data          0x008000a3        0x8 c:/avr-gcc/bin/../lib/gcc/avr/4.5.1/avr4\libgcc.a(_thenan_sf.o)
                0x008000a3                __thenan_sf
 .data          0x008000ab        0x0 c:/avr-gcc/bin/../lib/gcc/avr/4.5.1/avr4\libgcc.a(_udivmodhi4.o)
 .data          0x008000ab        0x0 c:/avr-gcc/bin/../lib/gcc/avr/4.5.1/avr4\libgcc.a(_prologue.o)
 .data          0x008000ab        0x0 c:/avr-gcc/bin/../lib/gcc/avr/4.5.1/avr4\libgcc.a(_epilogue.o)
 .data          0x008000ab        0x0 c:/avr-gcc/bin/../lib/gcc/avr/4.5.1/avr4\libgcc.a(_pack_sf.o)
 .data          0x008000ab        0x0 c:/avr-gcc/bin/../lib/gcc/avr/4.5.1/avr4\libgcc.a(_unpack_sf.o)
 .data          0x008000ab        0x0 c:/avr-gcc/bin/../lib/gcc/avr/4.5.1/avr4\libgcc.a(_fpcmp_parts_sf.o)
 .data          0x008000ab        0x0 c:/avr-gcc/bin/../lib/gcc/avr/4.5.1/../../../../avr/lib/avr4\libc.a(dtostrf.o)
 .data          0x008000ab        0x0 c:/avr-gcc/bin/../lib/gcc/avr/4.5.1/../../../../avr/lib/avr4\libc.a(atoi.o)
 .data          0x008000ab        0x0 c:/avr-gcc/bin/../lib/gcc/avr/4.5.1/../../../../avr/lib/avr4\libc.a(strcpy.o)
 .data          0x008000ab        0x0 c:/avr-gcc/bin/../lib/gcc/avr/4.5.1/../../../../avr/lib/avr4\libc.a(strlen.o)
 .data          0x008000ab        0x0 c:/avr-gcc/bin/../lib/gcc/avr/4.5.1/../../../../avr/lib/avr4\libc.a(itoa.o)
 .data          0x008000ab        0x0 c:/avr-gcc/bin/../lib/gcc/avr/4.5.1/../../../../avr/lib/avr4\libc.a(mul10.o)
 .data          0x008000ab        0x0 c:/avr-gcc/bin/../lib/gcc/avr/4.5.1/../../../../avr/lib/avr4\libc.a(dtoa_prf.o)
 .data          0x008000ab        0x0 c:/avr-gcc/bin/../lib/gcc/avr/4.5.1/../../../../avr/lib/avr4\libc.a(ftoa_engine.o)
 .data          0x008000ab        0x0 c:/avr-gcc/bin/../lib/gcc/avr/4.5.1/../../../../avr/lib/avr4\libc.a(strrev.o)
 *(.data*)
 .data.lcd_pos  0x008000ab        0x1 ./lcd_drv.o
                0x008000ab                lcd_pos
 .data.Mot1_8s  0x008000ac       0x12 ./main.o
                0x008000ac                Mot1_8s
 .data.Mot_minz
                0x008000be       0x10 ./main.o
                0x008000be                Mot_minz
 .data.M        0x008000ce      0x154 ./main.o
                0x008000ce                M
 .data.stan     0x00800222        0x4 ./main.o
                0x00800222                stan
 *(.rodata)
 *(.rodata*)
 *(.gnu.linkonce.d*)
                0x00800226                . = ALIGN (0x2)
                0x00800226                _edata = .
                0x00800226                PROVIDE (__data_end, .)

.bss            0x00800226       0xb9
                0x00800226                PROVIDE (__bss_start, .)
 *(.bss)
 .bss           0x00800226        0x0 c:/avr-gcc/bin/../lib/gcc/avr/4.5.1/../../../../avr/lib/avr4/crtm8.o
 .bss           0x00800226        0x0 ./lcd_drv.o
 .bss           0x00800226        0x0 ./main.o
 .bss           0x00800226        0x0 ./qw.o
 .bss           0x00800226        0x0 ./uart.o
 .bss           0x00800226        0x0 c:/avr-gcc/bin/../lib/gcc/avr/4.5.1/avr4\libgcc.a(_udivmodqi4.o)
 .bss           0x00800226        0x0 c:/avr-gcc/bin/../lib/gcc/avr/4.5.1/avr4\libgcc.a(_divmodhi4.o)
 .bss           0x00800226        0x0 c:/avr-gcc/bin/../lib/gcc/avr/4.5.1/avr4\libgcc.a(_exit.o)
 .bss           0x00800226        0x0 c:/avr-gcc/bin/../lib/gcc/avr/4.5.1/avr4\libgcc.a(_copy_data.o)
 .bss           0x00800226        0x0 c:/avr-gcc/bin/../lib/gcc/avr/4.5.1/avr4\libgcc.a(_clear_bss.o)
 .bss           0x00800226        0x0 c:/avr-gcc/bin/../lib/gcc/avr/4.5.1/avr4\libgcc.a(_fixunssfsi.o)
 .bss           0x00800226        0x0 c:/avr-gcc/bin/../lib/gcc/avr/4.5.1/avr4\libgcc.a(_addsub_sf.o)
 .bss           0x00800226        0x0 c:/avr-gcc/bin/../lib/gcc/avr/4.5.1/avr4\libgcc.a(_mul_sf.o)
 .bss           0x00800226        0x0 c:/avr-gcc/bin/../lib/gcc/avr/4.5.1/avr4\libgcc.a(_div_sf.o)
 .bss           0x00800226        0x0 c:/avr-gcc/bin/../lib/gcc/avr/4.5.1/avr4\libgcc.a(_gt_sf.o)
 .bss           0x00800226        0x0 c:/avr-gcc/bin/../lib/gcc/avr/4.5.1/avr4\libgcc.a(_ge_sf.o)
 .bss           0x00800226        0x0 c:/avr-gcc/bin/../lib/gcc/avr/4.5.1/avr4\libgcc.a(_lt_sf.o)
 .bss           0x00800226        0x0 c:/avr-gcc/bin/../lib/gcc/avr/4.5.1/avr4\libgcc.a(_sf_to_si.o)
 .bss           0x00800226        0x0 c:/avr-gcc/bin/../lib/gcc/avr/4.5.1/avr4\libgcc.a(_thenan_sf.o)
 .bss           0x00800226        0x0 c:/avr-gcc/bin/../lib/gcc/avr/4.5.1/avr4\libgcc.a(_udivmodhi4.o)
 .bss           0x00800226        0x0 c:/avr-gcc/bin/../lib/gcc/avr/4.5.1/avr4\libgcc.a(_prologue.o)
 .bss           0x00800226        0x0 c:/avr-gcc/bin/../lib/gcc/avr/4.5.1/avr4\libgcc.a(_epilogue.o)
 .bss           0x00800226        0x0 c:/avr-gcc/bin/../lib/gcc/avr/4.5.1/avr4\libgcc.a(_pack_sf.o)
 .bss           0x00800226        0x0 c:/avr-gcc/bin/../lib/gcc/avr/4.5.1/avr4\libgcc.a(_unpack_sf.o)
 .bss           0x00800226        0x0 c:/avr-gcc/bin/../lib/gcc/avr/4.5.1/avr4\libgcc.a(_fpcmp_parts_sf.o)
 .bss           0x00800226        0x0 c:/avr-gcc/bin/../lib/gcc/avr/4.5.1/../../../../avr/lib/avr4\libc.a(dtostrf.o)
 .bss           0x00800226        0x0 c:/avr-gcc/bin/../lib/gcc/avr/4.5.1/../../../../avr/lib/avr4\libc.a(atoi.o)
 .bss           0x00800226        0x0 c:/avr-gcc/bin/../lib/gcc/avr/4.5.1/../../../../avr/lib/avr4\libc.a(strcpy.o)
 .bss           0x00800226        0x0 c:/avr-gcc/bin/../lib/gcc/avr/4.5.1/../../../../avr/lib/avr4\libc.a(strlen.o)
 .bss           0x00800226        0x0 c:/avr-gcc/bin/../lib/gcc/avr/4.5.1/../../../../avr/lib/avr4\libc.a(itoa.o)
 .bss           0x00800226        0x0 c:/avr-gcc/bin/../lib/gcc/avr/4.5.1/../../../../avr/lib/avr4\libc.a(mul10.o)
 .bss           0x00800226        0x0 c:/avr-gcc/bin/../lib/gcc/avr/4.5.1/../../../../avr/lib/avr4\libc.a(dtoa_prf.o)
 .bss           0x00800226        0x0 c:/avr-gcc/bin/../lib/gcc/avr/4.5.1/../../../../avr/lib/avr4\libc.a(ftoa_engine.o)
 .bss           0x00800226        0x0 c:/avr-gcc/bin/../lib/gcc/avr/4.5.1/../../../../avr/lib/avr4\libc.a(strrev.o)
 *(.bss*)
 .bss.y         0x00800226        0x1 ./lcd_drv.o
                0x00800226                y
 .bss.t_cal     0x00800227        0x2 ./main.o
                0x00800227                t_cal
 .bss.kr        0x00800229        0x2 ./main.o
                0x00800229                kr
 .bss.auto_flag
                0x0080022b        0x2 ./main.o
                0x0080022b                auto_flag
 .bss.menu_flag
                0x0080022d        0x2 ./main.o
                0x0080022d                menu_flag
 .bss.zm_flag   0x0080022f        0x2 ./main.o
                0x0080022f                zm_flag
 .bss.click     0x00800231        0x2 ./main.o
                0x00800231                click
 .bss.obr       0x00800233        0x2 ./main.o
                0x00800233                obr
 .bss.menu_out  0x00800235        0x2 ./main.o
                0x00800235                menu_out
 .bss.vect      0x00800237        0x1 ./main.o
                0x00800237                vect
 .bss.Mot       0x00800238       0x12 ./main.o
                0x00800238                Mot
 .bss.num_el    0x0080024a        0x2 ./main.o
                0x0080024a                num_el
 .bss.aflag     0x0080024c        0x2 ./main.o
                0x0080024c                aflag
 .bss.counter   0x0080024e        0x2 ./main.o
                0x0080024e                counter
 .bss.flag0     0x00800250        0x2 ./main.o
                0x00800250                flag0
 .bss.flag1     0x00800252        0x2 ./main.o
                0x00800252                flag1
 .bss.UART_TxBuf
                0x00800254       0x20 ./uart.o
 .bss.UART_RxBuf
                0x00800274       0x20 ./uart.o
 .bss.UART_TxHead
                0x00800294        0x1 ./uart.o
 .bss.UART_TxTail
                0x00800295        0x1 ./uart.o
 .bss.UART_RxHead
                0x00800296        0x1 ./uart.o
 .bss.UART_RxTail
                0x00800297        0x1 ./uart.o
 .bss.UART_LastRxError
                0x00800298        0x1 ./uart.o
 .bss.UART_CmdLength
                0x00800299        0x1 ./uart.o
 *(COMMON)
 COMMON         0x0080029a        0x1 ./lcd_drv.o
                0x0080029a                x
 COMMON         0x0080029b       0x22 ./main.o
                0x0080029b                t_cpu
                0x0080029d                lp
                0x0080029e                t_cpuc
                0x008002a1                stan_poprz
                0x008002a2                t_gpuc
                0x008002a5                Mot1c
                0x008002a9                bufor
                0x008002aa                t_gpu
                0x008002ac                date
                0x008002b7                clock
 COMMON         0x008002bd       0x22 ./uart.o
                0x008002bd                bufi
                0x008002bf                buffer2
                0x008002c2                buffer
                0x008002c9                buffer5
                0x008002d4                buffer4
                0x008002d9                buffer3
                0x008002df                PROVIDE (__bss_end, .)
                0x0000450e                __data_load_start = LOADADDR (.data)
                0x000046d4                __data_load_end = (__data_load_start + SIZEOF (.data))

.noinit         0x008002df        0x0
                0x008002df                PROVIDE (__noinit_start, .)
 *(.noinit*)
                0x008002df                PROVIDE (__noinit_end, .)
                0x008002df                _end = .
                0x008002df                PROVIDE (__heap_start, .)

.eeprom         0x00810000        0x0
 *(.eeprom*)
                0x00810000                __eeprom_end = .

.stab           0x00000000     0x5688
 *(.stab)
 .stab          0x00000000      0x6cc c:/avr-gcc/bin/../lib/gcc/avr/4.5.1/../../../../avr/lib/avr4/crtm8.o
 .stab          0x000006cc     0x1440 ./lcd_drv.o
                               0x144c (size before relaxing)
 .stab          0x00001b0c     0x1aa0 ./main.o
                               0x1d1c (size before relaxing)
 .stab          0x000035ac       0xd8 ./qw.o
                                 0xe4 (size before relaxing)
 .stab          0x00003684     0x1068 ./uart.o
                               0x1338 (size before relaxing)
 .stab          0x000046ec      0x174 c:/avr-gcc/bin/../lib/gcc/avr/4.5.1/../../../../avr/lib/avr4\libc.a(atoi.o)
                                0x180 (size before relaxing)
 .stab          0x00004860       0x6c c:/avr-gcc/bin/../lib/gcc/avr/4.5.1/../../../../avr/lib/avr4\libc.a(strcpy.o)
                                 0x78 (size before relaxing)
 .stab          0x000048cc       0x84 c:/avr-gcc/bin/../lib/gcc/avr/4.5.1/../../../../avr/lib/avr4\libc.a(strlen.o)
                                 0x90 (size before relaxing)
 .stab          0x00004950      0x1b0 c:/avr-gcc/bin/../lib/gcc/avr/4.5.1/../../../../avr/lib/avr4\libc.a(itoa.o)
                                0x1bc (size before relaxing)
 .stab          0x00004b00       0x78 c:/avr-gcc/bin/../lib/gcc/avr/4.5.1/../../../../avr/lib/avr4\libc.a(mul10.o)
                                 0x84 (size before relaxing)
 .stab          0x00004b78      0xa38 c:/avr-gcc/bin/../lib/gcc/avr/4.5.1/../../../../avr/lib/avr4\libc.a(ftoa_engine.o)
                                0xa44 (size before relaxing)
 .stab          0x000055b0       0xd8 c:/avr-gcc/bin/../lib/gcc/avr/4.5.1/../../../../avr/lib/avr4\libc.a(strrev.o)
                                 0xe4 (size before relaxing)

.stabstr        0x00000000     0x16bb
 *(.stabstr)
 .stabstr       0x00000000     0x16bb c:/avr-gcc/bin/../lib/gcc/avr/4.5.1/../../../../avr/lib/avr4/crtm8.o

.stab.excl
 *(.stab.excl)

.stab.exclstr
 *(.stab.exclstr)

.stab.index
 *(.stab.index)

.stab.indexstr
 *(.stab.indexstr)

.comment
 *(.comment)

.debug
 *(.debug)

.line
 *(.line)

.debug_srcinfo
 *(.debug_srcinfo)

.debug_sfnames
 *(.debug_sfnames)

.debug_aranges  0x00000000      0x1a0
 *(.debug_aranges)
 .debug_aranges
                0x00000000       0x20 c:/avr-gcc/bin/../lib/gcc/avr/4.5.1/avr4\libgcc.a(_fixunssfsi.o)
 .debug_aranges
                0x00000020       0x20 c:/avr-gcc/bin/../lib/gcc/avr/4.5.1/avr4\libgcc.a(_addsub_sf.o)
 .debug_aranges
                0x00000040       0x20 c:/avr-gcc/bin/../lib/gcc/avr/4.5.1/avr4\libgcc.a(_mul_sf.o)
 .debug_aranges
                0x00000060       0x20 c:/avr-gcc/bin/../lib/gcc/avr/4.5.1/avr4\libgcc.a(_div_sf.o)
 .debug_aranges
                0x00000080       0x20 c:/avr-gcc/bin/../lib/gcc/avr/4.5.1/avr4\libgcc.a(_gt_sf.o)
 .debug_aranges
                0x000000a0       0x20 c:/avr-gcc/bin/../lib/gcc/avr/4.5.1/avr4\libgcc.a(_ge_sf.o)
 .debug_aranges
                0x000000c0       0x20 c:/avr-gcc/bin/../lib/gcc/avr/4.5.1/avr4\libgcc.a(_lt_sf.o)
 .debug_aranges
                0x000000e0       0x20 c:/avr-gcc/bin/../lib/gcc/avr/4.5.1/avr4\libgcc.a(_sf_to_si.o)
 .debug_aranges
                0x00000100       0x20 c:/avr-gcc/bin/../lib/gcc/avr/4.5.1/avr4\libgcc.a(_pack_sf.o)
 .debug_aranges
                0x00000120       0x20 c:/avr-gcc/bin/../lib/gcc/avr/4.5.1/avr4\libgcc.a(_unpack_sf.o)
 .debug_aranges
                0x00000140       0x20 c:/avr-gcc/bin/../lib/gcc/avr/4.5.1/avr4\libgcc.a(_fpcmp_parts_sf.o)
 .debug_aranges
                0x00000160       0x20 c:/avr-gcc/bin/../lib/gcc/avr/4.5.1/../../../../avr/lib/avr4\libc.a(dtostrf.o)
 .debug_aranges
                0x00000180       0x20 c:/avr-gcc/bin/../lib/gcc/avr/4.5.1/../../../../avr/lib/avr4\libc.a(dtoa_prf.o)

.debug_pubnames
                0x00000000      0x1cc
 *(.debug_pubnames)
 .debug_pubnames
                0x00000000       0x23 c:/avr-gcc/bin/../lib/gcc/avr/4.5.1/avr4\libgcc.a(_fixunssfsi.o)
 .debug_pubnames
                0x00000023       0x2c c:/avr-gcc/bin/../lib/gcc/avr/4.5.1/avr4\libgcc.a(_addsub_sf.o)
 .debug_pubnames
                0x0000004f       0x1f c:/avr-gcc/bin/../lib/gcc/avr/4.5.1/avr4\libgcc.a(_mul_sf.o)
 .debug_pubnames
                0x0000006e       0x1f c:/avr-gcc/bin/../lib/gcc/avr/4.5.1/avr4\libgcc.a(_div_sf.o)
 .debug_pubnames
                0x0000008d       0x1e c:/avr-gcc/bin/../lib/gcc/avr/4.5.1/avr4\libgcc.a(_gt_sf.o)
 .debug_pubnames
                0x000000ab       0x1e c:/avr-gcc/bin/../lib/gcc/avr/4.5.1/avr4\libgcc.a(_ge_sf.o)
 .debug_pubnames
                0x000000c9       0x1e c:/avr-gcc/bin/../lib/gcc/avr/4.5.1/avr4\libgcc.a(_lt_sf.o)
 .debug_pubnames
                0x000000e7       0x20 c:/avr-gcc/bin/../lib/gcc/avr/4.5.1/avr4\libgcc.a(_sf_to_si.o)
 .debug_pubnames
                0x00000107       0x22 c:/avr-gcc/bin/../lib/gcc/avr/4.5.1/avr4\libgcc.a(_thenan_sf.o)
 .debug_pubnames
                0x00000129       0x1f c:/avr-gcc/bin/../lib/gcc/avr/4.5.1/avr4\libgcc.a(_pack_sf.o)
 .debug_pubnames
                0x00000148       0x21 c:/avr-gcc/bin/../lib/gcc/avr/4.5.1/avr4\libgcc.a(_unpack_sf.o)
 .debug_pubnames
                0x00000169       0x26 c:/avr-gcc/bin/../lib/gcc/avr/4.5.1/avr4\libgcc.a(_fpcmp_parts_sf.o)
 .debug_pubnames
                0x0000018f       0x1e c:/avr-gcc/bin/../lib/gcc/avr/4.5.1/../../../../avr/lib/avr4\libc.a(dtostrf.o)
 .debug_pubnames
                0x000001ad       0x1f c:/avr-gcc/bin/../lib/gcc/avr/4.5.1/../../../../avr/lib/avr4\libc.a(dtoa_prf.o)

.debug_info     0x00000000     0x216a
 *(.debug_info)
 .debug_info    0x00000000       0xbd c:/avr-gcc/bin/../lib/gcc/avr/4.5.1/avr4\libgcc.a(_fixunssfsi.o)
 .debug_info    0x000000bd      0x455 c:/avr-gcc/bin/../lib/gcc/avr/4.5.1/avr4\libgcc.a(_addsub_sf.o)
 .debug_info    0x00000512      0x3ec c:/avr-gcc/bin/../lib/gcc/avr/4.5.1/avr4\libgcc.a(_mul_sf.o)
 .debug_info    0x000008fe      0x37f c:/avr-gcc/bin/../lib/gcc/avr/4.5.1/avr4\libgcc.a(_div_sf.o)
 .debug_info    0x00000c7d      0x28a c:/avr-gcc/bin/../lib/gcc/avr/4.5.1/avr4\libgcc.a(_gt_sf.o)
 .debug_info    0x00000f07      0x28a c:/avr-gcc/bin/../lib/gcc/avr/4.5.1/avr4\libgcc.a(_ge_sf.o)
 .debug_info    0x00001191      0x28a c:/avr-gcc/bin/../lib/gcc/avr/4.5.1/avr4\libgcc.a(_lt_sf.o)
 .debug_info    0x0000141b      0x2a5 c:/avr-gcc/bin/../lib/gcc/avr/4.5.1/avr4\libgcc.a(_sf_to_si.o)
 .debug_info    0x000016c0      0x15e c:/avr-gcc/bin/../lib/gcc/avr/4.5.1/avr4\libgcc.a(_thenan_sf.o)
 .debug_info    0x0000181e      0x2d9 c:/avr-gcc/bin/../lib/gcc/avr/4.5.1/avr4\libgcc.a(_pack_sf.o)
 .debug_info    0x00001af7      0x25c c:/avr-gcc/bin/../lib/gcc/avr/4.5.1/avr4\libgcc.a(_unpack_sf.o)
 .debug_info    0x00001d53      0x1f1 c:/avr-gcc/bin/../lib/gcc/avr/4.5.1/avr4\libgcc.a(_fpcmp_parts_sf.o)
 .debug_info    0x00001f44       0xdf c:/avr-gcc/bin/../lib/gcc/avr/4.5.1/../../../../avr/lib/avr4\libc.a(dtostrf.o)
 .debug_info    0x00002023      0x147 c:/avr-gcc/bin/../lib/gcc/avr/4.5.1/../../../../avr/lib/avr4\libc.a(dtoa_prf.o)
 *(.gnu.linkonce.wi.*)

.debug_abbrev   0x00000000     0x10d1
 *(.debug_abbrev)
 .debug_abbrev  0x00000000       0x5d c:/avr-gcc/bin/../lib/gcc/avr/4.5.1/avr4\libgcc.a(_fixunssfsi.o)
 .debug_abbrev  0x0000005d      0x1af c:/avr-gcc/bin/../lib/gcc/avr/4.5.1/avr4\libgcc.a(_addsub_sf.o)
 .debug_abbrev  0x0000020c      0x1d9 c:/avr-gcc/bin/../lib/gcc/avr/4.5.1/avr4\libgcc.a(_mul_sf.o)
 .debug_abbrev  0x000003e5      0x1c4 c:/avr-gcc/bin/../lib/gcc/avr/4.5.1/avr4\libgcc.a(_div_sf.o)
 .debug_abbrev  0x000005a9      0x151 c:/avr-gcc/bin/../lib/gcc/avr/4.5.1/avr4\libgcc.a(_gt_sf.o)
 .debug_abbrev  0x000006fa      0x151 c:/avr-gcc/bin/../lib/gcc/avr/4.5.1/avr4\libgcc.a(_ge_sf.o)
 .debug_abbrev  0x0000084b      0x151 c:/avr-gcc/bin/../lib/gcc/avr/4.5.1/avr4\libgcc.a(_lt_sf.o)
 .debug_abbrev  0x0000099c      0x160 c:/avr-gcc/bin/../lib/gcc/avr/4.5.1/avr4\libgcc.a(_sf_to_si.o)
 .debug_abbrev  0x00000afc       0xcb c:/avr-gcc/bin/../lib/gcc/avr/4.5.1/avr4\libgcc.a(_thenan_sf.o)
 .debug_abbrev  0x00000bc7      0x185 c:/avr-gcc/bin/../lib/gcc/avr/4.5.1/avr4\libgcc.a(_pack_sf.o)
 .debug_abbrev  0x00000d4c      0x14b c:/avr-gcc/bin/../lib/gcc/avr/4.5.1/avr4\libgcc.a(_unpack_sf.o)
 .debug_abbrev  0x00000e97      0x10b c:/avr-gcc/bin/../lib/gcc/avr/4.5.1/avr4\libgcc.a(_fpcmp_parts_sf.o)
 .debug_abbrev  0x00000fa2       0x7b c:/avr-gcc/bin/../lib/gcc/avr/4.5.1/../../../../avr/lib/avr4\libc.a(dtostrf.o)
 .debug_abbrev  0x0000101d       0xb4 c:/avr-gcc/bin/../lib/gcc/avr/4.5.1/../../../../avr/lib/avr4\libc.a(dtoa_prf.o)

.debug_line     0x00000000     0x151c
 *(.debug_line)
 .debug_line    0x00000000       0xa0 c:/avr-gcc/bin/../lib/gcc/avr/4.5.1/avr4\libgcc.a(_fixunssfsi.o)
 .debug_line    0x000000a0      0x2c5 c:/avr-gcc/bin/../lib/gcc/avr/4.5.1/avr4\libgcc.a(_addsub_sf.o)
 .debug_line    0x00000365      0x261 c:/avr-gcc/bin/../lib/gcc/avr/4.5.1/avr4\libgcc.a(_mul_sf.o)
 .debug_line    0x000005c6      0x1e7 c:/avr-gcc/bin/../lib/gcc/avr/4.5.1/avr4\libgcc.a(_div_sf.o)
 .debug_line    0x000007ad       0xdc c:/avr-gcc/bin/../lib/gcc/avr/4.5.1/avr4\libgcc.a(_gt_sf.o)
 .debug_line    0x00000889       0xdc c:/avr-gcc/bin/../lib/gcc/avr/4.5.1/avr4\libgcc.a(_ge_sf.o)
 .debug_line    0x00000965       0xdc c:/avr-gcc/bin/../lib/gcc/avr/4.5.1/avr4\libgcc.a(_lt_sf.o)
 .debug_line    0x00000a41      0x116 c:/avr-gcc/bin/../lib/gcc/avr/4.5.1/avr4\libgcc.a(_sf_to_si.o)
 .debug_line    0x00000b57       0x89 c:/avr-gcc/bin/../lib/gcc/avr/4.5.1/avr4\libgcc.a(_thenan_sf.o)
 .debug_line    0x00000be0      0x1cc c:/avr-gcc/bin/../lib/gcc/avr/4.5.1/avr4\libgcc.a(_pack_sf.o)
 .debug_line    0x00000dac      0x14c c:/avr-gcc/bin/../lib/gcc/avr/4.5.1/avr4\libgcc.a(_unpack_sf.o)
 .debug_line    0x00000ef8      0x150 c:/avr-gcc/bin/../lib/gcc/avr/4.5.1/avr4\libgcc.a(_fpcmp_parts_sf.o)
 .debug_line    0x00001048       0x8d c:/avr-gcc/bin/../lib/gcc/avr/4.5.1/../../../../avr/lib/avr4\libc.a(dtostrf.o)
 .debug_line    0x000010d5      0x447 c:/avr-gcc/bin/../lib/gcc/avr/4.5.1/../../../../avr/lib/avr4\libc.a(dtoa_prf.o)

.debug_frame    0x00000000      0x1c0
 *(.debug_frame)
 .debug_frame   0x00000000       0x20 c:/avr-gcc/bin/../lib/gcc/avr/4.5.1/avr4\libgcc.a(_fixunssfsi.o)
 .debug_frame   0x00000020       0x40 c:/avr-gcc/bin/../lib/gcc/avr/4.5.1/avr4\libgcc.a(_addsub_sf.o)
 .debug_frame   0x00000060       0x20 c:/avr-gcc/bin/../lib/gcc/avr/4.5.1/avr4\libgcc.a(_mul_sf.o)
 .debug_frame   0x00000080       0x20 c:/avr-gcc/bin/../lib/gcc/avr/4.5.1/avr4\libgcc.a(_div_sf.o)
 .debug_frame   0x000000a0       0x20 c:/avr-gcc/bin/../lib/gcc/avr/4.5.1/avr4\libgcc.a(_gt_sf.o)
 .debug_frame   0x000000c0       0x20 c:/avr-gcc/bin/../lib/gcc/avr/4.5.1/avr4\libgcc.a(_ge_sf.o)
 .debug_frame   0x000000e0       0x20 c:/avr-gcc/bin/../lib/gcc/avr/4.5.1/avr4\libgcc.a(_lt_sf.o)
 .debug_frame   0x00000100       0x20 c:/avr-gcc/bin/../lib/gcc/avr/4.5.1/avr4\libgcc.a(_sf_to_si.o)
 .debug_frame   0x00000120       0x20 c:/avr-gcc/bin/../lib/gcc/avr/4.5.1/avr4\libgcc.a(_pack_sf.o)
 .debug_frame   0x00000140       0x20 c:/avr-gcc/bin/../lib/gcc/avr/4.5.1/avr4\libgcc.a(_unpack_sf.o)
 .debug_frame   0x00000160       0x20 c:/avr-gcc/bin/../lib/gcc/avr/4.5.1/avr4\libgcc.a(_fpcmp_parts_sf.o)
 .debug_frame   0x00000180       0x20 c:/avr-gcc/bin/../lib/gcc/avr/4.5.1/../../../../avr/lib/avr4\libc.a(dtostrf.o)
 .debug_frame   0x000001a0       0x20 c:/avr-gcc/bin/../lib/gcc/avr/4.5.1/../../../../avr/lib/avr4\libc.a(dtoa_prf.o)

.debug_str      0x00000000      0x3a7
 *(.debug_str)
 .debug_str     0x00000000       0xd2 c:/avr-gcc/bin/../lib/gcc/avr/4.5.1/avr4\libgcc.a(_fixunssfsi.o)
                                0x118 (size before relaxing)
 .debug_str     0x000000d2      0x155 c:/avr-gcc/bin/../lib/gcc/avr/4.5.1/avr4\libgcc.a(_addsub_sf.o)
                                0x22b (size before relaxing)
 .debug_str     0x00000227       0x27 c:/avr-gcc/bin/../lib/gcc/avr/4.5.1/avr4\libgcc.a(_mul_sf.o)
                                0x1e4 (size before relaxing)
 .debug_str     0x0000024e       0x35 c:/avr-gcc/bin/../lib/gcc/avr/4.5.1/avr4\libgcc.a(_div_sf.o)
                                0x1ed (size before relaxing)
 .debug_str     0x00000283        0xf c:/avr-gcc/bin/../lib/gcc/avr/4.5.1/avr4\libgcc.a(_gt_sf.o)
                                0x1b2 (size before relaxing)
 .debug_str     0x00000292        0x8 c:/avr-gcc/bin/../lib/gcc/avr/4.5.1/avr4\libgcc.a(_ge_sf.o)
                                0x1b2 (size before relaxing)
 .debug_str     0x0000029a        0x8 c:/avr-gcc/bin/../lib/gcc/avr/4.5.1/avr4\libgcc.a(_lt_sf.o)
                                0x1b2 (size before relaxing)
 .debug_str     0x000002a2        0xa c:/avr-gcc/bin/../lib/gcc/avr/4.5.1/avr4\libgcc.a(_sf_to_si.o)
                                0x1bb (size before relaxing)
 .debug_str     0x00000000      0x15d c:/avr-gcc/bin/../lib/gcc/avr/4.5.1/avr4\libgcc.a(_thenan_sf.o)
 .debug_str     0x000002ac       0x16 c:/avr-gcc/bin/../lib/gcc/avr/4.5.1/avr4\libgcc.a(_pack_sf.o)
                                0x1ba (size before relaxing)
 .debug_str     0x000002c2        0xb c:/avr-gcc/bin/../lib/gcc/avr/4.5.1/avr4\libgcc.a(_unpack_sf.o)
                                0x19c (size before relaxing)
 .debug_str     0x000002cd       0x10 c:/avr-gcc/bin/../lib/gcc/avr/4.5.1/avr4\libgcc.a(_fpcmp_parts_sf.o)
                                0x180 (size before relaxing)
 .debug_str     0x000002dd       0x95 c:/avr-gcc/bin/../lib/gcc/avr/4.5.1/../../../../avr/lib/avr4\libc.a(dtostrf.o)
                                0x101 (size before relaxing)
 .debug_str     0x00000372       0x35 c:/avr-gcc/bin/../lib/gcc/avr/4.5.1/../../../../avr/lib/avr4\libc.a(dtoa_prf.o)
                                0x10f (size before relaxing)

.debug_loc      0x00000000     0x1226
 *(.debug_loc)
 .debug_loc     0x00000000       0x34 c:/avr-gcc/bin/../lib/gcc/avr/4.5.1/avr4\libgcc.a(_fixunssfsi.o)
 .debug_loc     0x00000034      0x31d c:/avr-gcc/bin/../lib/gcc/avr/4.5.1/avr4\libgcc.a(_addsub_sf.o)
 .debug_loc     0x00000351      0x2a4 c:/avr-gcc/bin/../lib/gcc/avr/4.5.1/avr4\libgcc.a(_mul_sf.o)
 .debug_loc     0x000005f5      0x1ac c:/avr-gcc/bin/../lib/gcc/avr/4.5.1/avr4\libgcc.a(_div_sf.o)
 .debug_loc     0x000007a1       0x48 c:/avr-gcc/bin/../lib/gcc/avr/4.5.1/avr4\libgcc.a(_gt_sf.o)
 .debug_loc     0x000007e9       0x48 c:/avr-gcc/bin/../lib/gcc/avr/4.5.1/avr4\libgcc.a(_ge_sf.o)
 .debug_loc     0x00000831       0x48 c:/avr-gcc/bin/../lib/gcc/avr/4.5.1/avr4\libgcc.a(_lt_sf.o)
 .debug_loc     0x00000879       0x56 c:/avr-gcc/bin/../lib/gcc/avr/4.5.1/avr4\libgcc.a(_sf_to_si.o)
 .debug_loc     0x000008cf      0x1f5 c:/avr-gcc/bin/../lib/gcc/avr/4.5.1/avr4\libgcc.a(_pack_sf.o)
 .debug_loc     0x00000ac4      0x111 c:/avr-gcc/bin/../lib/gcc/avr/4.5.1/avr4\libgcc.a(_unpack_sf.o)
 .debug_loc     0x00000bd5       0x50 c:/avr-gcc/bin/../lib/gcc/avr/4.5.1/avr4\libgcc.a(_fpcmp_parts_sf.o)
 .debug_loc     0x00000c25       0x90 c:/avr-gcc/bin/../lib/gcc/avr/4.5.1/../../../../avr/lib/avr4\libc.a(dtostrf.o)
 .debug_loc     0x00000cb5      0x571 c:/avr-gcc/bin/../lib/gcc/avr/4.5.1/../../../../avr/lib/avr4\libc.a(dtoa_prf.o)

.debug_macinfo
 *(.debug_macinfo)
OUTPUT(test.elf elf32-avr)
LOAD linker stubs

.debug_pubtypes
                0x00000000      0x607
 .debug_pubtypes
                0x00000000       0x34 c:/avr-gcc/bin/../lib/gcc/avr/4.5.1/avr4\libgcc.a(_fixunssfsi.o)
 .debug_pubtypes
                0x00000034       0x9d c:/avr-gcc/bin/../lib/gcc/avr/4.5.1/avr4\libgcc.a(_addsub_sf.o)
 .debug_pubtypes
                0x000000d1       0x86 c:/avr-gcc/bin/../lib/gcc/avr/4.5.1/avr4\libgcc.a(_mul_sf.o)
 .debug_pubtypes
                0x00000157       0x86 c:/avr-gcc/bin/../lib/gcc/avr/4.5.1/avr4\libgcc.a(_div_sf.o)
 .debug_pubtypes
                0x000001dd       0x91 c:/avr-gcc/bin/../lib/gcc/avr/4.5.1/avr4\libgcc.a(_gt_sf.o)
 .debug_pubtypes
                0x0000026e       0x91 c:/avr-gcc/bin/../lib/gcc/avr/4.5.1/avr4\libgcc.a(_ge_sf.o)
 .debug_pubtypes
                0x000002ff       0x91 c:/avr-gcc/bin/../lib/gcc/avr/4.5.1/avr4\libgcc.a(_lt_sf.o)
 .debug_pubtypes
                0x00000390       0x91 c:/avr-gcc/bin/../lib/gcc/avr/4.5.1/avr4\libgcc.a(_sf_to_si.o)
 .debug_pubtypes
                0x00000421       0x5b c:/avr-gcc/bin/../lib/gcc/avr/4.5.1/avr4\libgcc.a(_thenan_sf.o)
 .debug_pubtypes
                0x0000047c       0x86 c:/avr-gcc/bin/../lib/gcc/avr/4.5.1/avr4\libgcc.a(_pack_sf.o)
 .debug_pubtypes
                0x00000502       0x86 c:/avr-gcc/bin/../lib/gcc/avr/4.5.1/avr4\libgcc.a(_unpack_sf.o)
 .debug_pubtypes
                0x00000588       0x5b c:/avr-gcc/bin/../lib/gcc/avr/4.5.1/avr4\libgcc.a(_fpcmp_parts_sf.o)
 .debug_pubtypes
                0x000005e3       0x12 c:/avr-gcc/bin/../lib/gcc/avr/4.5.1/../../../../avr/lib/avr4\libc.a(dtostrf.o)
 .debug_pubtypes
                0x000005f5       0x12 c:/avr-gcc/bin/../lib/gcc/avr/4.5.1/../../../../avr/lib/avr4\libc.a(dtoa_prf.o)

.debug_ranges   0x00000000       0x88
 .debug_ranges  0x00000000       0x30 c:/avr-gcc/bin/../lib/gcc/avr/4.5.1/avr4\libgcc.a(_mul_sf.o)
 .debug_ranges  0x00000030       0x38 c:/avr-gcc/bin/../lib/gcc/avr/4.5.1/avr4\libgcc.a(_div_sf.o)
 .debug_ranges  0x00000068       0x10 c:/avr-gcc/bin/../lib/gcc/avr/4.5.1/../../../../avr/lib/avr4\libc.a(dtostrf.o)
 .debug_ranges  0x00000078       0x10 c:/avr-gcc/bin/../lib/gcc/avr/4.5.1/../../../../avr/lib/avr4\libc.a(dtoa_prf.o)
