Archive member included because of file (symbol)

c:/avr-gcc/bin/../lib/gcc/avr/4.5.1/avr5\libgcc.a(_udivmodqi4.o)
                              ./lcd_drv.o (__udivmodqi4)
c:/avr-gcc/bin/../lib/gcc/avr/4.5.1/avr5\libgcc.a(_divmodhi4.o)
                              ./lcd_drv.o (__divmodhi4)
c:/avr-gcc/bin/../lib/gcc/avr/4.5.1/avr5\libgcc.a(_exit.o)
                              c:/avr-gcc/bin/../lib/gcc/avr/4.5.1/../../../../avr/lib/avr5/crtm644p.o (exit)
c:/avr-gcc/bin/../lib/gcc/avr/4.5.1/avr5\libgcc.a(_copy_data.o)
                              ./DS18B20.o (__do_copy_data)
c:/avr-gcc/bin/../lib/gcc/avr/4.5.1/avr5\libgcc.a(_clear_bss.o)
                              ./DS18B20.o (__do_clear_bss)
c:/avr-gcc/bin/../lib/gcc/avr/4.5.1/avr5\libgcc.a(_addsub_sf.o)
                              ./DS18B20.o (__subsf3)
c:/avr-gcc/bin/../lib/gcc/avr/4.5.1/avr5\libgcc.a(_mul_sf.o)
                              ./DS18B20.o (__mulsf3)
c:/avr-gcc/bin/../lib/gcc/avr/4.5.1/avr5\libgcc.a(_gt_sf.o)
                              ./DS18B20.o (__gtsf2)
c:/avr-gcc/bin/../lib/gcc/avr/4.5.1/avr5\libgcc.a(_lt_sf.o)
                              ./DS18B20.o (__ltsf2)
c:/avr-gcc/bin/../lib/gcc/avr/4.5.1/avr5\libgcc.a(_le_sf.o)
                              ./DS18B20.o (__lesf2)
c:/avr-gcc/bin/../lib/gcc/avr/4.5.1/avr5\libgcc.a(_si_to_sf.o)
                              ./DS18B20.o (__floatsisf)
c:/avr-gcc/bin/../lib/gcc/avr/4.5.1/avr5\libgcc.a(_thenan_sf.o)
                              c:/avr-gcc/bin/../lib/gcc/avr/4.5.1/avr5\libgcc.a(_addsub_sf.o) (__thenan_sf)
c:/avr-gcc/bin/../lib/gcc/avr/4.5.1/avr5\libgcc.a(_udivmodhi4.o)
                              c:/avr-gcc/bin/../lib/gcc/avr/4.5.1/avr5\libgcc.a(_divmodhi4.o) (__udivmodhi4)
c:/avr-gcc/bin/../lib/gcc/avr/4.5.1/avr5\libgcc.a(_prologue.o)
                              c:/avr-gcc/bin/../lib/gcc/avr/4.5.1/avr5\libgcc.a(_addsub_sf.o) (__prologue_saves__)
c:/avr-gcc/bin/../lib/gcc/avr/4.5.1/avr5\libgcc.a(_epilogue.o)
                              c:/avr-gcc/bin/../lib/gcc/avr/4.5.1/avr5\libgcc.a(_addsub_sf.o) (__epilogue_restores__)
c:/avr-gcc/bin/../lib/gcc/avr/4.5.1/avr5\libgcc.a(_clzsi2.o)
                              c:/avr-gcc/bin/../lib/gcc/avr/4.5.1/avr5\libgcc.a(_si_to_sf.o) (__clzsi2)
c:/avr-gcc/bin/../lib/gcc/avr/4.5.1/avr5\libgcc.a(_pack_sf.o)
                              c:/avr-gcc/bin/../lib/gcc/avr/4.5.1/avr5\libgcc.a(_addsub_sf.o) (__pack_f)
c:/avr-gcc/bin/../lib/gcc/avr/4.5.1/avr5\libgcc.a(_unpack_sf.o)
                              c:/avr-gcc/bin/../lib/gcc/avr/4.5.1/avr5\libgcc.a(_addsub_sf.o) (__unpack_f)
c:/avr-gcc/bin/../lib/gcc/avr/4.5.1/avr5\libgcc.a(_fpcmp_parts_sf.o)
                              c:/avr-gcc/bin/../lib/gcc/avr/4.5.1/avr5\libgcc.a(_gt_sf.o) (__fpcmp_parts_f)
c:/avr-gcc/bin/../lib/gcc/avr/4.5.1/avr5\libgcc.a(_clz.o)
                              c:/avr-gcc/bin/../lib/gcc/avr/4.5.1/avr5\libgcc.a(_clzsi2.o) (__clz_tab)
c:/avr-gcc/bin/../lib/gcc/avr/4.5.1/../../../../avr/lib/avr5\libc.a(dtostrf.o)
                              ./DS18B20.o (dtostrf)
c:/avr-gcc/bin/../lib/gcc/avr/4.5.1/../../../../avr/lib/avr5\libc.a(dtoa_prf.o)
                              c:/avr-gcc/bin/../lib/gcc/avr/4.5.1/../../../../avr/lib/avr5\libc.a(dtostrf.o) (dtoa_prf)
c:/avr-gcc/bin/../lib/gcc/avr/4.5.1/../../../../avr/lib/avr5\libc.a(ftoa_engine.o)
                              c:/avr-gcc/bin/../lib/gcc/avr/4.5.1/../../../../avr/lib/avr5\libc.a(dtoa_prf.o) (__ftoa_engine)

Allocating common symbols
Common symbol       size              file

x                   0x1               ./lcd_drv.o

Memory Configuration

Name             Origin             Length             Attributes
text             0x00000000         0x00020000         xr
data             0x00800060         0x0000ffa0         rw !x
eeprom           0x00810000         0x00010000         rw !x
*default*        0x00000000         0xffffffff

Linker script and memory map

Address of section .data set to 0x800100
LOAD c:/avr-gcc/bin/../lib/gcc/avr/4.5.1/../../../../avr/lib/avr5/crtm644p.o
LOAD ./DS18B20.o
LOAD ./lcd_drv.o
LOAD ./main.o
LOAD ./uart.o
LOAD c:/avr-gcc/bin/../lib/gcc/avr/4.5.1/avr5\libgcc.a
LOAD c:/avr-gcc/bin/../lib/gcc/avr/4.5.1/../../../../avr/lib/avr5\libc.a
LOAD c:/avr-gcc/bin/../lib/gcc/avr/4.5.1/avr5\libgcc.a

.hash
 *(.hash)

.dynsym
 *(.dynsym)

.dynstr
 *(.dynstr)

.gnu.version
 *(.gnu.version)

.gnu.version_d
 *(.gnu.version_d)

.gnu.version_r
 *(.gnu.version_r)

.rel.init
 *(.rel.init)

.rela.init
 *(.rela.init)

.rel.text
 *(.rel.text)
 *(.rel.text.*)
 *(.rel.gnu.linkonce.t*)

.rela.text
 *(.rela.text)
 *(.rela.text.*)
 *(.rela.gnu.linkonce.t*)

.rel.fini
 *(.rel.fini)

.rela.fini
 *(.rela.fini)

.rel.rodata
 *(.rel.rodata)
 *(.rel.rodata.*)
 *(.rel.gnu.linkonce.r*)

.rela.rodata
 *(.rela.rodata)
 *(.rela.rodata.*)
 *(.rela.gnu.linkonce.r*)

.rel.data
 *(.rel.data)
 *(.rel.data.*)
 *(.rel.gnu.linkonce.d*)

.rela.data
 *(.rela.data)
 *(.rela.data.*)
 *(.rela.gnu.linkonce.d*)

.rel.ctors
 *(.rel.ctors)

.rela.ctors
 *(.rela.ctors)

.rel.dtors
 *(.rel.dtors)

.rela.dtors
 *(.rela.dtors)

.rel.got
 *(.rel.got)

.rela.got
 *(.rela.got)

.rel.bss
 *(.rel.bss)

.rela.bss
 *(.rela.bss)

.rel.plt
 *(.rel.plt)

.rela.plt
 *(.rela.plt)

.text           0x00000000     0x20a8
 *(.vectors)
 .vectors       0x00000000       0x7c c:/avr-gcc/bin/../lib/gcc/avr/4.5.1/../../../../avr/lib/avr5/crtm644p.o
                0x00000000                __vector_default
                0x00000000                __vectors
 *(.vectors)
 *(.progmem.gcc*)
 *(.progmem*)
 .progmem.data  0x0000007c       0xfa c:/avr-gcc/bin/../lib/gcc/avr/4.5.1/../../../../avr/lib/avr5\libc.a(ftoa_engine.o)
                0x00000176                . = ALIGN (0x2)
                0x00000176                __trampolines_start = .
 *(.trampolines)
 .trampolines   0x00000176        0x0 linker stubs
 *(.trampolines*)
                0x00000176                __trampolines_end = .
 *(.jumptables)
 *(.jumptables*)
 *(.lowtext)
 *(.lowtext*)
                0x00000176                __ctors_start = .
 *(.ctors)
                0x00000176                __ctors_end = .
                0x00000176                __dtors_start = .
 *(.dtors)
                0x00000176                __dtors_end = .
 SORT(*)(.ctors)
 SORT(*)(.dtors)
 *(.init0)
 .init0         0x00000176        0x0 c:/avr-gcc/bin/../lib/gcc/avr/4.5.1/../../../../avr/lib/avr5/crtm644p.o
                0x00000176                __init
 *(.init0)
 *(.init1)
 *(.init1)
 *(.init2)
 .init2         0x00000176        0xc c:/avr-gcc/bin/../lib/gcc/avr/4.5.1/../../../../avr/lib/avr5/crtm644p.o
 *(.init2)
 *(.init3)
 *(.init3)
 *(.init4)
 .init4         0x00000182       0x16 c:/avr-gcc/bin/../lib/gcc/avr/4.5.1/avr5\libgcc.a(_copy_data.o)
                0x00000182                __do_copy_data
 .init4         0x00000198       0x10 c:/avr-gcc/bin/../lib/gcc/avr/4.5.1/avr5\libgcc.a(_clear_bss.o)
                0x00000198                __do_clear_bss
 *(.init4)
 *(.init5)
 *(.init5)
 *(.init6)
 *(.init6)
 *(.init7)
 *(.init7)
 *(.init8)
 *(.init8)
 *(.init9)
 .init9         0x000001a8        0x8 c:/avr-gcc/bin/../lib/gcc/avr/4.5.1/../../../../avr/lib/avr5/crtm644p.o
 *(.init9)
 *(.text)
 .text          0x000001b0        0x4 c:/avr-gcc/bin/../lib/gcc/avr/4.5.1/../../../../avr/lib/avr5/crtm644p.o
                0x000001b0                __vector_22
                0x000001b0                __vector_1
                0x000001b0                __vector_24
                0x000001b0                __vector_12
                0x000001b0                __bad_interrupt
                0x000001b0                __vector_6
                0x000001b0                __vector_3
                0x000001b0                __vector_23
                0x000001b0                __vector_30
                0x000001b0                __vector_25
                0x000001b0                __vector_11
                0x000001b0                __vector_13
                0x000001b0                __vector_17
                0x000001b0                __vector_19
                0x000001b0                __vector_7
                0x000001b0                __vector_27
                0x000001b0                __vector_5
                0x000001b0                __vector_4
                0x000001b0                __vector_9
                0x000001b0                __vector_2
                0x000001b0                __vector_15
                0x000001b0                __vector_8
                0x000001b0                __vector_26
                0x000001b0                __vector_14
                0x000001b0                __vector_10
                0x000001b0                __vector_16
                0x000001b0                __vector_18
 .text          0x000001b4        0x0 ./DS18B20.o
 .text          0x000001b4        0x0 ./lcd_drv.o
 .text          0x000001b4        0x0 ./main.o
 .text          0x000001b4        0x0 ./uart.o
 .text          0x000001b4        0x0 c:/avr-gcc/bin/../lib/gcc/avr/4.5.1/avr5\libgcc.a(_udivmodqi4.o)
 .text          0x000001b4        0x0 c:/avr-gcc/bin/../lib/gcc/avr/4.5.1/avr5\libgcc.a(_divmodhi4.o)
 .text          0x000001b4        0x0 c:/avr-gcc/bin/../lib/gcc/avr/4.5.1/avr5\libgcc.a(_exit.o)
 .text          0x000001b4        0x0 c:/avr-gcc/bin/../lib/gcc/avr/4.5.1/avr5\libgcc.a(_copy_data.o)
 .text          0x000001b4        0x0 c:/avr-gcc/bin/../lib/gcc/avr/4.5.1/avr5\libgcc.a(_clear_bss.o)
 .text          0x000001b4      0x354 c:/avr-gcc/bin/../lib/gcc/avr/4.5.1/avr5\libgcc.a(_addsub_sf.o)
                0x0000044c                __addsf3
                0x000004a6                __subsf3
 .text          0x00000508      0x1fa c:/avr-gcc/bin/../lib/gcc/avr/4.5.1/avr5\libgcc.a(_mul_sf.o)
                0x00000508                __mulsf3
 .text          0x00000702       0x60 c:/avr-gcc/bin/../lib/gcc/avr/4.5.1/avr5\libgcc.a(_gt_sf.o)
                0x00000702                __gtsf2
 .text          0x00000762       0x60 c:/avr-gcc/bin/../lib/gcc/avr/4.5.1/avr5\libgcc.a(_lt_sf.o)
                0x00000762                __ltsf2
 .text          0x000007c2       0x60 c:/avr-gcc/bin/../lib/gcc/avr/4.5.1/avr5\libgcc.a(_le_sf.o)
                0x000007c2                __lesf2
 .text          0x00000822       0xc0 c:/avr-gcc/bin/../lib/gcc/avr/4.5.1/avr5\libgcc.a(_si_to_sf.o)
                0x00000822                __floatsisf
 .text          0x000008e2        0x0 c:/avr-gcc/bin/../lib/gcc/avr/4.5.1/avr5\libgcc.a(_thenan_sf.o)
 .text          0x000008e2        0x0 c:/avr-gcc/bin/../lib/gcc/avr/4.5.1/avr5\libgcc.a(_udivmodhi4.o)
 .text          0x000008e2        0x0 c:/avr-gcc/bin/../lib/gcc/avr/4.5.1/avr5\libgcc.a(_prologue.o)
 .text          0x000008e2        0x0 c:/avr-gcc/bin/../lib/gcc/avr/4.5.1/avr5\libgcc.a(_epilogue.o)
 .text          0x000008e2       0xb6 c:/avr-gcc/bin/../lib/gcc/avr/4.5.1/avr5\libgcc.a(_clzsi2.o)
                0x000008e2                __clzsi2
 .text          0x00000998      0x1a2 c:/avr-gcc/bin/../lib/gcc/avr/4.5.1/avr5\libgcc.a(_pack_sf.o)
                0x00000998                __pack_f
 .text          0x00000b3a       0xd2 c:/avr-gcc/bin/../lib/gcc/avr/4.5.1/avr5\libgcc.a(_unpack_sf.o)
                0x00000b3a                __unpack_f
 .text          0x00000c0c       0xb2 c:/avr-gcc/bin/../lib/gcc/avr/4.5.1/avr5\libgcc.a(_fpcmp_parts_sf.o)
                0x00000c0c                __fpcmp_parts_f
 .text          0x00000cbe        0x0 c:/avr-gcc/bin/../lib/gcc/avr/4.5.1/avr5\libgcc.a(_clz.o)
 .text          0x00000cbe        0x0 c:/avr-gcc/bin/../lib/gcc/avr/4.5.1/../../../../avr/lib/avr5\libc.a(dtostrf.o)
 .text          0x00000cbe        0x0 c:/avr-gcc/bin/../lib/gcc/avr/4.5.1/../../../../avr/lib/avr5\libc.a(dtoa_prf.o)
 .text          0x00000cbe        0x0 c:/avr-gcc/bin/../lib/gcc/avr/4.5.1/../../../../avr/lib/avr5\libc.a(ftoa_engine.o)
                0x00000cbe                . = ALIGN (0x2)
 *(.text.*)
 .text.ow_reset
                0x00000cbe       0x44 ./DS18B20.o
                0x00000cbe                ow_reset
 .text.ow_bit_io
                0x00000d02       0x66 ./DS18B20.o
                0x00000d02                ow_bit_io
 .text.ow_byte_wr
                0x00000d68       0x22 ./DS18B20.o
                0x00000d68                ow_byte_wr
 .text.ow_byte_rd
                0x00000d8a        0x8 ./DS18B20.o
                0x00000d8a                ow_byte_rd
 .text.DS18B20_temp
                0x00000d92      0x37e ./DS18B20.o
                0x00000d92                DS18B20_temp
 .text.zmroz    0x00001110       0x86 ./DS18B20.o
                0x00001110                zmroz
 .text.lcd_nibble
                0x00001196       0x24 ./lcd_drv.o
 .text.lcd_byte
                0x000011ba       0x1e ./lcd_drv.o
 .text.lcd_command
                0x000011d8       0x1a ./lcd_drv.o
                0x000011d8                lcd_command
 .text.lcd_putchar
                0x000011f2       0x12 ./lcd_drv.o
                0x000011f2                lcd_putchar
 .text.lcd_puts
                0x00001204       0x28 ./lcd_drv.o
                0x00001204                lcd_puts
 .text.lcd_blank
                0x0000122c       0x2c ./lcd_drv.o
                0x0000122c                lcd_blank
 .text.lcd_init
                0x00001258       0x80 ./lcd_drv.o
                0x00001258                lcd_init
 .text.lcd_cyfra
                0x000012d8       0x66 ./lcd_drv.o
                0x000012d8                lcd_cyfra
 .text.lcd_lnumber
                0x0000133e      0x112 ./lcd_drv.o
                0x0000133e                lcd_lnumber
 .text.lcd_number
                0x00001450       0x68 ./lcd_drv.o
                0x00001450                lcd_number
 .text.i2cStart
                0x000014b8       0x10 ./main.o
 .text.i2cStop  0x000014c8       0x10 ./main.o
 .text.i2cWrite
                0x000014d8       0x14 ./main.o
 .text.PCF8583_read
                0x000014ec       0x4c ./main.o
 .text.PCF8583_write
                0x00001538       0x36 ./main.o
 .text.PCF8583_read_bcd
                0x0000156e       0x1a ./main.o
 .text.PCF8583_get_status
                0x00001588       0x1a ./main.o
 .text.PCF8583_hold_off
                0x000015a2       0x1a ./main.o
 .text.PCF8583_hold_on
                0x000015bc       0x1a ./main.o
 .text.puttime  0x000015d6       0xe2 ./main.o
                0x000015d6                puttime
 .text.putdate  0x000016b8      0x11c ./main.o
                0x000016b8                putdate
 .text.main     0x000017d4       0x42 ./main.o
                0x000017d4                main
 .text.__vector_20
                0x00001816       0x5c ./uart.o
                0x00001816                __vector_20
 .text.__vector_21
                0x00001872       0x54 ./uart.o
                0x00001872                __vector_21
 .text.uart_init
                0x000018c6       0x34 ./uart.o
                0x000018c6                uart_init
 .text.uart_getc
                0x000018fa       0x3c ./uart.o
                0x000018fa                uart_getc
 .text.uart_putc
                0x00001936       0x2a ./uart.o
                0x00001936                uart_putc
 .text.uart_puts
                0x00001960       0x28 ./uart.o
                0x00001960                uart_puts
 .text.uart_puts_p
                0x00001988       0x1c ./uart.o
                0x00001988                uart_puts_p
 .text.__vector_28
                0x000019a4       0x5c ./uart.o
                0x000019a4                __vector_28
 .text.__vector_29
                0x00001a00       0x54 ./uart.o
                0x00001a00                __vector_29
 .text.uart1_init
                0x00001a54       0x34 ./uart.o
                0x00001a54                uart1_init
 .text.uart1_getc
                0x00001a88       0x3c ./uart.o
                0x00001a88                uart1_getc
 .text.uart1_putc
                0x00001ac4       0x2a ./uart.o
                0x00001ac4                uart1_putc
 .text.uart1_puts
                0x00001aee       0x28 ./uart.o
                0x00001aee                uart1_puts
 .text.uart1_puts_p
                0x00001b16       0x1c ./uart.o
                0x00001b16                uart1_puts_p
 .text.libgcc   0x00001b32       0x18 c:/avr-gcc/bin/../lib/gcc/avr/4.5.1/avr5\libgcc.a(_udivmodqi4.o)
                0x00001b32                __udivmodqi4
 .text.libgcc   0x00001b4a       0x26 c:/avr-gcc/bin/../lib/gcc/avr/4.5.1/avr5\libgcc.a(_divmodhi4.o)
                0x00001b4a                _div
                0x00001b4a                __divmodhi4
 .text.libgcc   0x00001b70        0x0 c:/avr-gcc/bin/../lib/gcc/avr/4.5.1/avr5\libgcc.a(_exit.o)
 .text.libgcc   0x00001b70        0x0 c:/avr-gcc/bin/../lib/gcc/avr/4.5.1/avr5\libgcc.a(_copy_data.o)
 .text.libgcc   0x00001b70        0x0 c:/avr-gcc/bin/../lib/gcc/avr/4.5.1/avr5\libgcc.a(_clear_bss.o)
 .text.libgcc   0x00001b70       0x28 c:/avr-gcc/bin/../lib/gcc/avr/4.5.1/avr5\libgcc.a(_udivmodhi4.o)
                0x00001b70                __udivmodhi4
 .text.libgcc   0x00001b98       0x38 c:/avr-gcc/bin/../lib/gcc/avr/4.5.1/avr5\libgcc.a(_prologue.o)
                0x00001b98                __prologue_saves__
 .text.libgcc   0x00001bd0       0x36 c:/avr-gcc/bin/../lib/gcc/avr/4.5.1/avr5\libgcc.a(_epilogue.o)
                0x00001bd0                __epilogue_restores__
 .text.avr-libc
                0x00001c06       0x44 c:/avr-gcc/bin/../lib/gcc/avr/4.5.1/../../../../avr/lib/avr5\libc.a(dtostrf.o)
                0x00001c06                dtostrf
 .text.avr-libc
                0x00001c4a      0x2aa c:/avr-gcc/bin/../lib/gcc/avr/4.5.1/../../../../avr/lib/avr5\libc.a(dtoa_prf.o)
                0x00001c4a                dtoa_prf
 .text.avr-libc
                0x00001ef4      0x1b0 c:/avr-gcc/bin/../lib/gcc/avr/4.5.1/../../../../avr/lib/avr5\libc.a(ftoa_engine.o)
                0x00001ef4                __ftoa_engine
                0x000020a4                . = ALIGN (0x2)
 *(.fini9)
 .fini9         0x000020a4        0x0 c:/avr-gcc/bin/../lib/gcc/avr/4.5.1/avr5\libgcc.a(_exit.o)
                0x000020a4                _exit
                0x000020a4                exit
 *(.fini9)
 *(.fini8)
 *(.fini8)
 *(.fini7)
 *(.fini7)
 *(.fini6)
 *(.fini6)
 *(.fini5)
 *(.fini5)
 *(.fini4)
 *(.fini4)
 *(.fini3)
 *(.fini3)
 *(.fini2)
 *(.fini2)
 *(.fini1)
 *(.fini1)
 *(.fini0)
 .fini0         0x000020a4        0x4 c:/avr-gcc/bin/../lib/gcc/avr/4.5.1/avr5\libgcc.a(_exit.o)
 *(.fini0)
                0x000020a8                _etext = .

.data           0x00800100      0x122 load address 0x000020a8
                0x00800100                PROVIDE (__data_start, .)
 *(.data)
 .data          0x00800100        0x0 c:/avr-gcc/bin/../lib/gcc/avr/4.5.1/../../../../avr/lib/avr5/crtm644p.o
 .data          0x00800100        0x4 ./DS18B20.o
 .data          0x00800104       0x11 ./lcd_drv.o
 .data          0x00800115        0x4 ./main.o
 .data          0x00800119        0x0 ./uart.o
 .data          0x00800119        0x0 c:/avr-gcc/bin/../lib/gcc/avr/4.5.1/avr5\libgcc.a(_udivmodqi4.o)
 .data          0x00800119        0x0 c:/avr-gcc/bin/../lib/gcc/avr/4.5.1/avr5\libgcc.a(_divmodhi4.o)
 .data          0x00800119        0x0 c:/avr-gcc/bin/../lib/gcc/avr/4.5.1/avr5\libgcc.a(_exit.o)
 .data          0x00800119        0x0 c:/avr-gcc/bin/../lib/gcc/avr/4.5.1/avr5\libgcc.a(_copy_data.o)
 .data          0x00800119        0x0 c:/avr-gcc/bin/../lib/gcc/avr/4.5.1/avr5\libgcc.a(_clear_bss.o)
 .data          0x00800119        0x0 c:/avr-gcc/bin/../lib/gcc/avr/4.5.1/avr5\libgcc.a(_addsub_sf.o)
 .data          0x00800119        0x0 c:/avr-gcc/bin/../lib/gcc/avr/4.5.1/avr5\libgcc.a(_mul_sf.o)
 .data          0x00800119        0x0 c:/avr-gcc/bin/../lib/gcc/avr/4.5.1/avr5\libgcc.a(_gt_sf.o)
 .data          0x00800119        0x0 c:/avr-gcc/bin/../lib/gcc/avr/4.5.1/avr5\libgcc.a(_lt_sf.o)
 .data          0x00800119        0x0 c:/avr-gcc/bin/../lib/gcc/avr/4.5.1/avr5\libgcc.a(_le_sf.o)
 .data          0x00800119        0x0 c:/avr-gcc/bin/../lib/gcc/avr/4.5.1/avr5\libgcc.a(_si_to_sf.o)
 .data          0x00800119        0x8 c:/avr-gcc/bin/../lib/gcc/avr/4.5.1/avr5\libgcc.a(_thenan_sf.o)
                0x00800119                __thenan_sf
 .data          0x00800121        0x0 c:/avr-gcc/bin/../lib/gcc/avr/4.5.1/avr5\libgcc.a(_udivmodhi4.o)
 .data          0x00800121        0x0 c:/avr-gcc/bin/../lib/gcc/avr/4.5.1/avr5\libgcc.a(_prologue.o)
 .data          0x00800121        0x0 c:/avr-gcc/bin/../lib/gcc/avr/4.5.1/avr5\libgcc.a(_epilogue.o)
 .data          0x00800121        0x0 c:/avr-gcc/bin/../lib/gcc/avr/4.5.1/avr5\libgcc.a(_clzsi2.o)
 .data          0x00800121        0x0 c:/avr-gcc/bin/../lib/gcc/avr/4.5.1/avr5\libgcc.a(_pack_sf.o)
 .data          0x00800121        0x0 c:/avr-gcc/bin/../lib/gcc/avr/4.5.1/avr5\libgcc.a(_unpack_sf.o)
 .data          0x00800121        0x0 c:/avr-gcc/bin/../lib/gcc/avr/4.5.1/avr5\libgcc.a(_fpcmp_parts_sf.o)
 .data          0x00800121      0x100 c:/avr-gcc/bin/../lib/gcc/avr/4.5.1/avr5\libgcc.a(_clz.o)
                0x00800121                __clz_tab
 .data          0x00800221        0x0 c:/avr-gcc/bin/../lib/gcc/avr/4.5.1/../../../../avr/lib/avr5\libc.a(dtostrf.o)
 .data          0x00800221        0x0 c:/avr-gcc/bin/../lib/gcc/avr/4.5.1/../../../../avr/lib/avr5\libc.a(dtoa_prf.o)
 .data          0x00800221        0x0 c:/avr-gcc/bin/../lib/gcc/avr/4.5.1/../../../../avr/lib/avr5\libc.a(ftoa_engine.o)
 *(.data*)
 .data.lcd_pos  0x00800221        0x1 ./lcd_drv.o
                0x00800221                lcd_pos
 *(.rodata)
 *(.rodata*)
 *(.gnu.linkonce.d*)
                0x00800222                . = ALIGN (0x2)
                0x00800222                _edata = .
                0x00800222                PROVIDE (__data_end, .)

.bss            0x00800222       0x92
                0x00800222                PROVIDE (__bss_start, .)
 *(.bss)
 .bss           0x00800222        0x0 c:/avr-gcc/bin/../lib/gcc/avr/4.5.1/../../../../avr/lib/avr5/crtm644p.o
 .bss           0x00800222        0x0 ./DS18B20.o
 .bss           0x00800222        0x0 ./lcd_drv.o
 .bss           0x00800222        0x0 ./main.o
 .bss           0x00800222        0x0 ./uart.o
 .bss           0x00800222        0x0 c:/avr-gcc/bin/../lib/gcc/avr/4.5.1/avr5\libgcc.a(_udivmodqi4.o)
 .bss           0x00800222        0x0 c:/avr-gcc/bin/../lib/gcc/avr/4.5.1/avr5\libgcc.a(_divmodhi4.o)
 .bss           0x00800222        0x0 c:/avr-gcc/bin/../lib/gcc/avr/4.5.1/avr5\libgcc.a(_exit.o)
 .bss           0x00800222        0x0 c:/avr-gcc/bin/../lib/gcc/avr/4.5.1/avr5\libgcc.a(_copy_data.o)
 .bss           0x00800222        0x0 c:/avr-gcc/bin/../lib/gcc/avr/4.5.1/avr5\libgcc.a(_clear_bss.o)
 .bss           0x00800222        0x0 c:/avr-gcc/bin/../lib/gcc/avr/4.5.1/avr5\libgcc.a(_addsub_sf.o)
 .bss           0x00800222        0x0 c:/avr-gcc/bin/../lib/gcc/avr/4.5.1/avr5\libgcc.a(_mul_sf.o)
 .bss           0x00800222        0x0 c:/avr-gcc/bin/../lib/gcc/avr/4.5.1/avr5\libgcc.a(_gt_sf.o)
 .bss           0x00800222        0x0 c:/avr-gcc/bin/../lib/gcc/avr/4.5.1/avr5\libgcc.a(_lt_sf.o)
 .bss           0x00800222        0x0 c:/avr-gcc/bin/../lib/gcc/avr/4.5.1/avr5\libgcc.a(_le_sf.o)
 .bss           0x00800222        0x0 c:/avr-gcc/bin/../lib/gcc/avr/4.5.1/avr5\libgcc.a(_si_to_sf.o)
 .bss           0x00800222        0x0 c:/avr-gcc/bin/../lib/gcc/avr/4.5.1/avr5\libgcc.a(_thenan_sf.o)
 .bss           0x00800222        0x0 c:/avr-gcc/bin/../lib/gcc/avr/4.5.1/avr5\libgcc.a(_udivmodhi4.o)
 .bss           0x00800222        0x0 c:/avr-gcc/bin/../lib/gcc/avr/4.5.1/avr5\libgcc.a(_prologue.o)
 .bss           0x00800222        0x0 c:/avr-gcc/bin/../lib/gcc/avr/4.5.1/avr5\libgcc.a(_epilogue.o)
 .bss           0x00800222        0x0 c:/avr-gcc/bin/../lib/gcc/avr/4.5.1/avr5\libgcc.a(_clzsi2.o)
 .bss           0x00800222        0x0 c:/avr-gcc/bin/../lib/gcc/avr/4.5.1/avr5\libgcc.a(_pack_sf.o)
 .bss           0x00800222        0x0 c:/avr-gcc/bin/../lib/gcc/avr/4.5.1/avr5\libgcc.a(_unpack_sf.o)
 .bss           0x00800222        0x0 c:/avr-gcc/bin/../lib/gcc/avr/4.5.1/avr5\libgcc.a(_fpcmp_parts_sf.o)
 .bss           0x00800222        0x0 c:/avr-gcc/bin/../lib/gcc/avr/4.5.1/avr5\libgcc.a(_clz.o)
 .bss           0x00800222        0x0 c:/avr-gcc/bin/../lib/gcc/avr/4.5.1/../../../../avr/lib/avr5\libc.a(dtostrf.o)
 .bss           0x00800222        0x0 c:/avr-gcc/bin/../lib/gcc/avr/4.5.1/../../../../avr/lib/avr5\libc.a(dtoa_prf.o)
 .bss           0x00800222        0x0 c:/avr-gcc/bin/../lib/gcc/avr/4.5.1/../../../../avr/lib/avr5\libc.a(ftoa_engine.o)
 *(.bss*)
 .bss.OW_PIN    0x00800222        0x1 ./DS18B20.o
                0x00800222                OW_PIN
 .bss.y         0x00800223        0x1 ./lcd_drv.o
                0x00800223                y
 .bss.blad      0x00800224        0x2 ./main.o
                0x00800224                blad
 .bss.roz       0x00800226        0x1 ./main.o
                0x00800226                roz
 .bss.PCF8583_status
                0x00800227        0x1 ./main.o
 .bss.PCF8583_alarm
                0x00800228        0x1 ./main.o
 .bss.UART1_TxHead
                0x00800229        0x1 ./uart.o
 .bss.UART1_TxTail
                0x0080022a        0x1 ./uart.o
 .bss.UART1_TxBuf
                0x0080022b       0x20 ./uart.o
 .bss.UART1_RxHead
                0x0080024b        0x1 ./uart.o
 .bss.UART1_RxTail
                0x0080024c        0x1 ./uart.o
 .bss.UART1_RxBuf
                0x0080024d       0x20 ./uart.o
 .bss.UART1_LastRxError
                0x0080026d        0x1 ./uart.o
 .bss.UART_TxHead
                0x0080026e        0x1 ./uart.o
 .bss.UART_TxTail
                0x0080026f        0x1 ./uart.o
 .bss.UART_TxBuf
                0x00800270       0x20 ./uart.o
 .bss.UART_RxHead
                0x00800290        0x1 ./uart.o
 .bss.UART_RxTail
                0x00800291        0x1 ./uart.o
 .bss.UART_RxBuf
                0x00800292       0x20 ./uart.o
 .bss.UART_LastRxError
                0x008002b2        0x1 ./uart.o
 *(COMMON)
 COMMON         0x008002b3        0x0 ./DS18B20.o
 COMMON         0x008002b3        0x1 ./lcd_drv.o
                0x008002b3                x
                0x008002b4                PROVIDE (__bss_end, .)
                0x000020a8                __data_load_start = LOADADDR (.data)
                0x000021ca                __data_load_end = (__data_load_start + SIZEOF (.data))

.noinit         0x008002b4        0x0
                0x008002b4                PROVIDE (__noinit_start, .)
 *(.noinit*)
                0x008002b4                PROVIDE (__noinit_end, .)
                0x008002b4                _end = .
                0x008002b4                PROVIDE (__heap_start, .)

.eeprom         0x00810000        0x0
 *(.eeprom*)
                0x00810000                __eeprom_end = .

.stab           0x00000000     0x1104
 *(.stab)
 .stab          0x00000000      0x6cc c:/avr-gcc/bin/../lib/gcc/avr/4.5.1/../../../../avr/lib/avr5/crtm644p.o
 .stab          0x000006cc      0xa38 c:/avr-gcc/bin/../lib/gcc/avr/4.5.1/../../../../avr/lib/avr5\libc.a(ftoa_engine.o)
                                0xa44 (size before relaxing)

.stabstr        0x00000000       0xbf
 *(.stabstr)
 .stabstr       0x00000000       0xbf c:/avr-gcc/bin/../lib/gcc/avr/4.5.1/../../../../avr/lib/avr5/crtm644p.o

.stab.excl
 *(.stab.excl)

.stab.exclstr
 *(.stab.exclstr)

.stab.index
 *(.stab.index)

.stab.indexstr
 *(.stab.indexstr)

.comment
 *(.comment)

.debug
 *(.debug)

.line
 *(.line)

.debug_srcinfo
 *(.debug_srcinfo)

.debug_sfnames
 *(.debug_sfnames)

.debug_aranges  0x00000000      0x180
 *(.debug_aranges)
 .debug_aranges
                0x00000000       0x20 c:/avr-gcc/bin/../lib/gcc/avr/4.5.1/avr5\libgcc.a(_addsub_sf.o)
 .debug_aranges
                0x00000020       0x20 c:/avr-gcc/bin/../lib/gcc/avr/4.5.1/avr5\libgcc.a(_mul_sf.o)
 .debug_aranges
                0x00000040       0x20 c:/avr-gcc/bin/../lib/gcc/avr/4.5.1/avr5\libgcc.a(_gt_sf.o)
 .debug_aranges
                0x00000060       0x20 c:/avr-gcc/bin/../lib/gcc/avr/4.5.1/avr5\libgcc.a(_lt_sf.o)
 .debug_aranges
                0x00000080       0x20 c:/avr-gcc/bin/../lib/gcc/avr/4.5.1/avr5\libgcc.a(_le_sf.o)
 .debug_aranges
                0x000000a0       0x20 c:/avr-gcc/bin/../lib/gcc/avr/4.5.1/avr5\libgcc.a(_si_to_sf.o)
 .debug_aranges
                0x000000c0       0x20 c:/avr-gcc/bin/../lib/gcc/avr/4.5.1/avr5\libgcc.a(_clzsi2.o)
 .debug_aranges
                0x000000e0       0x20 c:/avr-gcc/bin/../lib/gcc/avr/4.5.1/avr5\libgcc.a(_pack_sf.o)
 .debug_aranges
                0x00000100       0x20 c:/avr-gcc/bin/../lib/gcc/avr/4.5.1/avr5\libgcc.a(_unpack_sf.o)
 .debug_aranges
                0x00000120       0x20 c:/avr-gcc/bin/../lib/gcc/avr/4.5.1/avr5\libgcc.a(_fpcmp_parts_sf.o)
 .debug_aranges
                0x00000140       0x20 c:/avr-gcc/bin/../lib/gcc/avr/4.5.1/../../../../avr/lib/avr5\libc.a(dtostrf.o)
 .debug_aranges
                0x00000160       0x20 c:/avr-gcc/bin/../lib/gcc/avr/4.5.1/../../../../avr/lib/avr5\libc.a(dtoa_prf.o)

.debug_pubnames
                0x00000000      0x1cb
 *(.debug_pubnames)
 .debug_pubnames
                0x00000000       0x2c c:/avr-gcc/bin/../lib/gcc/avr/4.5.1/avr5\libgcc.a(_addsub_sf.o)
 .debug_pubnames
                0x0000002c       0x1f c:/avr-gcc/bin/../lib/gcc/avr/4.5.1/avr5\libgcc.a(_mul_sf.o)
 .debug_pubnames
                0x0000004b       0x1e c:/avr-gcc/bin/../lib/gcc/avr/4.5.1/avr5\libgcc.a(_gt_sf.o)
 .debug_pubnames
                0x00000069       0x1e c:/avr-gcc/bin/../lib/gcc/avr/4.5.1/avr5\libgcc.a(_lt_sf.o)
 .debug_pubnames
                0x00000087       0x1e c:/avr-gcc/bin/../lib/gcc/avr/4.5.1/avr5\libgcc.a(_le_sf.o)
 .debug_pubnames
                0x000000a5       0x22 c:/avr-gcc/bin/../lib/gcc/avr/4.5.1/avr5\libgcc.a(_si_to_sf.o)
 .debug_pubnames
                0x000000c7       0x22 c:/avr-gcc/bin/../lib/gcc/avr/4.5.1/avr5\libgcc.a(_thenan_sf.o)
 .debug_pubnames
                0x000000e9       0x1f c:/avr-gcc/bin/../lib/gcc/avr/4.5.1/avr5\libgcc.a(_clzsi2.o)
 .debug_pubnames
                0x00000108       0x1f c:/avr-gcc/bin/../lib/gcc/avr/4.5.1/avr5\libgcc.a(_pack_sf.o)
 .debug_pubnames
                0x00000127       0x21 c:/avr-gcc/bin/../lib/gcc/avr/4.5.1/avr5\libgcc.a(_unpack_sf.o)
 .debug_pubnames
                0x00000148       0x26 c:/avr-gcc/bin/../lib/gcc/avr/4.5.1/avr5\libgcc.a(_fpcmp_parts_sf.o)
 .debug_pubnames
                0x0000016e       0x20 c:/avr-gcc/bin/../lib/gcc/avr/4.5.1/avr5\libgcc.a(_clz.o)
 .debug_pubnames
                0x0000018e       0x1e c:/avr-gcc/bin/../lib/gcc/avr/4.5.1/../../../../avr/lib/avr5\libc.a(dtostrf.o)
 .debug_pubnames
                0x000001ac       0x1f c:/avr-gcc/bin/../lib/gcc/avr/4.5.1/../../../../avr/lib/avr5\libc.a(dtoa_prf.o)

.debug_info     0x00000000     0x1e8a
 *(.debug_info)
 .debug_info    0x00000000      0x455 c:/avr-gcc/bin/../lib/gcc/avr/4.5.1/avr5\libgcc.a(_addsub_sf.o)
 .debug_info    0x00000455      0x3ec c:/avr-gcc/bin/../lib/gcc/avr/4.5.1/avr5\libgcc.a(_mul_sf.o)
 .debug_info    0x00000841      0x28a c:/avr-gcc/bin/../lib/gcc/avr/4.5.1/avr5\libgcc.a(_gt_sf.o)
 .debug_info    0x00000acb      0x28a c:/avr-gcc/bin/../lib/gcc/avr/4.5.1/avr5\libgcc.a(_lt_sf.o)
 .debug_info    0x00000d55      0x28a c:/avr-gcc/bin/../lib/gcc/avr/4.5.1/avr5\libgcc.a(_le_sf.o)
 .debug_info    0x00000fdf      0x22f c:/avr-gcc/bin/../lib/gcc/avr/4.5.1/avr5\libgcc.a(_si_to_sf.o)
 .debug_info    0x0000120e      0x15e c:/avr-gcc/bin/../lib/gcc/avr/4.5.1/avr5\libgcc.a(_thenan_sf.o)
 .debug_info    0x0000136c      0x12c c:/avr-gcc/bin/../lib/gcc/avr/4.5.1/avr5\libgcc.a(_clzsi2.o)
 .debug_info    0x00001498      0x2d9 c:/avr-gcc/bin/../lib/gcc/avr/4.5.1/avr5\libgcc.a(_pack_sf.o)
 .debug_info    0x00001771      0x25c c:/avr-gcc/bin/../lib/gcc/avr/4.5.1/avr5\libgcc.a(_unpack_sf.o)
 .debug_info    0x000019cd      0x1f1 c:/avr-gcc/bin/../lib/gcc/avr/4.5.1/avr5\libgcc.a(_fpcmp_parts_sf.o)
 .debug_info    0x00001bbe       0xa6 c:/avr-gcc/bin/../lib/gcc/avr/4.5.1/avr5\libgcc.a(_clz.o)
 .debug_info    0x00001c64       0xdf c:/avr-gcc/bin/../lib/gcc/avr/4.5.1/../../../../avr/lib/avr5\libc.a(dtostrf.o)
 .debug_info    0x00001d43      0x147 c:/avr-gcc/bin/../lib/gcc/avr/4.5.1/../../../../avr/lib/avr5\libc.a(dtoa_prf.o)
 *(.gnu.linkonce.wi.*)

.debug_abbrev   0x00000000      0xfe1
 *(.debug_abbrev)
 .debug_abbrev  0x00000000      0x1af c:/avr-gcc/bin/../lib/gcc/avr/4.5.1/avr5\libgcc.a(_addsub_sf.o)
 .debug_abbrev  0x000001af      0x1d9 c:/avr-gcc/bin/../lib/gcc/avr/4.5.1/avr5\libgcc.a(_mul_sf.o)
 .debug_abbrev  0x00000388      0x151 c:/avr-gcc/bin/../lib/gcc/avr/4.5.1/avr5\libgcc.a(_gt_sf.o)
 .debug_abbrev  0x000004d9      0x151 c:/avr-gcc/bin/../lib/gcc/avr/4.5.1/avr5\libgcc.a(_lt_sf.o)
 .debug_abbrev  0x0000062a      0x151 c:/avr-gcc/bin/../lib/gcc/avr/4.5.1/avr5\libgcc.a(_le_sf.o)
 .debug_abbrev  0x0000077b      0x162 c:/avr-gcc/bin/../lib/gcc/avr/4.5.1/avr5\libgcc.a(_si_to_sf.o)
 .debug_abbrev  0x000008dd       0xcb c:/avr-gcc/bin/../lib/gcc/avr/4.5.1/avr5\libgcc.a(_thenan_sf.o)
 .debug_abbrev  0x000009a8       0xce c:/avr-gcc/bin/../lib/gcc/avr/4.5.1/avr5\libgcc.a(_clzsi2.o)
 .debug_abbrev  0x00000a76      0x185 c:/avr-gcc/bin/../lib/gcc/avr/4.5.1/avr5\libgcc.a(_pack_sf.o)
 .debug_abbrev  0x00000bfb      0x14b c:/avr-gcc/bin/../lib/gcc/avr/4.5.1/avr5\libgcc.a(_unpack_sf.o)
 .debug_abbrev  0x00000d46      0x10b c:/avr-gcc/bin/../lib/gcc/avr/4.5.1/avr5\libgcc.a(_fpcmp_parts_sf.o)
 .debug_abbrev  0x00000e51       0x61 c:/avr-gcc/bin/../lib/gcc/avr/4.5.1/avr5\libgcc.a(_clz.o)
 .debug_abbrev  0x00000eb2       0x7b c:/avr-gcc/bin/../lib/gcc/avr/4.5.1/../../../../avr/lib/avr5\libc.a(dtostrf.o)
 .debug_abbrev  0x00000f2d       0xb4 c:/avr-gcc/bin/../lib/gcc/avr/4.5.1/../../../../avr/lib/avr5\libc.a(dtoa_prf.o)

.debug_line     0x00000000     0x13de
 *(.debug_line)
 .debug_line    0x00000000      0x2c5 c:/avr-gcc/bin/../lib/gcc/avr/4.5.1/avr5\libgcc.a(_addsub_sf.o)
 .debug_line    0x000002c5      0x261 c:/avr-gcc/bin/../lib/gcc/avr/4.5.1/avr5\libgcc.a(_mul_sf.o)
 .debug_line    0x00000526       0xdc c:/avr-gcc/bin/../lib/gcc/avr/4.5.1/avr5\libgcc.a(_gt_sf.o)
 .debug_line    0x00000602       0xdc c:/avr-gcc/bin/../lib/gcc/avr/4.5.1/avr5\libgcc.a(_lt_sf.o)
 .debug_line    0x000006de       0xdc c:/avr-gcc/bin/../lib/gcc/avr/4.5.1/avr5\libgcc.a(_le_sf.o)
 .debug_line    0x000007ba      0x124 c:/avr-gcc/bin/../lib/gcc/avr/4.5.1/avr5\libgcc.a(_si_to_sf.o)
 .debug_line    0x000008de       0x89 c:/avr-gcc/bin/../lib/gcc/avr/4.5.1/avr5\libgcc.a(_thenan_sf.o)
 .debug_line    0x00000967       0xc6 c:/avr-gcc/bin/../lib/gcc/avr/4.5.1/avr5\libgcc.a(_clzsi2.o)
 .debug_line    0x00000a2d      0x1cc c:/avr-gcc/bin/../lib/gcc/avr/4.5.1/avr5\libgcc.a(_pack_sf.o)
 .debug_line    0x00000bf9      0x14c c:/avr-gcc/bin/../lib/gcc/avr/4.5.1/avr5\libgcc.a(_unpack_sf.o)
 .debug_line    0x00000d45      0x150 c:/avr-gcc/bin/../lib/gcc/avr/4.5.1/avr5\libgcc.a(_fpcmp_parts_sf.o)
 .debug_line    0x00000e95       0x75 c:/avr-gcc/bin/../lib/gcc/avr/4.5.1/avr5\libgcc.a(_clz.o)
 .debug_line    0x00000f0a       0x8d c:/avr-gcc/bin/../lib/gcc/avr/4.5.1/../../../../avr/lib/avr5\libc.a(dtostrf.o)
 .debug_line    0x00000f97      0x447 c:/avr-gcc/bin/../lib/gcc/avr/4.5.1/../../../../avr/lib/avr5\libc.a(dtoa_prf.o)

.debug_frame    0x00000000      0x1a0
 *(.debug_frame)
 .debug_frame   0x00000000       0x40 c:/avr-gcc/bin/../lib/gcc/avr/4.5.1/avr5\libgcc.a(_addsub_sf.o)
 .debug_frame   0x00000040       0x20 c:/avr-gcc/bin/../lib/gcc/avr/4.5.1/avr5\libgcc.a(_mul_sf.o)
 .debug_frame   0x00000060       0x20 c:/avr-gcc/bin/../lib/gcc/avr/4.5.1/avr5\libgcc.a(_gt_sf.o)
 .debug_frame   0x00000080       0x20 c:/avr-gcc/bin/../lib/gcc/avr/4.5.1/avr5\libgcc.a(_lt_sf.o)
 .debug_frame   0x000000a0       0x20 c:/avr-gcc/bin/../lib/gcc/avr/4.5.1/avr5\libgcc.a(_le_sf.o)
 .debug_frame   0x000000c0       0x20 c:/avr-gcc/bin/../lib/gcc/avr/4.5.1/avr5\libgcc.a(_si_to_sf.o)
 .debug_frame   0x000000e0       0x20 c:/avr-gcc/bin/../lib/gcc/avr/4.5.1/avr5\libgcc.a(_clzsi2.o)
 .debug_frame   0x00000100       0x20 c:/avr-gcc/bin/../lib/gcc/avr/4.5.1/avr5\libgcc.a(_pack_sf.o)
 .debug_frame   0x00000120       0x20 c:/avr-gcc/bin/../lib/gcc/avr/4.5.1/avr5\libgcc.a(_unpack_sf.o)
 .debug_frame   0x00000140       0x20 c:/avr-gcc/bin/../lib/gcc/avr/4.5.1/avr5\libgcc.a(_fpcmp_parts_sf.o)
 .debug_frame   0x00000160       0x20 c:/avr-gcc/bin/../lib/gcc/avr/4.5.1/../../../../avr/lib/avr5\libc.a(dtostrf.o)
 .debug_frame   0x00000180       0x20 c:/avr-gcc/bin/../lib/gcc/avr/4.5.1/../../../../avr/lib/avr5\libc.a(dtoa_prf.o)

.debug_str      0x00000000      0x38c
 *(.debug_str)
 .debug_str     0x00000000      0x1c3 c:/avr-gcc/bin/../lib/gcc/avr/4.5.1/avr5\libgcc.a(_addsub_sf.o)
                                0x22b (size before relaxing)
 .debug_str     0x000001c3       0x27 c:/avr-gcc/bin/../lib/gcc/avr/4.5.1/avr5\libgcc.a(_mul_sf.o)
                                0x1e4 (size before relaxing)
 .debug_str     0x000001ea        0x8 c:/avr-gcc/bin/../lib/gcc/avr/4.5.1/avr5\libgcc.a(_gt_sf.o)
                                0x1b2 (size before relaxing)
 .debug_str     0x000001f2        0x8 c:/avr-gcc/bin/../lib/gcc/avr/4.5.1/avr5\libgcc.a(_lt_sf.o)
                                0x1b2 (size before relaxing)
 .debug_str     0x000001fa        0x8 c:/avr-gcc/bin/../lib/gcc/avr/4.5.1/avr5\libgcc.a(_le_sf.o)
                                0x1b2 (size before relaxing)
 .debug_str     0x00000202       0x27 c:/avr-gcc/bin/../lib/gcc/avr/4.5.1/avr5\libgcc.a(_si_to_sf.o)
                                0x1a1 (size before relaxing)
 .debug_str     0x00000000      0x15d c:/avr-gcc/bin/../lib/gcc/avr/4.5.1/avr5\libgcc.a(_thenan_sf.o)
 .debug_str     0x00000229       0x6e c:/avr-gcc/bin/../lib/gcc/avr/4.5.1/avr5\libgcc.a(_clzsi2.o)
                                0x124 (size before relaxing)
 .debug_str     0x00000297       0x10 c:/avr-gcc/bin/../lib/gcc/avr/4.5.1/avr5\libgcc.a(_pack_sf.o)
                                0x1ba (size before relaxing)
 .debug_str     0x000002a7        0xb c:/avr-gcc/bin/../lib/gcc/avr/4.5.1/avr5\libgcc.a(_unpack_sf.o)
                                0x19c (size before relaxing)
 .debug_str     0x000002b2       0x10 c:/avr-gcc/bin/../lib/gcc/avr/4.5.1/avr5\libgcc.a(_fpcmp_parts_sf.o)
                                0x180 (size before relaxing)
 .debug_str     0x00000000      0x107 c:/avr-gcc/bin/../lib/gcc/avr/4.5.1/avr5\libgcc.a(_clz.o)
 .debug_str     0x000002c2       0x95 c:/avr-gcc/bin/../lib/gcc/avr/4.5.1/../../../../avr/lib/avr5\libc.a(dtostrf.o)
                                0x101 (size before relaxing)
 .debug_str     0x00000357       0x35 c:/avr-gcc/bin/../lib/gcc/avr/4.5.1/../../../../avr/lib/avr5\libc.a(dtoa_prf.o)
                                0x10f (size before relaxing)

.debug_loc      0x00000000     0x1156
 *(.debug_loc)
 .debug_loc     0x00000000      0x31d c:/avr-gcc/bin/../lib/gcc/avr/4.5.1/avr5\libgcc.a(_addsub_sf.o)
 .debug_loc     0x0000031d      0x2a4 c:/avr-gcc/bin/../lib/gcc/avr/4.5.1/avr5\libgcc.a(_mul_sf.o)
 .debug_loc     0x000005c1       0x48 c:/avr-gcc/bin/../lib/gcc/avr/4.5.1/avr5\libgcc.a(_gt_sf.o)
 .debug_loc     0x00000609       0x48 c:/avr-gcc/bin/../lib/gcc/avr/4.5.1/avr5\libgcc.a(_lt_sf.o)
 .debug_loc     0x00000651       0x48 c:/avr-gcc/bin/../lib/gcc/avr/4.5.1/avr5\libgcc.a(_le_sf.o)
 .debug_loc     0x00000699       0xb4 c:/avr-gcc/bin/../lib/gcc/avr/4.5.1/avr5\libgcc.a(_si_to_sf.o)
 .debug_loc     0x0000074d       0xb2 c:/avr-gcc/bin/../lib/gcc/avr/4.5.1/avr5\libgcc.a(_clzsi2.o)
 .debug_loc     0x000007ff      0x1f5 c:/avr-gcc/bin/../lib/gcc/avr/4.5.1/avr5\libgcc.a(_pack_sf.o)
 .debug_loc     0x000009f4      0x111 c:/avr-gcc/bin/../lib/gcc/avr/4.5.1/avr5\libgcc.a(_unpack_sf.o)
 .debug_loc     0x00000b05       0x50 c:/avr-gcc/bin/../lib/gcc/avr/4.5.1/avr5\libgcc.a(_fpcmp_parts_sf.o)
 .debug_loc     0x00000b55       0x90 c:/avr-gcc/bin/../lib/gcc/avr/4.5.1/../../../../avr/lib/avr5\libc.a(dtostrf.o)
 .debug_loc     0x00000be5      0x571 c:/avr-gcc/bin/../lib/gcc/avr/4.5.1/../../../../avr/lib/avr5\libc.a(dtoa_prf.o)

.debug_macinfo
 *(.debug_macinfo)
OUTPUT(PLC_alter.elf elf32-avr)
LOAD linker stubs

.debug_pubtypes
                0x00000000      0x58d
 .debug_pubtypes
                0x00000000       0x9d c:/avr-gcc/bin/../lib/gcc/avr/4.5.1/avr5\libgcc.a(_addsub_sf.o)
 .debug_pubtypes
                0x0000009d       0x86 c:/avr-gcc/bin/../lib/gcc/avr/4.5.1/avr5\libgcc.a(_mul_sf.o)
 .debug_pubtypes
                0x00000123       0x91 c:/avr-gcc/bin/../lib/gcc/avr/4.5.1/avr5\libgcc.a(_gt_sf.o)
 .debug_pubtypes
                0x000001b4       0x91 c:/avr-gcc/bin/../lib/gcc/avr/4.5.1/avr5\libgcc.a(_lt_sf.o)
 .debug_pubtypes
                0x00000245       0x91 c:/avr-gcc/bin/../lib/gcc/avr/4.5.1/avr5\libgcc.a(_le_sf.o)
 .debug_pubtypes
                0x000002d6       0x7e c:/avr-gcc/bin/../lib/gcc/avr/4.5.1/avr5\libgcc.a(_si_to_sf.o)
 .debug_pubtypes
                0x00000354       0x5b c:/avr-gcc/bin/../lib/gcc/avr/4.5.1/avr5\libgcc.a(_thenan_sf.o)
 .debug_pubtypes
                0x000003af       0x35 c:/avr-gcc/bin/../lib/gcc/avr/4.5.1/avr5\libgcc.a(_clzsi2.o)
 .debug_pubtypes
                0x000003e4       0x86 c:/avr-gcc/bin/../lib/gcc/avr/4.5.1/avr5\libgcc.a(_pack_sf.o)
 .debug_pubtypes
                0x0000046a       0x86 c:/avr-gcc/bin/../lib/gcc/avr/4.5.1/avr5\libgcc.a(_unpack_sf.o)
 .debug_pubtypes
                0x000004f0       0x5b c:/avr-gcc/bin/../lib/gcc/avr/4.5.1/avr5\libgcc.a(_fpcmp_parts_sf.o)
 .debug_pubtypes
                0x0000054b       0x1e c:/avr-gcc/bin/../lib/gcc/avr/4.5.1/avr5\libgcc.a(_clz.o)
 .debug_pubtypes
                0x00000569       0x12 c:/avr-gcc/bin/../lib/gcc/avr/4.5.1/../../../../avr/lib/avr5\libc.a(dtostrf.o)
 .debug_pubtypes
                0x0000057b       0x12 c:/avr-gcc/bin/../lib/gcc/avr/4.5.1/../../../../avr/lib/avr5\libc.a(dtoa_prf.o)

.debug_ranges   0x00000000       0x68
 .debug_ranges  0x00000000       0x30 c:/avr-gcc/bin/../lib/gcc/avr/4.5.1/avr5\libgcc.a(_mul_sf.o)
 .debug_ranges  0x00000030       0x18 c:/avr-gcc/bin/../lib/gcc/avr/4.5.1/avr5\libgcc.a(_si_to_sf.o)
 .debug_ranges  0x00000048       0x10 c:/avr-gcc/bin/../lib/gcc/avr/4.5.1/../../../../avr/lib/avr5\libc.a(dtostrf.o)
 .debug_ranges  0x00000058       0x10 c:/avr-gcc/bin/../lib/gcc/avr/4.5.1/../../../../avr/lib/avr5\libc.a(dtoa_prf.o)
