Archive member included because of file (symbol)

c:/avr-gcc/bin/../lib/gcc/avr/4.5.1/avr4\libgcc.a(_udivmodqi4.o)
                              ./lcd_drv.o (__udivmodqi4)
c:/avr-gcc/bin/../lib/gcc/avr/4.5.1/avr4\libgcc.a(_divmodhi4.o)
                              ./lcd_drv.o (__divmodhi4)
c:/avr-gcc/bin/../lib/gcc/avr/4.5.1/avr4\libgcc.a(_exit.o)
                              c:/avr-gcc/bin/../lib/gcc/avr/4.5.1/../../../../avr/lib/avr4/crtm8.o (exit)
c:/avr-gcc/bin/../lib/gcc/avr/4.5.1/avr4\libgcc.a(_copy_data.o)
                              ./lcd_drv.o (__do_copy_data)
c:/avr-gcc/bin/../lib/gcc/avr/4.5.1/avr4\libgcc.a(_clear_bss.o)
                              ./lcd_drv.o (__do_clear_bss)
c:/avr-gcc/bin/../lib/gcc/avr/4.5.1/avr4\libgcc.a(_udivmodhi4.o)
                              c:/avr-gcc/bin/../lib/gcc/avr/4.5.1/avr4\libgcc.a(_divmodhi4.o) (__udivmodhi4)
c:/avr-gcc/bin/../lib/gcc/avr/4.5.1/../../../../avr/lib/avr4\libc.a(dtostrf.o)
                              ./uart.o (dtostrf)
c:/avr-gcc/bin/../lib/gcc/avr/4.5.1/../../../../avr/lib/avr4\libc.a(atoi.o)
                              ./main.o (atoi)
c:/avr-gcc/bin/../lib/gcc/avr/4.5.1/../../../../avr/lib/avr4\libc.a(strcpy.o)
                              ./main.o (strcpy)
c:/avr-gcc/bin/../lib/gcc/avr/4.5.1/../../../../avr/lib/avr4\libc.a(itoa.o)
                              ./uart.o (itoa)
c:/avr-gcc/bin/../lib/gcc/avr/4.5.1/../../../../avr/lib/avr4\libc.a(mul10.o)
                              c:/avr-gcc/bin/../lib/gcc/avr/4.5.1/../../../../avr/lib/avr4\libc.a(atoi.o) (__mulhi_const_10)
c:/avr-gcc/bin/../lib/gcc/avr/4.5.1/../../../../avr/lib/avr4\libc.a(dtoa_prf.o)
                              c:/avr-gcc/bin/../lib/gcc/avr/4.5.1/../../../../avr/lib/avr4\libc.a(dtostrf.o) (dtoa_prf)
c:/avr-gcc/bin/../lib/gcc/avr/4.5.1/../../../../avr/lib/avr4\libc.a(ftoa_engine.o)
                              c:/avr-gcc/bin/../lib/gcc/avr/4.5.1/../../../../avr/lib/avr4\libc.a(dtoa_prf.o) (__ftoa_engine)
c:/avr-gcc/bin/../lib/gcc/avr/4.5.1/../../../../avr/lib/avr4\libc.a(strrev.o)
                              c:/avr-gcc/bin/../lib/gcc/avr/4.5.1/../../../../avr/lib/avr4\libc.a(itoa.o) (strrev)
c:/avr-gcc/bin/../lib/gcc/avr/4.5.1/avr4\libgcc.a(_prologue.o)
                              c:/avr-gcc/bin/../lib/gcc/avr/4.5.1/../../../../avr/lib/avr4\libc.a(dtoa_prf.o) (__prologue_saves__)
c:/avr-gcc/bin/../lib/gcc/avr/4.5.1/avr4\libgcc.a(_epilogue.o)
                              c:/avr-gcc/bin/../lib/gcc/avr/4.5.1/../../../../avr/lib/avr4\libc.a(dtoa_prf.o) (__epilogue_restores__)

Allocating common symbols
Common symbol       size              file

t_cpu               0x2               ./main.o
bufi                0x2               ./uart.o
x                   0x1               ./lcd_drv.o
lp                  0x1               ./main.o
t_cpuc              0x3               ./main.o
stan_poprz          0x1               ./main.o
buffer2             0x3               ./uart.o
buffer              0x7               ./uart.o
t_gpuc              0x3               ./main.o
Mot1c               0x4               ./main.o
buffer5             0xb               ./uart.o
bufor               0x1               ./main.o
buffer4             0x5               ./uart.o
t_gpu               0x2               ./main.o
date                0xb               ./main.o
buffer3             0x6               ./uart.o
clock               0x6               ./main.o

Memory Configuration

Name             Origin             Length             Attributes
text             0x00000000         0x00002000         xr
data             0x00800060         0x0000ffa0         rw !x
eeprom           0x00810000         0x00010000         rw !x
*default*        0x00000000         0xffffffff

Linker script and memory map

LOAD c:/avr-gcc/bin/../lib/gcc/avr/4.5.1/../../../../avr/lib/avr4/crtm8.o
LOAD ./lcd_drv.o
LOAD ./main.o
LOAD ./qw.o
LOAD ./uart.o
LOAD c:/avr-gcc/bin/../lib/gcc/avr/4.5.1/avr4\libgcc.a
LOAD c:/avr-gcc/bin/../lib/gcc/avr/4.5.1/../../../../avr/lib/avr4\libc.a
LOAD c:/avr-gcc/bin/../lib/gcc/avr/4.5.1/avr4\libgcc.a

.hash
 *(.hash)

.dynsym
 *(.dynsym)

.dynstr
 *(.dynstr)

.gnu.version
 *(.gnu.version)

.gnu.version_d
 *(.gnu.version_d)

.gnu.version_r
 *(.gnu.version_r)

.rel.init
 *(.rel.init)

.rela.init
 *(.rela.init)

.rel.text
 *(.rel.text)
 *(.rel.text.*)
 *(.rel.gnu.linkonce.t*)

.rela.text
 *(.rela.text)
 *(.rela.text.*)
 *(.rela.gnu.linkonce.t*)

.rel.fini
 *(.rel.fini)

.rela.fini
 *(.rela.fini)

.rel.rodata
 *(.rel.rodata)
 *(.rel.rodata.*)
 *(.rel.gnu.linkonce.r*)

.rela.rodata
 *(.rela.rodata)
 *(.rela.rodata.*)
 *(.rela.gnu.linkonce.r*)

.rel.data
 *(.rel.data)
 *(.rel.data.*)
 *(.rel.gnu.linkonce.d*)

.rela.data
 *(.rela.data)
 *(.rela.data.*)
 *(.rela.gnu.linkonce.d*)

.rel.ctors
 *(.rel.ctors)

.rela.ctors
 *(.rela.ctors)

.rel.dtors
 *(.rel.dtors)

.rela.dtors
 *(.rela.dtors)

.rel.got
 *(.rel.got)

.rela.got
 *(.rela.got)

.rel.bss
 *(.rel.bss)

.rela.bss
 *(.rela.bss)

.rel.plt
 *(.rel.plt)

.rela.plt
 *(.rela.plt)

.text           0x00000000     0x1b56
 *(.vectors)
 .vectors       0x00000000       0x26 c:/avr-gcc/bin/../lib/gcc/avr/4.5.1/../../../../avr/lib/avr4/crtm8.o
                0x00000000                __vector_default
                0x00000000                __vectors
 *(.vectors)
 *(.progmem.gcc*)
 .progmem.gcc_sw_table
                0x00000026       0x14 ./lcd_drv.o
 *(.progmem*)
 .progmem.data  0x0000003a       0xfa c:/avr-gcc/bin/../lib/gcc/avr/4.5.1/../../../../avr/lib/avr4\libc.a(ftoa_engine.o)
                0x00000134                . = ALIGN (0x2)
                0x00000134                __trampolines_start = .
 *(.trampolines)
 .trampolines   0x00000134        0x0 linker stubs
 *(.trampolines*)
                0x00000134                __trampolines_end = .
 *(.jumptables)
 *(.jumptables*)
 *(.lowtext)
 *(.lowtext*)
                0x00000134                __ctors_start = .
 *(.ctors)
                0x00000134                __ctors_end = .
                0x00000134                __dtors_start = .
 *(.dtors)
                0x00000134                __dtors_end = .
 SORT(*)(.ctors)
 SORT(*)(.dtors)
 *(.init0)
 .init0         0x00000134        0x0 c:/avr-gcc/bin/../lib/gcc/avr/4.5.1/../../../../avr/lib/avr4/crtm8.o
                0x00000134                __init
 *(.init0)
 *(.init1)
 *(.init1)
 *(.init2)
 .init2         0x00000134        0xc c:/avr-gcc/bin/../lib/gcc/avr/4.5.1/../../../../avr/lib/avr4/crtm8.o
 *(.init2)
 *(.init3)
 *(.init3)
 *(.init4)
 .init4         0x00000140       0x16 c:/avr-gcc/bin/../lib/gcc/avr/4.5.1/avr4\libgcc.a(_copy_data.o)
                0x00000140                __do_copy_data
 .init4         0x00000156       0x10 c:/avr-gcc/bin/../lib/gcc/avr/4.5.1/avr4\libgcc.a(_clear_bss.o)
                0x00000156                __do_clear_bss
 *(.init4)
 *(.init5)
 *(.init5)
 *(.init6)
 *(.init6)
 *(.init7)
 *(.init7)
 *(.init8)
 *(.init8)
 *(.init9)
 .init9         0x00000166        0x4 c:/avr-gcc/bin/../lib/gcc/avr/4.5.1/../../../../avr/lib/avr4/crtm8.o
 *(.init9)
 *(.text)
 .text          0x0000016a        0x2 c:/avr-gcc/bin/../lib/gcc/avr/4.5.1/../../../../avr/lib/avr4/crtm8.o
                0x0000016a                __bad_interrupt
                0x0000016a                __vector_3
                0x0000016a                __vector_13
                0x0000016a                __vector_17
                0x0000016a                __vector_7
                0x0000016a                __vector_5
                0x0000016a                __vector_4
                0x0000016a                __vector_15
                0x0000016a                __vector_8
                0x0000016a                __vector_14
                0x0000016a                __vector_10
                0x0000016a                __vector_16
                0x0000016a                __vector_18
 .text          0x0000016c        0x0 ./lcd_drv.o
 .text          0x0000016c        0x0 ./main.o
 .text          0x0000016c        0x0 ./qw.o
 .text          0x0000016c        0x0 ./uart.o
 .text          0x0000016c        0x0 c:/avr-gcc/bin/../lib/gcc/avr/4.5.1/avr4\libgcc.a(_udivmodqi4.o)
 .text          0x0000016c        0x0 c:/avr-gcc/bin/../lib/gcc/avr/4.5.1/avr4\libgcc.a(_divmodhi4.o)
 .text          0x0000016c        0x0 c:/avr-gcc/bin/../lib/gcc/avr/4.5.1/avr4\libgcc.a(_exit.o)
 .text          0x0000016c        0x0 c:/avr-gcc/bin/../lib/gcc/avr/4.5.1/avr4\libgcc.a(_copy_data.o)
 .text          0x0000016c        0x0 c:/avr-gcc/bin/../lib/gcc/avr/4.5.1/avr4\libgcc.a(_clear_bss.o)
 .text          0x0000016c        0x0 c:/avr-gcc/bin/../lib/gcc/avr/4.5.1/avr4\libgcc.a(_udivmodhi4.o)
 .text          0x0000016c        0x0 c:/avr-gcc/bin/../lib/gcc/avr/4.5.1/../../../../avr/lib/avr4\libc.a(dtostrf.o)
 .text          0x0000016c        0x0 c:/avr-gcc/bin/../lib/gcc/avr/4.5.1/../../../../avr/lib/avr4\libc.a(atoi.o)
 .text          0x0000016c        0x0 c:/avr-gcc/bin/../lib/gcc/avr/4.5.1/../../../../avr/lib/avr4\libc.a(strcpy.o)
 .text          0x0000016c        0x0 c:/avr-gcc/bin/../lib/gcc/avr/4.5.1/../../../../avr/lib/avr4\libc.a(itoa.o)
 .text          0x0000016c        0x0 c:/avr-gcc/bin/../lib/gcc/avr/4.5.1/../../../../avr/lib/avr4\libc.a(mul10.o)
 .text          0x0000016c        0x0 c:/avr-gcc/bin/../lib/gcc/avr/4.5.1/../../../../avr/lib/avr4\libc.a(dtoa_prf.o)
 .text          0x0000016c        0x0 c:/avr-gcc/bin/../lib/gcc/avr/4.5.1/../../../../avr/lib/avr4\libc.a(ftoa_engine.o)
 .text          0x0000016c        0x0 c:/avr-gcc/bin/../lib/gcc/avr/4.5.1/../../../../avr/lib/avr4\libc.a(strrev.o)
 .text          0x0000016c        0x0 c:/avr-gcc/bin/../lib/gcc/avr/4.5.1/avr4\libgcc.a(_prologue.o)
 .text          0x0000016c        0x0 c:/avr-gcc/bin/../lib/gcc/avr/4.5.1/avr4\libgcc.a(_epilogue.o)
                0x0000016c                . = ALIGN (0x2)
 *(.text.*)
 .text.lcd_nibble
                0x0000016c       0x24 ./lcd_drv.o
 .text.lcd_byte
                0x00000190       0x1a ./lcd_drv.o
 .text.lcd_command
                0x000001aa       0x18 ./lcd_drv.o
                0x000001aa                lcd_command
 .text.lcd_putchar
                0x000001c2       0x10 ./lcd_drv.o
                0x000001c2                lcd_putchar
 .text.lcd_puts
                0x000001d2       0x18 ./lcd_drv.o
                0x000001d2                lcd_puts
 .text.lcd_blank
                0x000001ea       0x22 ./lcd_drv.o
                0x000001ea                lcd_blank
 .text.lcd_init
                0x0000020c       0x72 ./lcd_drv.o
                0x0000020c                lcd_init
 .text.lcd_cyfra
                0x0000027e       0x3c ./lcd_drv.o
                0x0000027e                lcd_cyfra
 .text.lcd_lnumber
                0x000002ba       0xb8 ./lcd_drv.o
                0x000002ba                lcd_lnumber
 .text.lcd_number
                0x00000372       0x4a ./lcd_drv.o
                0x00000372                lcd_number
 .text.menu     0x000003bc      0x5a2 ./main.o
                0x000003bc                menu
 .text.main     0x0000095e      0x24c ./main.o
                0x0000095e                main
 .text.__vector_1
                0x00000baa       0xb6 ./main.o
                0x00000baa                __vector_1
 .text.__vector_2
                0x00000c60       0x62 ./main.o
                0x00000c60                __vector_2
 .text.__vector_9
                0x00000cc2      0x26a ./main.o
                0x00000cc2                __vector_9
 .text.__vector_6
                0x00000f2c      0x14c ./main.o
                0x00000f2c                __vector_6
 .text.__vector_11
                0x00001078       0x52 ./uart.o
                0x00001078                __vector_11
 .text.__vector_12
                0x000010ca       0x4a ./uart.o
                0x000010ca                __vector_12
 .text.uart_init
                0x00001114       0x24 ./uart.o
                0x00001114                uart_init
 .text.uart_getc
                0x00001138       0x36 ./uart.o
                0x00001138                uart_getc
 .text.UART_peekc
                0x0000116e       0x14 ./uart.o
                0x0000116e                UART_peekc
 .text.uart_putc
                0x00001182       0x22 ./uart.o
                0x00001182                uart_putc
 .text.uart_puts
                0x000011a4       0x26 ./uart.o
                0x000011a4                uart_puts
 .text.uart_puts_p
                0x000011ca       0x1a ./uart.o
                0x000011ca                uart_puts_p
 .text.uart_puti
                0x000011e4       0x34 ./uart.o
                0x000011e4                uart_puti
 .text.uart_puthex_nibble
                0x00001218       0x10 ./uart.o
                0x00001218                uart_puthex_nibble
 .text.uart_puthex_byte
                0x00001228       0x12 ./uart.o
                0x00001228                uart_puthex_byte
 .text.UART_nextline
                0x0000123a        0xa ./uart.o
                0x0000123a                UART_nextline
 .text.UART_startline
                0x00001244        0x6 ./uart.o
                0x00001244                UART_startline
 .text.UART_backspace
                0x0000124a       0x1a ./uart.o
                0x0000124a                UART_backspace
 .text.UART_space
                0x00001264       0x1a ./uart.o
                0x00001264                UART_space
 .text.UART_clearscreen
                0x0000127e        0x6 ./uart.o
                0x0000127e                UART_clearscreen
 .text.UART_CmdCheck_p
                0x00001284       0x62 ./uart.o
                0x00001284                UART_CmdCheck_p
 .text.UART_getCmdLength
                0x000012e6        0x6 ./uart.o
                0x000012e6                UART_getCmdLength
 .text.uart_gets
                0x000012ec      0x112 ./uart.o
                0x000012ec                uart_gets
 .text.UART_sendi
                0x000013fe       0x60 ./uart.o
                0x000013fe                UART_sendi
 .text.UART_sendc
                0x0000145e       0x10 ./uart.o
                0x0000145e                UART_sendc
 .text.UART_sends
                0x0000146e       0x38 ./uart.o
                0x0000146e                UART_sends
 .text.UART_sendf
                0x000014a6       0x5c ./uart.o
                0x000014a6                UART_sendf
 .text.uart_readc
                0x00001502       0x22 ./uart.o
                0x00001502                uart_readc
 .text.uart_getint
                0x00001524        0xe ./uart.o
                0x00001524                uart_getint
 .text.libgcc   0x00001532       0x18 c:/avr-gcc/bin/../lib/gcc/avr/4.5.1/avr4\libgcc.a(_udivmodqi4.o)
                0x00001532                __udivmodqi4
 .text.libgcc   0x0000154a       0x26 c:/avr-gcc/bin/../lib/gcc/avr/4.5.1/avr4\libgcc.a(_divmodhi4.o)
                0x0000154a                _div
                0x0000154a                __divmodhi4
 .text.libgcc   0x00001570        0x0 c:/avr-gcc/bin/../lib/gcc/avr/4.5.1/avr4\libgcc.a(_exit.o)
 .text.libgcc   0x00001570        0x0 c:/avr-gcc/bin/../lib/gcc/avr/4.5.1/avr4\libgcc.a(_copy_data.o)
 .text.libgcc   0x00001570        0x0 c:/avr-gcc/bin/../lib/gcc/avr/4.5.1/avr4\libgcc.a(_clear_bss.o)
 .text.libgcc   0x00001570       0x28 c:/avr-gcc/bin/../lib/gcc/avr/4.5.1/avr4\libgcc.a(_udivmodhi4.o)
                0x00001570                __udivmodhi4
 .text.avr-libc
                0x00001598       0x42 c:/avr-gcc/bin/../lib/gcc/avr/4.5.1/../../../../avr/lib/avr4\libc.a(dtostrf.o)
                0x00001598                dtostrf
 .text.avr-libc
                0x000015da       0x3a c:/avr-gcc/bin/../lib/gcc/avr/4.5.1/../../../../avr/lib/avr4\libc.a(atoi.o)
                0x000015da                atoi
 .text.avr-libc
                0x00001614        0xe c:/avr-gcc/bin/../lib/gcc/avr/4.5.1/../../../../avr/lib/avr4\libc.a(strcpy.o)
                0x00001614                strcpy
 .text.avr-libc
                0x00001622       0x3e c:/avr-gcc/bin/../lib/gcc/avr/4.5.1/../../../../avr/lib/avr4\libc.a(itoa.o)
                0x00001622                itoa
 .text.avr-libc
                0x00001660       0x10 c:/avr-gcc/bin/../lib/gcc/avr/4.5.1/../../../../avr/lib/avr4\libc.a(mul10.o)
                0x00001660                __mulhi_const_10
 .text.avr-libc
                0x00001670      0x2a4 c:/avr-gcc/bin/../lib/gcc/avr/4.5.1/../../../../avr/lib/avr4\libc.a(dtoa_prf.o)
                0x00001670                dtoa_prf
 .text.avr-libc
                0x00001914      0x1b0 c:/avr-gcc/bin/../lib/gcc/avr/4.5.1/../../../../avr/lib/avr4\libc.a(ftoa_engine.o)
                0x00001914                __ftoa_engine
 .text.avr-libc
                0x00001ac4       0x20 c:/avr-gcc/bin/../lib/gcc/avr/4.5.1/../../../../avr/lib/avr4\libc.a(strrev.o)
                0x00001ac4                strrev
 .text.libgcc   0x00001ae4       0x38 c:/avr-gcc/bin/../lib/gcc/avr/4.5.1/avr4\libgcc.a(_prologue.o)
                0x00001ae4                __prologue_saves__
 .text.libgcc   0x00001b1c       0x36 c:/avr-gcc/bin/../lib/gcc/avr/4.5.1/avr4\libgcc.a(_epilogue.o)
                0x00001b1c                __epilogue_restores__
                0x00001b52                . = ALIGN (0x2)
 *(.fini9)
 .fini9         0x00001b52        0x0 c:/avr-gcc/bin/../lib/gcc/avr/4.5.1/avr4\libgcc.a(_exit.o)
                0x00001b52                _exit
                0x00001b52                exit
 *(.fini9)
 *(.fini8)
 *(.fini8)
 *(.fini7)
 *(.fini7)
 *(.fini6)
 *(.fini6)
 *(.fini5)
 *(.fini5)
 *(.fini4)
 *(.fini4)
 *(.fini3)
 *(.fini3)
 *(.fini2)
 *(.fini2)
 *(.fini1)
 *(.fini1)
 *(.fini0)
 .fini0         0x00001b52        0x4 c:/avr-gcc/bin/../lib/gcc/avr/4.5.1/avr4\libgcc.a(_exit.o)
 *(.fini0)
                0x00001b56                _etext = .

.data           0x00800060      0x1be load address 0x00001b56
                0x00800060                PROVIDE (__data_start, .)
 *(.data)
 .data          0x00800060        0x0 c:/avr-gcc/bin/../lib/gcc/avr/4.5.1/../../../../avr/lib/avr4/crtm8.o
 .data          0x00800060       0x11 ./lcd_drv.o
 .data          0x00800071       0x32 ./main.o
 .data          0x008000a3        0x0 ./qw.o
 .data          0x008000a3        0x0 ./uart.o
 .data          0x008000a3        0x0 c:/avr-gcc/bin/../lib/gcc/avr/4.5.1/avr4\libgcc.a(_udivmodqi4.o)
 .data          0x008000a3        0x0 c:/avr-gcc/bin/../lib/gcc/avr/4.5.1/avr4\libgcc.a(_divmodhi4.o)
 .data          0x008000a3        0x0 c:/avr-gcc/bin/../lib/gcc/avr/4.5.1/avr4\libgcc.a(_exit.o)
 .data          0x008000a3        0x0 c:/avr-gcc/bin/../lib/gcc/avr/4.5.1/avr4\libgcc.a(_copy_data.o)
 .data          0x008000a3        0x0 c:/avr-gcc/bin/../lib/gcc/avr/4.5.1/avr4\libgcc.a(_clear_bss.o)
 .data          0x008000a3        0x0 c:/avr-gcc/bin/../lib/gcc/avr/4.5.1/avr4\libgcc.a(_udivmodhi4.o)
 .data          0x008000a3        0x0 c:/avr-gcc/bin/../lib/gcc/avr/4.5.1/../../../../avr/lib/avr4\libc.a(dtostrf.o)
 .data          0x008000a3        0x0 c:/avr-gcc/bin/../lib/gcc/avr/4.5.1/../../../../avr/lib/avr4\libc.a(atoi.o)
 .data          0x008000a3        0x0 c:/avr-gcc/bin/../lib/gcc/avr/4.5.1/../../../../avr/lib/avr4\libc.a(strcpy.o)
 .data          0x008000a3        0x0 c:/avr-gcc/bin/../lib/gcc/avr/4.5.1/../../../../avr/lib/avr4\libc.a(itoa.o)
 .data          0x008000a3        0x0 c:/avr-gcc/bin/../lib/gcc/avr/4.5.1/../../../../avr/lib/avr4\libc.a(mul10.o)
 .data          0x008000a3        0x0 c:/avr-gcc/bin/../lib/gcc/avr/4.5.1/../../../../avr/lib/avr4\libc.a(dtoa_prf.o)
 .data          0x008000a3        0x0 c:/avr-gcc/bin/../lib/gcc/avr/4.5.1/../../../../avr/lib/avr4\libc.a(ftoa_engine.o)
 .data          0x008000a3        0x0 c:/avr-gcc/bin/../lib/gcc/avr/4.5.1/../../../../avr/lib/avr4\libc.a(strrev.o)
 .data          0x008000a3        0x0 c:/avr-gcc/bin/../lib/gcc/avr/4.5.1/avr4\libgcc.a(_prologue.o)
 .data          0x008000a3        0x0 c:/avr-gcc/bin/../lib/gcc/avr/4.5.1/avr4\libgcc.a(_epilogue.o)
 *(.data*)
 .data.lcd_pos  0x008000a3        0x1 ./lcd_drv.o
                0x008000a3                lcd_pos
 .data.Mot1_8s  0x008000a4       0x12 ./main.o
                0x008000a4                Mot1_8s
 .data.Mot_minz
                0x008000b6       0x10 ./main.o
                0x008000b6                Mot_minz
 .data.M        0x008000c6      0x154 ./main.o
                0x008000c6                M
 .data.stan     0x0080021a        0x4 ./main.o
                0x0080021a                stan
 *(.rodata)
 *(.rodata*)
 *(.gnu.linkonce.d*)
                0x0080021e                . = ALIGN (0x2)
                0x0080021e                _edata = .
                0x0080021e                PROVIDE (__data_end, .)

.bss            0x0080021e       0xb9
                0x0080021e                PROVIDE (__bss_start, .)
 *(.bss)
 .bss           0x0080021e        0x0 c:/avr-gcc/bin/../lib/gcc/avr/4.5.1/../../../../avr/lib/avr4/crtm8.o
 .bss           0x0080021e        0x0 ./lcd_drv.o
 .bss           0x0080021e        0x0 ./main.o
 .bss           0x0080021e        0x0 ./qw.o
 .bss           0x0080021e        0x0 ./uart.o
 .bss           0x0080021e        0x0 c:/avr-gcc/bin/../lib/gcc/avr/4.5.1/avr4\libgcc.a(_udivmodqi4.o)
 .bss           0x0080021e        0x0 c:/avr-gcc/bin/../lib/gcc/avr/4.5.1/avr4\libgcc.a(_divmodhi4.o)
 .bss           0x0080021e        0x0 c:/avr-gcc/bin/../lib/gcc/avr/4.5.1/avr4\libgcc.a(_exit.o)
 .bss           0x0080021e        0x0 c:/avr-gcc/bin/../lib/gcc/avr/4.5.1/avr4\libgcc.a(_copy_data.o)
 .bss           0x0080021e        0x0 c:/avr-gcc/bin/../lib/gcc/avr/4.5.1/avr4\libgcc.a(_clear_bss.o)
 .bss           0x0080021e        0x0 c:/avr-gcc/bin/../lib/gcc/avr/4.5.1/avr4\libgcc.a(_udivmodhi4.o)
 .bss           0x0080021e        0x0 c:/avr-gcc/bin/../lib/gcc/avr/4.5.1/../../../../avr/lib/avr4\libc.a(dtostrf.o)
 .bss           0x0080021e        0x0 c:/avr-gcc/bin/../lib/gcc/avr/4.5.1/../../../../avr/lib/avr4\libc.a(atoi.o)
 .bss           0x0080021e        0x0 c:/avr-gcc/bin/../lib/gcc/avr/4.5.1/../../../../avr/lib/avr4\libc.a(strcpy.o)
 .bss           0x0080021e        0x0 c:/avr-gcc/bin/../lib/gcc/avr/4.5.1/../../../../avr/lib/avr4\libc.a(itoa.o)
 .bss           0x0080021e        0x0 c:/avr-gcc/bin/../lib/gcc/avr/4.5.1/../../../../avr/lib/avr4\libc.a(mul10.o)
 .bss           0x0080021e        0x0 c:/avr-gcc/bin/../lib/gcc/avr/4.5.1/../../../../avr/lib/avr4\libc.a(dtoa_prf.o)
 .bss           0x0080021e        0x0 c:/avr-gcc/bin/../lib/gcc/avr/4.5.1/../../../../avr/lib/avr4\libc.a(ftoa_engine.o)
 .bss           0x0080021e        0x0 c:/avr-gcc/bin/../lib/gcc/avr/4.5.1/../../../../avr/lib/avr4\libc.a(strrev.o)
 .bss           0x0080021e        0x0 c:/avr-gcc/bin/../lib/gcc/avr/4.5.1/avr4\libgcc.a(_prologue.o)
 .bss           0x0080021e        0x0 c:/avr-gcc/bin/../lib/gcc/avr/4.5.1/avr4\libgcc.a(_epilogue.o)
 *(.bss*)
 .bss.y         0x0080021e        0x1 ./lcd_drv.o
                0x0080021e                y
 .bss.t_cal     0x0080021f        0x2 ./main.o
                0x0080021f                t_cal
 .bss.kr        0x00800221        0x2 ./main.o
                0x00800221                kr
 .bss.auto_flag
                0x00800223        0x2 ./main.o
                0x00800223                auto_flag
 .bss.menu_flag
                0x00800225        0x2 ./main.o
                0x00800225                menu_flag
 .bss.zm_flag   0x00800227        0x2 ./main.o
                0x00800227                zm_flag
 .bss.click     0x00800229        0x2 ./main.o
                0x00800229                click
 .bss.obr       0x0080022b        0x2 ./main.o
                0x0080022b                obr
 .bss.menu_out  0x0080022d        0x2 ./main.o
                0x0080022d                menu_out
 .bss.vect      0x0080022f        0x1 ./main.o
                0x0080022f                vect
 .bss.Mot       0x00800230       0x12 ./main.o
                0x00800230                Mot
 .bss.num_el    0x00800242        0x2 ./main.o
                0x00800242                num_el
 .bss.aflag     0x00800244        0x2 ./main.o
                0x00800244                aflag
 .bss.counter   0x00800246        0x2 ./main.o
                0x00800246                counter
 .bss.flag0     0x00800248        0x2 ./main.o
                0x00800248                flag0
 .bss.flag1     0x0080024a        0x2 ./main.o
                0x0080024a                flag1
 .bss.UART_CmdLength
                0x0080024c        0x1 ./uart.o
 .bss.UART_TxHead
                0x0080024d        0x1 ./uart.o
 .bss.UART_TxTail
                0x0080024e        0x1 ./uart.o
 .bss.UART_TxBuf
                0x0080024f       0x20 ./uart.o
 .bss.UART_RxTail
                0x0080026f        0x1 ./uart.o
 .bss.UART_RxBuf
                0x00800270       0x20 ./uart.o
 .bss.UART_RxHead
                0x00800290        0x1 ./uart.o
 .bss.UART_LastRxError
                0x00800291        0x1 ./uart.o
 *(COMMON)
 COMMON         0x00800292        0x1 ./lcd_drv.o
                0x00800292                x
 COMMON         0x00800293       0x22 ./main.o
                0x00800293                t_cpu
                0x00800295                lp
                0x00800296                t_cpuc
                0x00800299                stan_poprz
                0x0080029a                t_gpuc
                0x0080029d                Mot1c
                0x008002a1                bufor
                0x008002a2                t_gpu
                0x008002a4                date
                0x008002af                clock
 COMMON         0x008002b5       0x22 ./uart.o
                0x008002b5                bufi
                0x008002b7                buffer2
                0x008002ba                buffer
                0x008002c1                buffer5
                0x008002cc                buffer4
                0x008002d1                buffer3
                0x008002d7                PROVIDE (__bss_end, .)
                0x00001b56                __data_load_start = LOADADDR (.data)
                0x00001d14                __data_load_end = (__data_load_start + SIZEOF (.data))

.noinit         0x008002d7        0x0
                0x008002d7                PROVIDE (__noinit_start, .)
 *(.noinit*)
                0x008002d7                PROVIDE (__noinit_end, .)
                0x008002d7                _end = .
                0x008002d7                PROVIDE (__heap_start, .)

.eeprom         0x00810000        0x0
 *(.eeprom*)
                0x00810000                __eeprom_end = .

.stab           0x00000000     0x15e4
 *(.stab)
 .stab          0x00000000      0x6cc c:/avr-gcc/bin/../lib/gcc/avr/4.5.1/../../../../avr/lib/avr4/crtm8.o
 .stab          0x000006cc      0x174 c:/avr-gcc/bin/../lib/gcc/avr/4.5.1/../../../../avr/lib/avr4\libc.a(atoi.o)
                                0x180 (size before relaxing)
 .stab          0x00000840       0x6c c:/avr-gcc/bin/../lib/gcc/avr/4.5.1/../../../../avr/lib/avr4\libc.a(strcpy.o)
                                 0x78 (size before relaxing)
 .stab          0x000008ac      0x1b0 c:/avr-gcc/bin/../lib/gcc/avr/4.5.1/../../../../avr/lib/avr4\libc.a(itoa.o)
                                0x1bc (size before relaxing)
 .stab          0x00000a5c       0x78 c:/avr-gcc/bin/../lib/gcc/avr/4.5.1/../../../../avr/lib/avr4\libc.a(mul10.o)
                                 0x84 (size before relaxing)
 .stab          0x00000ad4      0xa38 c:/avr-gcc/bin/../lib/gcc/avr/4.5.1/../../../../avr/lib/avr4\libc.a(ftoa_engine.o)
                                0xa44 (size before relaxing)
 .stab          0x0000150c       0xd8 c:/avr-gcc/bin/../lib/gcc/avr/4.5.1/../../../../avr/lib/avr4\libc.a(strrev.o)
                                 0xe4 (size before relaxing)

.stabstr        0x00000000      0x230
 *(.stabstr)
 .stabstr       0x00000000      0x230 c:/avr-gcc/bin/../lib/gcc/avr/4.5.1/../../../../avr/lib/avr4/crtm8.o

.stab.excl
 *(.stab.excl)

.stab.exclstr
 *(.stab.exclstr)

.stab.index
 *(.stab.index)

.stab.indexstr
 *(.stab.indexstr)

.comment
 *(.comment)

.debug
 *(.debug)

.line
 *(.line)

.debug_srcinfo
 *(.debug_srcinfo)

.debug_sfnames
 *(.debug_sfnames)

.debug_aranges  0x00000000       0x40
 *(.debug_aranges)
 .debug_aranges
                0x00000000       0x20 c:/avr-gcc/bin/../lib/gcc/avr/4.5.1/../../../../avr/lib/avr4\libc.a(dtostrf.o)
 .debug_aranges
                0x00000020       0x20 c:/avr-gcc/bin/../lib/gcc/avr/4.5.1/../../../../avr/lib/avr4\libc.a(dtoa_prf.o)

.debug_pubnames
                0x00000000       0x3d
 *(.debug_pubnames)
 .debug_pubnames
                0x00000000       0x1e c:/avr-gcc/bin/../lib/gcc/avr/4.5.1/../../../../avr/lib/avr4\libc.a(dtostrf.o)
 .debug_pubnames
                0x0000001e       0x1f c:/avr-gcc/bin/../lib/gcc/avr/4.5.1/../../../../avr/lib/avr4\libc.a(dtoa_prf.o)

.debug_info     0x00000000      0x226
 *(.debug_info)
 .debug_info    0x00000000       0xdf c:/avr-gcc/bin/../lib/gcc/avr/4.5.1/../../../../avr/lib/avr4\libc.a(dtostrf.o)
 .debug_info    0x000000df      0x147 c:/avr-gcc/bin/../lib/gcc/avr/4.5.1/../../../../avr/lib/avr4\libc.a(dtoa_prf.o)
 *(.gnu.linkonce.wi.*)

.debug_abbrev   0x00000000      0x12f
 *(.debug_abbrev)
 .debug_abbrev  0x00000000       0x7b c:/avr-gcc/bin/../lib/gcc/avr/4.5.1/../../../../avr/lib/avr4\libc.a(dtostrf.o)
 .debug_abbrev  0x0000007b       0xb4 c:/avr-gcc/bin/../lib/gcc/avr/4.5.1/../../../../avr/lib/avr4\libc.a(dtoa_prf.o)

.debug_line     0x00000000      0x4d4
 *(.debug_line)
 .debug_line    0x00000000       0x8d c:/avr-gcc/bin/../lib/gcc/avr/4.5.1/../../../../avr/lib/avr4\libc.a(dtostrf.o)
 .debug_line    0x0000008d      0x447 c:/avr-gcc/bin/../lib/gcc/avr/4.5.1/../../../../avr/lib/avr4\libc.a(dtoa_prf.o)

.debug_frame    0x00000000       0x40
 *(.debug_frame)
 .debug_frame   0x00000000       0x20 c:/avr-gcc/bin/../lib/gcc/avr/4.5.1/../../../../avr/lib/avr4\libc.a(dtostrf.o)
 .debug_frame   0x00000020       0x20 c:/avr-gcc/bin/../lib/gcc/avr/4.5.1/../../../../avr/lib/avr4\libc.a(dtoa_prf.o)

.debug_str      0x00000000      0x102
 *(.debug_str)
 .debug_str     0x00000000       0xc8 c:/avr-gcc/bin/../lib/gcc/avr/4.5.1/../../../../avr/lib/avr4\libc.a(dtostrf.o)
                                0x101 (size before relaxing)
 .debug_str     0x000000c8       0x3a c:/avr-gcc/bin/../lib/gcc/avr/4.5.1/../../../../avr/lib/avr4\libc.a(dtoa_prf.o)
                                0x10f (size before relaxing)

.debug_loc      0x00000000      0x601
 *(.debug_loc)
 .debug_loc     0x00000000       0x90 c:/avr-gcc/bin/../lib/gcc/avr/4.5.1/../../../../avr/lib/avr4\libc.a(dtostrf.o)
 .debug_loc     0x00000090      0x571 c:/avr-gcc/bin/../lib/gcc/avr/4.5.1/../../../../avr/lib/avr4\libc.a(dtoa_prf.o)

.debug_macinfo
 *(.debug_macinfo)
OUTPUT(Ster_temp.elf elf32-avr)
LOAD linker stubs

.debug_pubtypes
                0x00000000       0x24
 .debug_pubtypes
                0x00000000       0x12 c:/avr-gcc/bin/../lib/gcc/avr/4.5.1/../../../../avr/lib/avr4\libc.a(dtostrf.o)
 .debug_pubtypes
                0x00000012       0x12 c:/avr-gcc/bin/../lib/gcc/avr/4.5.1/../../../../avr/lib/avr4\libc.a(dtoa_prf.o)

.debug_ranges   0x00000000       0x20
 .debug_ranges  0x00000000       0x10 c:/avr-gcc/bin/../lib/gcc/avr/4.5.1/../../../../avr/lib/avr4\libc.a(dtostrf.o)
 .debug_ranges  0x00000010       0x10 c:/avr-gcc/bin/../lib/gcc/avr/4.5.1/../../../../avr/lib/avr4\libc.a(dtoa_prf.o)
