Archive member included because of file (symbol)

c:/avr-gcc/bin/../lib/gcc/avr/4.5.1/avr5\libgcc.a(_mulsi3.o)
                              ./main.o (__mulsi3)
c:/avr-gcc/bin/../lib/gcc/avr/4.5.1/avr5\libgcc.a(_udivmodqi4.o)
                              ./lcd_drv.o (__udivmodqi4)
c:/avr-gcc/bin/../lib/gcc/avr/4.5.1/avr5\libgcc.a(_udivmodhi4.o)
                              ./main.o (__udivmodhi4)
c:/avr-gcc/bin/../lib/gcc/avr/4.5.1/avr5\libgcc.a(_divmodhi4.o)
                              ./lcd_drv.o (__divmodhi4)
c:/avr-gcc/bin/../lib/gcc/avr/4.5.1/avr5\libgcc.a(_exit.o)
                              c:/avr-gcc/bin/../lib/gcc/avr/4.5.1/../../../../avr/lib/avr5/crtm644p.o (exit)
c:/avr-gcc/bin/../lib/gcc/avr/4.5.1/avr5\libgcc.a(_copy_data.o)
                              ./DS18B20.o (__do_copy_data)
c:/avr-gcc/bin/../lib/gcc/avr/4.5.1/avr5\libgcc.a(_clear_bss.o)
                              ./DS18B20.o (__do_clear_bss)
c:/avr-gcc/bin/../lib/gcc/avr/4.5.1/avr5\libgcc.a(_addsub_sf.o)
                              ./DS18B20.o (__subsf3)
c:/avr-gcc/bin/../lib/gcc/avr/4.5.1/avr5\libgcc.a(_mul_sf.o)
                              ./DS18B20.o (__mulsf3)
c:/avr-gcc/bin/../lib/gcc/avr/4.5.1/avr5\libgcc.a(_gt_sf.o)
                              ./DS18B20.o (__gtsf2)
c:/avr-gcc/bin/../lib/gcc/avr/4.5.1/avr5\libgcc.a(_lt_sf.o)
                              ./DS18B20.o (__ltsf2)
c:/avr-gcc/bin/../lib/gcc/avr/4.5.1/avr5\libgcc.a(_le_sf.o)
                              ./DS18B20.o (__lesf2)
c:/avr-gcc/bin/../lib/gcc/avr/4.5.1/avr5\libgcc.a(_si_to_sf.o)
                              ./DS18B20.o (__floatsisf)
c:/avr-gcc/bin/../lib/gcc/avr/4.5.1/avr5\libgcc.a(_thenan_sf.o)
                              c:/avr-gcc/bin/../lib/gcc/avr/4.5.1/avr5\libgcc.a(_addsub_sf.o) (__thenan_sf)
c:/avr-gcc/bin/../lib/gcc/avr/4.5.1/avr5\libgcc.a(_prologue.o)
                              c:/avr-gcc/bin/../lib/gcc/avr/4.5.1/avr5\libgcc.a(_addsub_sf.o) (__prologue_saves__)
c:/avr-gcc/bin/../lib/gcc/avr/4.5.1/avr5\libgcc.a(_epilogue.o)
                              c:/avr-gcc/bin/../lib/gcc/avr/4.5.1/avr5\libgcc.a(_addsub_sf.o) (__epilogue_restores__)
c:/avr-gcc/bin/../lib/gcc/avr/4.5.1/avr5\libgcc.a(_clzsi2.o)
                              c:/avr-gcc/bin/../lib/gcc/avr/4.5.1/avr5\libgcc.a(_si_to_sf.o) (__clzsi2)
c:/avr-gcc/bin/../lib/gcc/avr/4.5.1/avr5\libgcc.a(_pack_sf.o)
                              c:/avr-gcc/bin/../lib/gcc/avr/4.5.1/avr5\libgcc.a(_addsub_sf.o) (__pack_f)
c:/avr-gcc/bin/../lib/gcc/avr/4.5.1/avr5\libgcc.a(_unpack_sf.o)
                              c:/avr-gcc/bin/../lib/gcc/avr/4.5.1/avr5\libgcc.a(_addsub_sf.o) (__unpack_f)
c:/avr-gcc/bin/../lib/gcc/avr/4.5.1/avr5\libgcc.a(_fpcmp_parts_sf.o)
                              c:/avr-gcc/bin/../lib/gcc/avr/4.5.1/avr5\libgcc.a(_gt_sf.o) (__fpcmp_parts_f)
c:/avr-gcc/bin/../lib/gcc/avr/4.5.1/avr5\libgcc.a(_clz.o)
                              c:/avr-gcc/bin/../lib/gcc/avr/4.5.1/avr5\libgcc.a(_clzsi2.o) (__clz_tab)
c:/avr-gcc/bin/../lib/gcc/avr/4.5.1/../../../../avr/lib/avr5\libc.a(dtostrf.o)
                              ./DS18B20.o (dtostrf)
c:/avr-gcc/bin/../lib/gcc/avr/4.5.1/../../../../avr/lib/avr5\libc.a(atoi.o)
                              ./RS485.o (atoi)
c:/avr-gcc/bin/../lib/gcc/avr/4.5.1/../../../../avr/lib/avr5\libc.a(strcpy.o)
                              ./RS485.o (strcpy)
c:/avr-gcc/bin/../lib/gcc/avr/4.5.1/../../../../avr/lib/avr5\libc.a(itoa.o)
                              ./uart.o (itoa)
c:/avr-gcc/bin/../lib/gcc/avr/4.5.1/../../../../avr/lib/avr5\libc.a(mul10.o)
                              c:/avr-gcc/bin/../lib/gcc/avr/4.5.1/../../../../avr/lib/avr5\libc.a(atoi.o) (__mulhi_const_10)
c:/avr-gcc/bin/../lib/gcc/avr/4.5.1/../../../../avr/lib/avr5\libc.a(sprintf.o)
                              ./RS485.o (sprintf)
c:/avr-gcc/bin/../lib/gcc/avr/4.5.1/../../../../avr/lib/avr5\libc.a(vfprintf_std.o)
                              c:/avr-gcc/bin/../lib/gcc/avr/4.5.1/../../../../avr/lib/avr5\libc.a(sprintf.o) (vfprintf)
c:/avr-gcc/bin/../lib/gcc/avr/4.5.1/../../../../avr/lib/avr5\libc.a(dtoa_prf.o)
                              c:/avr-gcc/bin/../lib/gcc/avr/4.5.1/../../../../avr/lib/avr5\libc.a(dtostrf.o) (dtoa_prf)
c:/avr-gcc/bin/../lib/gcc/avr/4.5.1/../../../../avr/lib/avr5\libc.a(ftoa_engine.o)
                              c:/avr-gcc/bin/../lib/gcc/avr/4.5.1/../../../../avr/lib/avr5\libc.a(dtoa_prf.o) (__ftoa_engine)
c:/avr-gcc/bin/../lib/gcc/avr/4.5.1/../../../../avr/lib/avr5\libc.a(strnlen_P.o)
                              c:/avr-gcc/bin/../lib/gcc/avr/4.5.1/../../../../avr/lib/avr5\libc.a(vfprintf_std.o) (strnlen_P)
c:/avr-gcc/bin/../lib/gcc/avr/4.5.1/../../../../avr/lib/avr5\libc.a(strnlen.o)
                              c:/avr-gcc/bin/../lib/gcc/avr/4.5.1/../../../../avr/lib/avr5\libc.a(vfprintf_std.o) (strnlen)
c:/avr-gcc/bin/../lib/gcc/avr/4.5.1/../../../../avr/lib/avr5\libc.a(strrev.o)
                              c:/avr-gcc/bin/../lib/gcc/avr/4.5.1/../../../../avr/lib/avr5\libc.a(itoa.o) (strrev)
c:/avr-gcc/bin/../lib/gcc/avr/4.5.1/../../../../avr/lib/avr5\libc.a(fputc.o)
                              c:/avr-gcc/bin/../lib/gcc/avr/4.5.1/../../../../avr/lib/avr5\libc.a(vfprintf_std.o) (fputc)
c:/avr-gcc/bin/../lib/gcc/avr/4.5.1/../../../../avr/lib/avr5\libc.a(ultoa_invert.o)
                              c:/avr-gcc/bin/../lib/gcc/avr/4.5.1/../../../../avr/lib/avr5\libc.a(vfprintf_std.o) (__ultoa_invert)

Allocating common symbols
Common symbol       size              file

bufi                0x2               ./uart.o
Temp_out            0x4               ./main.o
x                   0x1               ./lcd_drv.o
flag                0x1               ./I2C_slave.o
buff                0x64              ./uart.o
OW_PIN              0x1               ./DS18B20.o
buffer_address      0x1               ./I2C_slave.o
buffer              0x3               ./main.o
Temp_in             0x4               ./main.o
txbuffer            0xff              ./I2C_slave.o
buf                 0x14              ./main.o
Time                0x2               ./main.o
ds18b20_pad         0x9               ./main.o
str                 0x14              ./main.o
rxbuffer            0xff              ./I2C_slave.o
status              0x1               ./main.o

Memory Configuration

Name             Origin             Length             Attributes
text             0x00000000         0x00020000         xr
data             0x00800060         0x0000ffa0         rw !x
eeprom           0x00810000         0x00010000         rw !x
*default*        0x00000000         0xffffffff

Linker script and memory map

Address of section .data set to 0x800100
LOAD c:/avr-gcc/bin/../lib/gcc/avr/4.5.1/../../../../avr/lib/avr5/crtm644p.o
LOAD ./DS18B20.o
LOAD ./I2C_slave.o
LOAD ./MFRC522.o
LOAD ./RS485.o
LOAD ./lcd_drv.o
LOAD ./main.o
LOAD ./pgmspace.o
LOAD ./uart.o
LOAD ./variables.o
LOAD c:/avr-gcc/bin/../lib/gcc/avr/4.5.1/avr5\libgcc.a
LOAD c:/avr-gcc/bin/../lib/gcc/avr/4.5.1/../../../../avr/lib/avr5\libc.a
LOAD c:/avr-gcc/bin/../lib/gcc/avr/4.5.1/avr5\libgcc.a

.hash
 *(.hash)

.dynsym
 *(.dynsym)

.dynstr
 *(.dynstr)

.gnu.version
 *(.gnu.version)

.gnu.version_d
 *(.gnu.version_d)

.gnu.version_r
 *(.gnu.version_r)

.rel.init
 *(.rel.init)

.rela.init
 *(.rela.init)

.rel.text
 *(.rel.text)
 *(.rel.text.*)
 *(.rel.gnu.linkonce.t*)

.rela.text
 *(.rela.text)
 *(.rela.text.*)
 *(.rela.gnu.linkonce.t*)

.rel.fini
 *(.rel.fini)

.rela.fini
 *(.rela.fini)

.rel.rodata
 *(.rel.rodata)
 *(.rel.rodata.*)
 *(.rel.gnu.linkonce.r*)

.rela.rodata
 *(.rela.rodata)
 *(.rela.rodata.*)
 *(.rela.gnu.linkonce.r*)

.rel.data
 *(.rel.data)
 *(.rel.data.*)
 *(.rel.gnu.linkonce.d*)

.rela.data
 *(.rela.data)
 *(.rela.data.*)
 *(.rela.gnu.linkonce.d*)

.rel.ctors
 *(.rel.ctors)

.rela.ctors
 *(.rela.ctors)

.rel.dtors
 *(.rel.dtors)

.rela.dtors
 *(.rela.dtors)

.rel.got
 *(.rel.got)

.rela.got
 *(.rela.got)

.rel.bss
 *(.rel.bss)

.rela.bss
 *(.rela.bss)

.rel.plt
 *(.rel.plt)

.rela.plt
 *(.rela.plt)

.text           0x00000000     0x4898
 *(.vectors)
 .vectors       0x00000000       0x7c c:/avr-gcc/bin/../lib/gcc/avr/4.5.1/../../../../avr/lib/avr5/crtm644p.o
                0x00000000                __vector_default
                0x00000000                __vectors
 *(.vectors)
 *(.progmem.gcc*)
 .progmem.gcc_sw_table
                0x0000007c       0x2c ./RS485.o
 *(.progmem*)
 .progmem.data  0x000000a8      0x1f4 ./pgmspace.o
                0x000000a8                x80
                0x000000b0                x81
                0x000000b8                x82
                0x000000c0                x83
                0x000000c8                x84
                0x000000d0                x85
                0x000000d8                x86
                0x000000e0                x87
                0x000000e8                x88
                0x000000f0                x89
                0x000000f8                x8a
                0x00000100                x8b
                0x00000108                x8c
                0x00000110                x8d
                0x00000118                x8e
                0x00000120                x8f
                0x00000128                x90
                0x00000130                x91
                0x00000138                x92
                0x00000140                x93
                0x00000148                x94
                0x00000150                x95
                0x00000158                x96
                0x00000160                x97
                0x00000168                x98
                0x00000170                x99
                0x00000178                x9a
                0x00000180                x9b
                0x00000188                x9c
                0x00000190                x9d
                0x00000198                x9e
                0x000001a0                x9f
                0x000001a8                xa0
                0x000001b0                xa1
                0x000001b8                xa2
                0x000001c0                xa3
                0x000001c8                xa4
                0x000001d0                xa5
                0x000001d8                xa6
                0x000001e0                xa7
                0x000001e8                xa8
                0x000001f0                xa9
                0x000001f8                xaa
                0x00000200                xab
                0x00000208                xac
                0x00000210                xad
                0x00000218                xae
                0x00000220                xaf
                0x00000228                xb0
                0x00000230                xb1
                0x00000238                g_SpecialCharacters
 .progmem.data  0x0000029c       0xfa c:/avr-gcc/bin/../lib/gcc/avr/4.5.1/../../../../avr/lib/avr5\libc.a(ftoa_engine.o)
                0x00000396                . = ALIGN (0x2)
                0x00000396                __trampolines_start = .
 *(.trampolines)
 .trampolines   0x00000396        0x0 linker stubs
 *(.trampolines*)
                0x00000396                __trampolines_end = .
 *(.jumptables)
 *(.jumptables*)
 *(.lowtext)
 *(.lowtext*)
                0x00000396                __ctors_start = .
 *(.ctors)
                0x00000396                __ctors_end = .
                0x00000396                __dtors_start = .
 *(.dtors)
                0x00000396                __dtors_end = .
 SORT(*)(.ctors)
 SORT(*)(.dtors)
 *(.init0)
 .init0         0x00000396        0x0 c:/avr-gcc/bin/../lib/gcc/avr/4.5.1/../../../../avr/lib/avr5/crtm644p.o
                0x00000396                __init
 *(.init0)
 *(.init1)
 *(.init1)
 *(.init2)
 .init2         0x00000396        0xc c:/avr-gcc/bin/../lib/gcc/avr/4.5.1/../../../../avr/lib/avr5/crtm644p.o
 *(.init2)
 *(.init3)
 *(.init3)
 *(.init4)
 .init4         0x000003a2       0x16 c:/avr-gcc/bin/../lib/gcc/avr/4.5.1/avr5\libgcc.a(_copy_data.o)
                0x000003a2                __do_copy_data
 .init4         0x000003b8       0x10 c:/avr-gcc/bin/../lib/gcc/avr/4.5.1/avr5\libgcc.a(_clear_bss.o)
                0x000003b8                __do_clear_bss
 *(.init4)
 *(.init5)
 *(.init5)
 *(.init6)
 *(.init6)
 *(.init7)
 *(.init7)
 *(.init8)
 *(.init8)
 *(.init9)
 .init9         0x000003c8        0x8 c:/avr-gcc/bin/../lib/gcc/avr/4.5.1/../../../../avr/lib/avr5/crtm644p.o
 *(.init9)
 *(.text)
 .text          0x000003d0        0x4 c:/avr-gcc/bin/../lib/gcc/avr/4.5.1/../../../../avr/lib/avr5/crtm644p.o
                0x000003d0                __vector_22
                0x000003d0                __vector_24
                0x000003d0                __vector_12
                0x000003d0                __bad_interrupt
                0x000003d0                __vector_3
                0x000003d0                __vector_23
                0x000003d0                __vector_30
                0x000003d0                __vector_25
                0x000003d0                __vector_11
                0x000003d0                __vector_17
                0x000003d0                __vector_19
                0x000003d0                __vector_7
                0x000003d0                __vector_27
                0x000003d0                __vector_5
                0x000003d0                __vector_4
                0x000003d0                __vector_9
                0x000003d0                __vector_15
                0x000003d0                __vector_8
                0x000003d0                __vector_14
                0x000003d0                __vector_10
                0x000003d0                __vector_18
 .text          0x000003d4        0x0 ./DS18B20.o
 .text          0x000003d4        0x0 ./I2C_slave.o
 .text          0x000003d4        0x0 ./MFRC522.o
 .text          0x000003d4        0x0 ./RS485.o
 .text          0x000003d4        0x0 ./lcd_drv.o
 .text          0x000003d4        0x0 ./main.o
 .text          0x000003d4        0x0 ./pgmspace.o
 .text          0x000003d4        0x0 ./uart.o
 .text          0x000003d4        0x0 ./variables.o
 .text          0x000003d4        0x0 c:/avr-gcc/bin/../lib/gcc/avr/4.5.1/avr5\libgcc.a(_mulsi3.o)
 .text          0x000003d4        0x0 c:/avr-gcc/bin/../lib/gcc/avr/4.5.1/avr5\libgcc.a(_udivmodqi4.o)
 .text          0x000003d4        0x0 c:/avr-gcc/bin/../lib/gcc/avr/4.5.1/avr5\libgcc.a(_udivmodhi4.o)
 .text          0x000003d4        0x0 c:/avr-gcc/bin/../lib/gcc/avr/4.5.1/avr5\libgcc.a(_divmodhi4.o)
 .text          0x000003d4        0x0 c:/avr-gcc/bin/../lib/gcc/avr/4.5.1/avr5\libgcc.a(_exit.o)
 .text          0x000003d4        0x0 c:/avr-gcc/bin/../lib/gcc/avr/4.5.1/avr5\libgcc.a(_copy_data.o)
 .text          0x000003d4        0x0 c:/avr-gcc/bin/../lib/gcc/avr/4.5.1/avr5\libgcc.a(_clear_bss.o)
 .text          0x000003d4      0x354 c:/avr-gcc/bin/../lib/gcc/avr/4.5.1/avr5\libgcc.a(_addsub_sf.o)
                0x0000066c                __addsf3
                0x000006c6                __subsf3
 .text          0x00000728      0x1fa c:/avr-gcc/bin/../lib/gcc/avr/4.5.1/avr5\libgcc.a(_mul_sf.o)
                0x00000728                __mulsf3
 .text          0x00000922       0x60 c:/avr-gcc/bin/../lib/gcc/avr/4.5.1/avr5\libgcc.a(_gt_sf.o)
                0x00000922                __gtsf2
 .text          0x00000982       0x60 c:/avr-gcc/bin/../lib/gcc/avr/4.5.1/avr5\libgcc.a(_lt_sf.o)
                0x00000982                __ltsf2
 .text          0x000009e2       0x60 c:/avr-gcc/bin/../lib/gcc/avr/4.5.1/avr5\libgcc.a(_le_sf.o)
                0x000009e2                __lesf2
 .text          0x00000a42       0xc0 c:/avr-gcc/bin/../lib/gcc/avr/4.5.1/avr5\libgcc.a(_si_to_sf.o)
                0x00000a42                __floatsisf
 .text          0x00000b02        0x0 c:/avr-gcc/bin/../lib/gcc/avr/4.5.1/avr5\libgcc.a(_thenan_sf.o)
 .text          0x00000b02        0x0 c:/avr-gcc/bin/../lib/gcc/avr/4.5.1/avr5\libgcc.a(_prologue.o)
 .text          0x00000b02        0x0 c:/avr-gcc/bin/../lib/gcc/avr/4.5.1/avr5\libgcc.a(_epilogue.o)
 .text          0x00000b02       0xb6 c:/avr-gcc/bin/../lib/gcc/avr/4.5.1/avr5\libgcc.a(_clzsi2.o)
                0x00000b02                __clzsi2
 .text          0x00000bb8      0x1a2 c:/avr-gcc/bin/../lib/gcc/avr/4.5.1/avr5\libgcc.a(_pack_sf.o)
                0x00000bb8                __pack_f
 .text          0x00000d5a       0xd2 c:/avr-gcc/bin/../lib/gcc/avr/4.5.1/avr5\libgcc.a(_unpack_sf.o)
                0x00000d5a                __unpack_f
 .text          0x00000e2c       0xb2 c:/avr-gcc/bin/../lib/gcc/avr/4.5.1/avr5\libgcc.a(_fpcmp_parts_sf.o)
                0x00000e2c                __fpcmp_parts_f
 .text          0x00000ede        0x0 c:/avr-gcc/bin/../lib/gcc/avr/4.5.1/avr5\libgcc.a(_clz.o)
 .text          0x00000ede        0x0 c:/avr-gcc/bin/../lib/gcc/avr/4.5.1/../../../../avr/lib/avr5\libc.a(dtostrf.o)
 .text          0x00000ede        0x0 c:/avr-gcc/bin/../lib/gcc/avr/4.5.1/../../../../avr/lib/avr5\libc.a(atoi.o)
 .text          0x00000ede        0x0 c:/avr-gcc/bin/../lib/gcc/avr/4.5.1/../../../../avr/lib/avr5\libc.a(strcpy.o)
 .text          0x00000ede        0x0 c:/avr-gcc/bin/../lib/gcc/avr/4.5.1/../../../../avr/lib/avr5\libc.a(itoa.o)
 .text          0x00000ede        0x0 c:/avr-gcc/bin/../lib/gcc/avr/4.5.1/../../../../avr/lib/avr5\libc.a(mul10.o)
 .text          0x00000ede        0x0 c:/avr-gcc/bin/../lib/gcc/avr/4.5.1/../../../../avr/lib/avr5\libc.a(sprintf.o)
 .text          0x00000ede        0x0 c:/avr-gcc/bin/../lib/gcc/avr/4.5.1/../../../../avr/lib/avr5\libc.a(vfprintf_std.o)
 .text          0x00000ede        0x0 c:/avr-gcc/bin/../lib/gcc/avr/4.5.1/../../../../avr/lib/avr5\libc.a(dtoa_prf.o)
 .text          0x00000ede        0x0 c:/avr-gcc/bin/../lib/gcc/avr/4.5.1/../../../../avr/lib/avr5\libc.a(ftoa_engine.o)
 .text          0x00000ede        0x0 c:/avr-gcc/bin/../lib/gcc/avr/4.5.1/../../../../avr/lib/avr5\libc.a(strnlen_P.o)
 .text          0x00000ede        0x0 c:/avr-gcc/bin/../lib/gcc/avr/4.5.1/../../../../avr/lib/avr5\libc.a(strnlen.o)
 .text          0x00000ede        0x0 c:/avr-gcc/bin/../lib/gcc/avr/4.5.1/../../../../avr/lib/avr5\libc.a(strrev.o)
 .text          0x00000ede        0x0 c:/avr-gcc/bin/../lib/gcc/avr/4.5.1/../../../../avr/lib/avr5\libc.a(fputc.o)
 .text          0x00000ede        0x0 c:/avr-gcc/bin/../lib/gcc/avr/4.5.1/../../../../avr/lib/avr5\libc.a(ultoa_invert.o)
                0x00000ede                . = ALIGN (0x2)
 *(.text.*)
 .text.ow_reset
                0x00000ede       0x44 ./DS18B20.o
                0x00000ede                ow_reset
 .text.ow_bit_io
                0x00000f22       0x66 ./DS18B20.o
                0x00000f22                ow_bit_io
 .text.ow_byte_wr
                0x00000f88       0x22 ./DS18B20.o
                0x00000f88                ow_byte_wr
 .text.ow_byte_rd
                0x00000faa        0x8 ./DS18B20.o
                0x00000faa                ow_byte_rd
 .text.DS18B20_showtemp
                0x00000fb2      0x284 ./DS18B20.o
                0x00000fb2                DS18B20_showtemp
 .text.DS18B20_ConvertT
                0x00001236       0x68 ./DS18B20.o
                0x00001236                DS18B20_ConvertT
 .text.zmroz    0x0000129e       0x76 ./DS18B20.o
                0x0000129e                zmroz
 .text.I2C_init
                0x00001314        0xe ./I2C_slave.o
                0x00001314                I2C_init
 .text.I2C_stop
                0x00001322        0xc ./I2C_slave.o
                0x00001322                I2C_stop
 .text.__vector_26
                0x0000132e       0xdc ./I2C_slave.o
                0x0000132e                __vector_26
 .text.SPI_transfer
                0x0000140a        0xc ./MFRC522.o
                0x0000140a                SPI_transfer
 .text.Write_MFRC522
                0x00001416       0x28 ./MFRC522.o
                0x00001416                Write_MFRC522
 .text.Read_MFRC522
                0x0000143e       0x16 ./MFRC522.o
                0x0000143e                Read_MFRC522
 .text.SetBitMask
                0x00001454       0x28 ./MFRC522.o
                0x00001454                SetBitMask
 .text.ClearBitMask
                0x0000147c       0x2a ./MFRC522.o
                0x0000147c                ClearBitMask
 .text.AntennaOn
                0x000014a6       0x1a ./MFRC522.o
                0x000014a6                AntennaOn
 .text.AntennaOff
                0x000014c0        0xa ./MFRC522.o
                0x000014c0                AntennaOff
 .text.MFRC522_Reset
                0x000014ca        0xa ./MFRC522.o
                0x000014ca                MFRC522_Reset
 .text.MFRC522_Init
                0x000014d4       0x48 ./MFRC522.o
                0x000014d4                MFRC522_Init
 .text.MFRC522_ToCard
                0x0000151c      0x1a0 ./MFRC522.o
                0x0000151c                MFRC522_ToCard
 .text.MFRC522_Request
                0x000016bc       0x52 ./MFRC522.o
                0x000016bc                MFRC522_Request
 .text.MFRC522_Anticoll
                0x0000170e       0x66 ./MFRC522.o
                0x0000170e                MFRC522_Anticoll
 .text.CalulateCRC
                0x00001774       0x8e ./MFRC522.o
                0x00001774                CalulateCRC
 .text.MFRC522_SelectTag
                0x00001802       0x88 ./MFRC522.o
                0x00001802                MFRC522_SelectTag
 .text.MFRC522_Auth
                0x0000188a       0x8e ./MFRC522.o
                0x0000188a                MFRC522_Auth
 .text.MFRC522_Read
                0x00001918       0x56 ./MFRC522.o
                0x00001918                MFRC522_Read
 .text.MFRC522_Write
                0x0000196e       0xde ./MFRC522.o
                0x0000196e                MFRC522_Write
 .text.MFRC522_Halt
                0x00001a4c       0x54 ./MFRC522.o
                0x00001a4c                MFRC522_Halt
 .text.RS_TransferMulti.clone.0
                0x00001aa0       0xb0 ./RS485.o
 .text.RS485_Init
                0x00001b50        0xe ./RS485.o
                0x00001b50                RS485_Init
 .text.RS_Get   0x00001b5e      0x4b8 ./RS485.o
                0x00001b5e                RS_Get
 .text.RS_Edit  0x00002016      0x148 ./RS485.o
                0x00002016                RS_Edit
 .text.RS_Check
                0x0000215e      0x122 ./RS485.o
                0x0000215e                RS_Check
 .text.RS_Add   0x00002280       0x2a ./RS485.o
                0x00002280                RS_Add
 .text.RS_Del   0x000022aa       0x2e ./RS485.o
                0x000022aa                RS_Del
 .text.RS_Transfer
                0x000022d8       0x80 ./RS485.o
                0x000022d8                RS_Transfer
 .text.RS_Cancel
                0x00002358        0xa ./RS485.o
                0x00002358                RS_Cancel
 .text.RS_Save  0x00002362        0xa ./RS485.o
                0x00002362                RS_Save
 .text.RS_TransferMulti
                0x0000236c       0xbc ./RS485.o
                0x0000236c                RS_TransferMulti
 .text.RS_Receive
                0x00002428       0x12 ./RS485.o
                0x00002428                RS_Receive
 .text.RS_Receive_Multi
                0x0000243a       0x5a ./RS485.o
                0x0000243a                RS_Receive_Multi
 .text.RS_Process
                0x00002494      0x1be ./RS485.o
                0x00002494                RS_Process
 .text.MAX_EnableWrite
                0x00002652        0x4 ./RS485.o
                0x00002652                MAX_EnableWrite
 .text.MAX_DisableWrite
                0x00002656        0x4 ./RS485.o
                0x00002656                MAX_DisableWrite
 .text.lcd_nibble
                0x0000265a       0x24 ./lcd_drv.o
 .text.lcd_byte
                0x0000267e       0x1e ./lcd_drv.o
 .text.lcd_command
                0x0000269c       0x1a ./lcd_drv.o
                0x0000269c                lcd_command
 .text.lcd_putchar
                0x000026b6       0x12 ./lcd_drv.o
                0x000026b6                lcd_putchar
 .text.lcd_puts
                0x000026c8       0x28 ./lcd_drv.o
                0x000026c8                lcd_puts
 .text.lcd_blank
                0x000026f0       0x2c ./lcd_drv.o
                0x000026f0                lcd_blank
 .text.lcd_init
                0x0000271c       0x84 ./lcd_drv.o
                0x0000271c                lcd_init
 .text.lcd_hex  0x000027a0       0x6e ./lcd_drv.o
                0x000027a0                lcd_hex
 .text.lcd_cyfra
                0x0000280e       0x66 ./lcd_drv.o
                0x0000280e                lcd_cyfra
 .text.lcd_lnumber
                0x00002874      0x112 ./lcd_drv.o
                0x00002874                lcd_lnumber
 .text.lcd_number
                0x00002986       0x68 ./lcd_drv.o
                0x00002986                lcd_number
 .text.lcd_define_icon
                0x000029ee       0x4a ./lcd_drv.o
                0x000029ee                lcd_define_icon
 .text.lcd_draw_icon
                0x00002a38       0x44 ./lcd_drv.o
                0x00002a38                lcd_draw_icon
 .text.keypad_set_input
                0x00002a7c       0xbe ./main.o
                0x00002a7c                keypad_set_input
 .text.keypad_init
                0x00002b3a        0xe ./main.o
                0x00002b3a                keypad_init
 .text.keypad_poll
                0x00002b48       0xe4 ./main.o
                0x00002b48                keypad_poll
 .text.io_init  0x00002c2c        0xa ./main.o
                0x00002c2c                io_init
 .text.timer0_init
                0x00002c36       0x10 ./main.o
                0x00002c36                timer0_init
 .text.timer1_init
                0x00002c46       0x1e ./main.o
                0x00002c46                timer1_init
 .text.__vector_2
                0x00002c64       0x28 ./main.o
                0x00002c64                __vector_2
 .text.__vector_6
                0x00002c8c       0x14 ./main.o
                0x00002c8c                __vector_6
 .text.__vector_16
                0x00002ca0       0x86 ./main.o
                0x00002ca0                __vector_16
 .text.__vector_13
                0x00002d26      0x18e ./main.o
                0x00002d26                __vector_13
 .text.clearKeypadBuffer
                0x00002eb4       0x16 ./main.o
                0x00002eb4                clearKeypadBuffer
 .text.getKeypadCommand
                0x00002eca       0xa4 ./main.o
                0x00002eca                getKeypadCommand
 .text.displaySensors
                0x00002f6e      0x160 ./main.o
                0x00002f6e                displaySensors
 .text.displayMainView
                0x000030ce      0x186 ./main.o
                0x000030ce                displayMainView
 .text.beep     0x00003254       0x46 ./main.o
                0x00003254                beep
 .text.keyBeep  0x0000329a       0x22 ./main.o
                0x0000329a                keyBeep
 .text.updateKeypadBuffer
                0x000032bc       0x42 ./main.o
                0x000032bc                updateKeypadBuffer
 .text.controlLoop
                0x000032fe      0x38c ./main.o
                0x000032fe                controlLoop
 .text.main     0x0000368a      0x130 ./main.o
                0x0000368a                main
 .text.STM32_disarmWithUserPwd
                0x000037ba        0x4 ./main.o
                0x000037ba                STM32_disarmWithUserPwd
 .text.STM32_armWithUserPwd
                0x000037be        0x4 ./main.o
                0x000037be                STM32_armWithUserPwd
 .text.STM32_loginWithUserPwd
                0x000037c2        0x4 ./main.o
                0x000037c2                STM32_loginWithUserPwd
 .text.__vector_1
                0x000037c6       0xe4 ./main.o
                0x000037c6                __vector_1
 .text.__vector_20
                0x000038aa       0xca ./uart.o
                0x000038aa                __vector_20
 .text.__vector_21
                0x00003974       0x54 ./uart.o
                0x00003974                __vector_21
 .text.uart_init
                0x000039c8       0x34 ./uart.o
                0x000039c8                uart_init
 .text.uart_getc
                0x000039fc       0x3c ./uart.o
                0x000039fc                uart_getc
 .text.uart_putc
                0x00003a38       0x2a ./uart.o
                0x00003a38                uart_putc
 .text.uart_puts
                0x00003a62       0x28 ./uart.o
                0x00003a62                uart_puts
 .text.uart_puts_p
                0x00003a8a       0x1c ./uart.o
                0x00003a8a                uart_puts_p
 .text.__vector_28
                0x00003aa6       0x5c ./uart.o
                0x00003aa6                __vector_28
 .text.__vector_29
                0x00003b02       0x54 ./uart.o
                0x00003b02                __vector_29
 .text.uart1_init
                0x00003b56       0x34 ./uart.o
                0x00003b56                uart1_init
 .text.uart1_getc
                0x00003b8a       0x3c ./uart.o
                0x00003b8a                uart1_getc
 .text.uart1_putc
                0x00003bc6       0x2a ./uart.o
                0x00003bc6                uart1_putc
 .text.uart1_puts
                0x00003bf0       0x28 ./uart.o
                0x00003bf0                uart1_puts
 .text.uart1_puts_p
                0x00003c18       0x1c ./uart.o
                0x00003c18                uart1_puts_p
 .text.Is_Data  0x00003c34       0x12 ./uart.o
                0x00003c34                Is_Data
 .text.UART_sendi
                0x00003c46       0x44 ./uart.o
                0x00003c46                UART_sendi
 .text.uart_gets
                0x00003c8a       0x4a ./uart.o
                0x00003c8a                uart_gets
 .text.libgcc   0x00003cd4       0x3e c:/avr-gcc/bin/../lib/gcc/avr/4.5.1/avr5\libgcc.a(_mulsi3.o)
                0x00003cd4                __mulsi3
 .text.libgcc   0x00003d12       0x18 c:/avr-gcc/bin/../lib/gcc/avr/4.5.1/avr5\libgcc.a(_udivmodqi4.o)
                0x00003d12                __udivmodqi4
 .text.libgcc   0x00003d2a       0x28 c:/avr-gcc/bin/../lib/gcc/avr/4.5.1/avr5\libgcc.a(_udivmodhi4.o)
                0x00003d2a                __udivmodhi4
 .text.libgcc   0x00003d52       0x26 c:/avr-gcc/bin/../lib/gcc/avr/4.5.1/avr5\libgcc.a(_divmodhi4.o)
                0x00003d52                _div
                0x00003d52                __divmodhi4
 .text.libgcc   0x00003d78        0x0 c:/avr-gcc/bin/../lib/gcc/avr/4.5.1/avr5\libgcc.a(_exit.o)
 .text.libgcc   0x00003d78        0x0 c:/avr-gcc/bin/../lib/gcc/avr/4.5.1/avr5\libgcc.a(_copy_data.o)
 .text.libgcc   0x00003d78        0x0 c:/avr-gcc/bin/../lib/gcc/avr/4.5.1/avr5\libgcc.a(_clear_bss.o)
 .text.libgcc   0x00003d78       0x38 c:/avr-gcc/bin/../lib/gcc/avr/4.5.1/avr5\libgcc.a(_prologue.o)
                0x00003d78                __prologue_saves__
 .text.libgcc   0x00003db0       0x36 c:/avr-gcc/bin/../lib/gcc/avr/4.5.1/avr5\libgcc.a(_epilogue.o)
                0x00003db0                __epilogue_restores__
 .text.avr-libc
                0x00003de6       0x44 c:/avr-gcc/bin/../lib/gcc/avr/4.5.1/../../../../avr/lib/avr5\libc.a(dtostrf.o)
                0x00003de6                dtostrf
 .text.avr-libc
                0x00003e2a       0x3c c:/avr-gcc/bin/../lib/gcc/avr/4.5.1/../../../../avr/lib/avr5\libc.a(atoi.o)
                0x00003e2a                atoi
 .text.avr-libc
                0x00003e66        0xe c:/avr-gcc/bin/../lib/gcc/avr/4.5.1/../../../../avr/lib/avr5\libc.a(strcpy.o)
                0x00003e66                strcpy
 .text.avr-libc
                0x00003e74       0x42 c:/avr-gcc/bin/../lib/gcc/avr/4.5.1/../../../../avr/lib/avr5\libc.a(itoa.o)
                0x00003e74                itoa
 .text.avr-libc
                0x00003eb6       0x10 c:/avr-gcc/bin/../lib/gcc/avr/4.5.1/../../../../avr/lib/avr5\libc.a(mul10.o)
                0x00003eb6                __mulhi_const_10
 .text.avr-libc
                0x00003ec6       0x46 c:/avr-gcc/bin/../lib/gcc/avr/4.5.1/../../../../avr/lib/avr5\libc.a(sprintf.o)
                0x00003ec6                sprintf
 .text.avr-libc
                0x00003f0c      0x3ce c:/avr-gcc/bin/../lib/gcc/avr/4.5.1/../../../../avr/lib/avr5\libc.a(vfprintf_std.o)
                0x00003f0c                vfprintf
 .text.avr-libc
                0x000042da      0x2aa c:/avr-gcc/bin/../lib/gcc/avr/4.5.1/../../../../avr/lib/avr5\libc.a(dtoa_prf.o)
                0x000042da                dtoa_prf
 .text.avr-libc
                0x00004584      0x1b0 c:/avr-gcc/bin/../lib/gcc/avr/4.5.1/../../../../avr/lib/avr5\libc.a(ftoa_engine.o)
                0x00004584                __ftoa_engine
 .text.avr-libc
                0x00004734       0x16 c:/avr-gcc/bin/../lib/gcc/avr/4.5.1/../../../../avr/lib/avr5\libc.a(strnlen_P.o)
                0x00004734                strnlen_P
 .text.avr-libc
                0x0000474a       0x16 c:/avr-gcc/bin/../lib/gcc/avr/4.5.1/../../../../avr/lib/avr5\libc.a(strnlen.o)
                0x0000474a                strnlen
 .text.avr-libc
                0x00004760       0x20 c:/avr-gcc/bin/../lib/gcc/avr/4.5.1/../../../../avr/lib/avr5\libc.a(strrev.o)
                0x00004760                strrev
 .text.avr-libc
                0x00004780       0x58 c:/avr-gcc/bin/../lib/gcc/avr/4.5.1/../../../../avr/lib/avr5\libc.a(fputc.o)
                0x00004780                fputc
 .text.avr-libc
                0x000047d8       0xbc c:/avr-gcc/bin/../lib/gcc/avr/4.5.1/../../../../avr/lib/avr5\libc.a(ultoa_invert.o)
                0x000047d8                __ultoa_invert
                0x00004894                . = ALIGN (0x2)
 *(.fini9)
 .fini9         0x00004894        0x0 c:/avr-gcc/bin/../lib/gcc/avr/4.5.1/avr5\libgcc.a(_exit.o)
                0x00004894                _exit
                0x00004894                exit
 *(.fini9)
 *(.fini8)
 *(.fini8)
 *(.fini7)
 *(.fini7)
 *(.fini6)
 *(.fini6)
 *(.fini5)
 *(.fini5)
 *(.fini4)
 *(.fini4)
 *(.fini3)
 *(.fini3)
 *(.fini2)
 *(.fini2)
 *(.fini1)
 *(.fini1)
 *(.fini0)
 .fini0         0x00004894        0x4 c:/avr-gcc/bin/../lib/gcc/avr/4.5.1/avr5\libgcc.a(_exit.o)
 *(.fini0)
                0x00004898                _etext = .

.data           0x00800100      0x276 load address 0x00004898
                0x00800100                PROVIDE (__data_start, .)
 *(.data)
 .data          0x00800100        0x0 c:/avr-gcc/bin/../lib/gcc/avr/4.5.1/../../../../avr/lib/avr5/crtm644p.o
 .data          0x00800100        0x0 ./DS18B20.o
 .data          0x00800100        0x0 ./I2C_slave.o
 .data          0x00800100        0x0 ./MFRC522.o
 .data          0x00800100        0x6 ./RS485.o
 .data          0x00800106       0x14 ./lcd_drv.o
 .data          0x0080011a      0x12a ./main.o
 .data          0x00800244        0x0 ./pgmspace.o
 .data          0x00800244        0x0 ./uart.o
 .data          0x00800244        0x0 ./variables.o
 .data          0x00800244        0x0 c:/avr-gcc/bin/../lib/gcc/avr/4.5.1/avr5\libgcc.a(_mulsi3.o)
 .data          0x00800244        0x0 c:/avr-gcc/bin/../lib/gcc/avr/4.5.1/avr5\libgcc.a(_udivmodqi4.o)
 .data          0x00800244        0x0 c:/avr-gcc/bin/../lib/gcc/avr/4.5.1/avr5\libgcc.a(_udivmodhi4.o)
 .data          0x00800244        0x0 c:/avr-gcc/bin/../lib/gcc/avr/4.5.1/avr5\libgcc.a(_divmodhi4.o)
 .data          0x00800244        0x0 c:/avr-gcc/bin/../lib/gcc/avr/4.5.1/avr5\libgcc.a(_exit.o)
 .data          0x00800244        0x0 c:/avr-gcc/bin/../lib/gcc/avr/4.5.1/avr5\libgcc.a(_copy_data.o)
 .data          0x00800244        0x0 c:/avr-gcc/bin/../lib/gcc/avr/4.5.1/avr5\libgcc.a(_clear_bss.o)
 .data          0x00800244        0x0 c:/avr-gcc/bin/../lib/gcc/avr/4.5.1/avr5\libgcc.a(_addsub_sf.o)
 .data          0x00800244        0x0 c:/avr-gcc/bin/../lib/gcc/avr/4.5.1/avr5\libgcc.a(_mul_sf.o)
 .data          0x00800244        0x0 c:/avr-gcc/bin/../lib/gcc/avr/4.5.1/avr5\libgcc.a(_gt_sf.o)
 .data          0x00800244        0x0 c:/avr-gcc/bin/../lib/gcc/avr/4.5.1/avr5\libgcc.a(_lt_sf.o)
 .data          0x00800244        0x0 c:/avr-gcc/bin/../lib/gcc/avr/4.5.1/avr5\libgcc.a(_le_sf.o)
 .data          0x00800244        0x0 c:/avr-gcc/bin/../lib/gcc/avr/4.5.1/avr5\libgcc.a(_si_to_sf.o)
 .data          0x00800244        0x8 c:/avr-gcc/bin/../lib/gcc/avr/4.5.1/avr5\libgcc.a(_thenan_sf.o)
                0x00800244                __thenan_sf
 .data          0x0080024c        0x0 c:/avr-gcc/bin/../lib/gcc/avr/4.5.1/avr5\libgcc.a(_prologue.o)
 .data          0x0080024c        0x0 c:/avr-gcc/bin/../lib/gcc/avr/4.5.1/avr5\libgcc.a(_epilogue.o)
 .data          0x0080024c        0x0 c:/avr-gcc/bin/../lib/gcc/avr/4.5.1/avr5\libgcc.a(_clzsi2.o)
 .data          0x0080024c        0x0 c:/avr-gcc/bin/../lib/gcc/avr/4.5.1/avr5\libgcc.a(_pack_sf.o)
 .data          0x0080024c        0x0 c:/avr-gcc/bin/../lib/gcc/avr/4.5.1/avr5\libgcc.a(_unpack_sf.o)
 .data          0x0080024c        0x0 c:/avr-gcc/bin/../lib/gcc/avr/4.5.1/avr5\libgcc.a(_fpcmp_parts_sf.o)
 .data          0x0080024c      0x100 c:/avr-gcc/bin/../lib/gcc/avr/4.5.1/avr5\libgcc.a(_clz.o)
                0x0080024c                __clz_tab
 .data          0x0080034c        0x0 c:/avr-gcc/bin/../lib/gcc/avr/4.5.1/../../../../avr/lib/avr5\libc.a(dtostrf.o)
 .data          0x0080034c        0x0 c:/avr-gcc/bin/../lib/gcc/avr/4.5.1/../../../../avr/lib/avr5\libc.a(atoi.o)
 .data          0x0080034c        0x0 c:/avr-gcc/bin/../lib/gcc/avr/4.5.1/../../../../avr/lib/avr5\libc.a(strcpy.o)
 .data          0x0080034c        0x0 c:/avr-gcc/bin/../lib/gcc/avr/4.5.1/../../../../avr/lib/avr5\libc.a(itoa.o)
 .data          0x0080034c        0x0 c:/avr-gcc/bin/../lib/gcc/avr/4.5.1/../../../../avr/lib/avr5\libc.a(mul10.o)
 .data          0x0080034c        0x0 c:/avr-gcc/bin/../lib/gcc/avr/4.5.1/../../../../avr/lib/avr5\libc.a(sprintf.o)
 .data          0x0080034c        0x0 c:/avr-gcc/bin/../lib/gcc/avr/4.5.1/../../../../avr/lib/avr5\libc.a(vfprintf_std.o)
 .data          0x0080034c        0x0 c:/avr-gcc/bin/../lib/gcc/avr/4.5.1/../../../../avr/lib/avr5\libc.a(dtoa_prf.o)
 .data          0x0080034c        0x0 c:/avr-gcc/bin/../lib/gcc/avr/4.5.1/../../../../avr/lib/avr5\libc.a(ftoa_engine.o)
 .data          0x0080034c        0x0 c:/avr-gcc/bin/../lib/gcc/avr/4.5.1/../../../../avr/lib/avr5\libc.a(strnlen_P.o)
 .data          0x0080034c        0x0 c:/avr-gcc/bin/../lib/gcc/avr/4.5.1/../../../../avr/lib/avr5\libc.a(strnlen.o)
 .data          0x0080034c        0x0 c:/avr-gcc/bin/../lib/gcc/avr/4.5.1/../../../../avr/lib/avr5\libc.a(strrev.o)
 .data          0x0080034c        0x0 c:/avr-gcc/bin/../lib/gcc/avr/4.5.1/../../../../avr/lib/avr5\libc.a(fputc.o)
 .data          0x0080034c        0x0 c:/avr-gcc/bin/../lib/gcc/avr/4.5.1/../../../../avr/lib/avr5\libc.a(ultoa_invert.o)
 *(.data*)
 .data.lcd_pos  0x0080034c        0x1 ./lcd_drv.o
                0x0080034c                lcd_pos
 .data.seck     0x0080034d        0x6 ./main.o
                0x0080034d                seck
 .data.t        0x00800353        0xb ./variables.o
                0x00800353                t
 .data.g_BacklightTime_s
                0x0080035e        0x2 ./variables.o
                0x0080035e                g_BacklightTime_s
 .data.g_MenuTime_s
                0x00800360        0x1 ./variables.o
                0x00800360                g_MenuTime_s
 .data.g_LogoutTime_s
                0x00800361        0x1 ./variables.o
                0x00800361                g_LogoutTime_s
 .data.g_KeypadBeep
                0x00800362        0x1 ./variables.o
                0x00800362                g_KeypadBeep
 .data.g_Halted
                0x00800363        0x1 ./variables.o
                0x00800363                g_Halted
 .data.g_ShowClockTemp
                0x00800364        0x1 ./variables.o
                0x00800364                g_ShowClockTemp
 .data.g_BacklightTimer_s
                0x00800365        0x2 ./variables.o
                0x00800365                g_BacklightTimer_s
 .data.g_MenuTimer_s
                0x00800367        0x1 ./variables.o
                0x00800367                g_MenuTimer_s
 .data.g_LogoutTimer_s
                0x00800368        0x1 ./variables.o
                0x00800368                g_LogoutTimer_s
 .data.g_SensorStates
                0x00800369        0x2 ./variables.o
                0x00800369                g_SensorStates
 .data.g_SensorZones
                0x0080036b        0x2 ./variables.o
                0x0080036b                g_SensorZones
 .data.g_SensorEnabled
                0x0080036d        0x2 ./variables.o
                0x0080036d                g_SensorEnabled
 *(.rodata)
 *(.rodata*)
 .rodata.CSWTCH.7
                0x0080036f        0x3 ./MFRC522.o
 .rodata.CSWTCH.8
                0x00800372        0x3 ./MFRC522.o
 *(.gnu.linkonce.d*)
                0x00800376                . = ALIGN (0x2)
 *fill*         0x00800375        0x1 00
                0x00800376                _edata = .
                0x00800376                PROVIDE (__data_end, .)

.bss            0x00800376      0x362
                0x00800376                PROVIDE (__bss_start, .)
 *(.bss)
 .bss           0x00800376        0x0 c:/avr-gcc/bin/../lib/gcc/avr/4.5.1/../../../../avr/lib/avr5/crtm644p.o
 .bss           0x00800376        0x0 ./DS18B20.o
 .bss           0x00800376        0x0 ./I2C_slave.o
 .bss           0x00800376        0x0 ./MFRC522.o
 .bss           0x00800376        0x0 ./RS485.o
 .bss           0x00800376        0x0 ./lcd_drv.o
 .bss           0x00800376        0x0 ./main.o
 .bss           0x00800376        0x0 ./pgmspace.o
 .bss           0x00800376        0x0 ./uart.o
 .bss           0x00800376        0x0 ./variables.o
 .bss           0x00800376        0x0 c:/avr-gcc/bin/../lib/gcc/avr/4.5.1/avr5\libgcc.a(_mulsi3.o)
 .bss           0x00800376        0x0 c:/avr-gcc/bin/../lib/gcc/avr/4.5.1/avr5\libgcc.a(_udivmodqi4.o)
 .bss           0x00800376        0x0 c:/avr-gcc/bin/../lib/gcc/avr/4.5.1/avr5\libgcc.a(_udivmodhi4.o)
 .bss           0x00800376        0x0 c:/avr-gcc/bin/../lib/gcc/avr/4.5.1/avr5\libgcc.a(_divmodhi4.o)
 .bss           0x00800376        0x0 c:/avr-gcc/bin/../lib/gcc/avr/4.5.1/avr5\libgcc.a(_exit.o)
 .bss           0x00800376        0x0 c:/avr-gcc/bin/../lib/gcc/avr/4.5.1/avr5\libgcc.a(_copy_data.o)
 .bss           0x00800376        0x0 c:/avr-gcc/bin/../lib/gcc/avr/4.5.1/avr5\libgcc.a(_clear_bss.o)
 .bss           0x00800376        0x0 c:/avr-gcc/bin/../lib/gcc/avr/4.5.1/avr5\libgcc.a(_addsub_sf.o)
 .bss           0x00800376        0x0 c:/avr-gcc/bin/../lib/gcc/avr/4.5.1/avr5\libgcc.a(_mul_sf.o)
 .bss           0x00800376        0x0 c:/avr-gcc/bin/../lib/gcc/avr/4.5.1/avr5\libgcc.a(_gt_sf.o)
 .bss           0x00800376        0x0 c:/avr-gcc/bin/../lib/gcc/avr/4.5.1/avr5\libgcc.a(_lt_sf.o)
 .bss           0x00800376        0x0 c:/avr-gcc/bin/../lib/gcc/avr/4.5.1/avr5\libgcc.a(_le_sf.o)
 .bss           0x00800376        0x0 c:/avr-gcc/bin/../lib/gcc/avr/4.5.1/avr5\libgcc.a(_si_to_sf.o)
 .bss           0x00800376        0x0 c:/avr-gcc/bin/../lib/gcc/avr/4.5.1/avr5\libgcc.a(_thenan_sf.o)
 .bss           0x00800376        0x0 c:/avr-gcc/bin/../lib/gcc/avr/4.5.1/avr5\libgcc.a(_prologue.o)
 .bss           0x00800376        0x0 c:/avr-gcc/bin/../lib/gcc/avr/4.5.1/avr5\libgcc.a(_epilogue.o)
 .bss           0x00800376        0x0 c:/avr-gcc/bin/../lib/gcc/avr/4.5.1/avr5\libgcc.a(_clzsi2.o)
 .bss           0x00800376        0x0 c:/avr-gcc/bin/../lib/gcc/avr/4.5.1/avr5\libgcc.a(_pack_sf.o)
 .bss           0x00800376        0x0 c:/avr-gcc/bin/../lib/gcc/avr/4.5.1/avr5\libgcc.a(_unpack_sf.o)
 .bss           0x00800376        0x0 c:/avr-gcc/bin/../lib/gcc/avr/4.5.1/avr5\libgcc.a(_fpcmp_parts_sf.o)
 .bss           0x00800376        0x0 c:/avr-gcc/bin/../lib/gcc/avr/4.5.1/avr5\libgcc.a(_clz.o)
 .bss           0x00800376        0x0 c:/avr-gcc/bin/../lib/gcc/avr/4.5.1/../../../../avr/lib/avr5\libc.a(dtostrf.o)
 .bss           0x00800376        0x0 c:/avr-gcc/bin/../lib/gcc/avr/4.5.1/../../../../avr/lib/avr5\libc.a(atoi.o)
 .bss           0x00800376        0x0 c:/avr-gcc/bin/../lib/gcc/avr/4.5.1/../../../../avr/lib/avr5\libc.a(strcpy.o)
 .bss           0x00800376        0x0 c:/avr-gcc/bin/../lib/gcc/avr/4.5.1/../../../../avr/lib/avr5\libc.a(itoa.o)
 .bss           0x00800376        0x0 c:/avr-gcc/bin/../lib/gcc/avr/4.5.1/../../../../avr/lib/avr5\libc.a(mul10.o)
 .bss           0x00800376        0x0 c:/avr-gcc/bin/../lib/gcc/avr/4.5.1/../../../../avr/lib/avr5\libc.a(sprintf.o)
 .bss           0x00800376        0x0 c:/avr-gcc/bin/../lib/gcc/avr/4.5.1/../../../../avr/lib/avr5\libc.a(vfprintf_std.o)
 .bss           0x00800376        0x0 c:/avr-gcc/bin/../lib/gcc/avr/4.5.1/../../../../avr/lib/avr5\libc.a(dtoa_prf.o)
 .bss           0x00800376        0x0 c:/avr-gcc/bin/../lib/gcc/avr/4.5.1/../../../../avr/lib/avr5\libc.a(ftoa_engine.o)
 .bss           0x00800376        0x0 c:/avr-gcc/bin/../lib/gcc/avr/4.5.1/../../../../avr/lib/avr5\libc.a(strnlen_P.o)
 .bss           0x00800376        0x0 c:/avr-gcc/bin/../lib/gcc/avr/4.5.1/../../../../avr/lib/avr5\libc.a(strnlen.o)
 .bss           0x00800376        0x0 c:/avr-gcc/bin/../lib/gcc/avr/4.5.1/../../../../avr/lib/avr5\libc.a(strrev.o)
 .bss           0x00800376        0x0 c:/avr-gcc/bin/../lib/gcc/avr/4.5.1/../../../../avr/lib/avr5\libc.a(fputc.o)
 .bss           0x00800376        0x0 c:/avr-gcc/bin/../lib/gcc/avr/4.5.1/../../../../avr/lib/avr5\libc.a(ultoa_invert.o)
 *(.bss*)
 .bss.y         0x00800376        0x1 ./lcd_drv.o
                0x00800376                y
 .bss.keypad_state
                0x00800377        0x1 ./main.o
                0x00800377                keypad_state
 .bss.keypad_pressed
                0x00800378        0x1 ./main.o
                0x00800378                keypad_pressed
 .bss.ID        0x00800379        0x6 ./main.o
                0x00800379                ID
 .bss.Halt      0x0080037f        0x1 ./main.o
                0x0080037f                Halt
 .bss.Alarm_flag
                0x00800380        0x1 ./main.o
                0x00800380                Alarm_flag
 .bss.rec       0x00800381        0x1 ./main.o
                0x00800381                rec
 .bss.blad      0x00800382        0x2 ./main.o
                0x00800382                blad
 .bss.roz       0x00800384        0x1 ./main.o
                0x00800384                roz
 .bss.lastScreenState.2000
                0x00800385        0x1 ./main.o
 .bss.rqs_flag  0x00800386        0x1 ./uart.o
                0x00800386                rqs_flag
 .bss.rqs_proc  0x00800387        0x1 ./uart.o
                0x00800387                rqs_proc
 .bss.UART_RxTail
                0x00800388        0x1 ./uart.o
 .bss.UART_RxHead
                0x00800389        0x1 ./uart.o
 .bss.UART1_TxHead
                0x0080038a        0x1 ./uart.o
 .bss.UART1_TxTail
                0x0080038b        0x1 ./uart.o
 .bss.UART1_TxBuf
                0x0080038c       0x20 ./uart.o
 .bss.UART1_RxHead
                0x008003ac        0x1 ./uart.o
 .bss.UART1_RxTail
                0x008003ad        0x1 ./uart.o
 .bss.UART1_RxBuf
                0x008003ae       0x20 ./uart.o
 .bss.UART1_LastRxError
                0x008003ce        0x1 ./uart.o
 .bss.UART_TxHead
                0x008003cf        0x1 ./uart.o
 .bss.UART_TxTail
                0x008003d0        0x1 ./uart.o
 .bss.UART_TxBuf
                0x008003d1       0x20 ./uart.o
 .bss.UART_RxBuf
                0x008003f1       0x20 ./uart.o
 .bss.UART_LastRxError
                0x00800411        0x1 ./uart.o
 .bss.hms       0x00800412        0x2 ./variables.o
                0x00800412                hms
 .bss.g_RefreshLCD
                0x00800414        0x1 ./variables.o
                0x00800414                g_RefreshLCD
 .bss.g_LoggedUserID
                0x00800415        0x1 ./variables.o
                0x00800415                g_LoggedUserID
 .bss.g_ScreenState
                0x00800416        0x1 ./variables.o
                0x00800416                g_ScreenState
 .bss.g_InputEnabled
                0x00800417        0x1 ./variables.o
                0x00800417                g_InputEnabled
 .bss.g_InputDisplay
                0x00800418        0x1 ./variables.o
                0x00800418                g_InputDisplay
 .bss.g_InputMode
                0x00800419        0x1 ./variables.o
                0x00800419                g_InputMode
 .bss.g_Sabotage
                0x0080041a        0x1 ./variables.o
                0x0080041a                g_Sabotage
 .bss.g_Vigil   0x0080041b        0x1 ./variables.o
                0x0080041b                g_Vigil
 .bss.g_Alarmed
                0x0080041c        0x1 ./variables.o
                0x0080041c                g_Alarmed
 .bss.g_SilientPanic
                0x0080041d        0x1 ./variables.o
                0x0080041d                g_SilientPanic
 .bss.g_Panic   0x0080041e        0x1 ./variables.o
                0x0080041e                g_Panic
 .bss.INT       0x0080041f        0x1 ./variables.o
                0x0080041f                INT
 .bss.g_BuzzerCycles
                0x00800420        0x2 ./variables.o
                0x00800420                g_BuzzerCycles
 .bss.g_BuzzerCntr
                0x00800422        0x2 ./variables.o
                0x00800422                g_BuzzerCntr
 .bss.g_BuzzerHalfPeriod
                0x00800424        0x2 ./variables.o
                0x00800424                g_BuzzerHalfPeriod
 .bss.g_KeypadBuffer
                0x00800426        0xa ./variables.o
                0x00800426                g_KeypadBuffer
 .bss.g_newKey  0x00800430        0x1 ./variables.o
                0x00800430                g_newKey
 *(COMMON)
 COMMON         0x00800431        0x1 ./DS18B20.o
                0x00800431                OW_PIN
 COMMON         0x00800432      0x200 ./I2C_slave.o
                0x00800432                flag
                0x00800433                buffer_address
                0x00800434                txbuffer
                0x00800533                rxbuffer
 COMMON         0x00800632        0x1 ./lcd_drv.o
                0x00800632                x
 COMMON         0x00800633       0x3f ./main.o
                0x00800633                Temp_out
                0x00800637                buffer
                0x0080063a                Temp_in
                0x0080063e                buf
                0x00800652                Time
                0x00800654                ds18b20_pad
                0x0080065d                str
                0x00800671                status
 COMMON         0x00800672       0x66 ./uart.o
                0x00800672                bufi
                0x00800674                buff
                0x008006d8                PROVIDE (__bss_end, .)
                0x00004898                __data_load_start = LOADADDR (.data)
                0x00004b0e                __data_load_end = (__data_load_start + SIZEOF (.data))

.noinit         0x008006d8        0x0
                0x008006d8                PROVIDE (__noinit_start, .)
 *(.noinit*)
                0x008006d8                PROVIDE (__noinit_end, .)
                0x008006d8                _end = .
                0x008006d8                PROVIDE (__heap_start, .)

.eeprom         0x00810000        0x0
 *(.eeprom*)
                0x00810000                __eeprom_end = .

.stab           0x00000000     0x1b9c
 *(.stab)
 .stab          0x00000000      0x6cc c:/avr-gcc/bin/../lib/gcc/avr/4.5.1/../../../../avr/lib/avr5/crtm644p.o
 .stab          0x000006cc      0x174 c:/avr-gcc/bin/../lib/gcc/avr/4.5.1/../../../../avr/lib/avr5\libc.a(atoi.o)
                                0x180 (size before relaxing)
 .stab          0x00000840       0x6c c:/avr-gcc/bin/../lib/gcc/avr/4.5.1/../../../../avr/lib/avr5\libc.a(strcpy.o)
                                 0x78 (size before relaxing)
 .stab          0x000008ac      0x1b0 c:/avr-gcc/bin/../lib/gcc/avr/4.5.1/../../../../avr/lib/avr5\libc.a(itoa.o)
                                0x1bc (size before relaxing)
 .stab          0x00000a5c       0x78 c:/avr-gcc/bin/../lib/gcc/avr/4.5.1/../../../../avr/lib/avr5\libc.a(mul10.o)
                                 0x84 (size before relaxing)
 .stab          0x00000ad4      0xa38 c:/avr-gcc/bin/../lib/gcc/avr/4.5.1/../../../../avr/lib/avr5\libc.a(ftoa_engine.o)
                                0xa44 (size before relaxing)
 .stab          0x0000150c       0x9c c:/avr-gcc/bin/../lib/gcc/avr/4.5.1/../../../../avr/lib/avr5\libc.a(strnlen_P.o)
                                 0xa8 (size before relaxing)
 .stab          0x000015a8       0x9c c:/avr-gcc/bin/../lib/gcc/avr/4.5.1/../../../../avr/lib/avr5\libc.a(strnlen.o)
                                 0xa8 (size before relaxing)
 .stab          0x00001644       0xd8 c:/avr-gcc/bin/../lib/gcc/avr/4.5.1/../../../../avr/lib/avr5\libc.a(strrev.o)
                                 0xe4 (size before relaxing)
 .stab          0x0000171c      0x480 c:/avr-gcc/bin/../lib/gcc/avr/4.5.1/../../../../avr/lib/avr5\libc.a(ultoa_invert.o)
                                0x48c (size before relaxing)

.stabstr        0x00000000      0x319
 *(.stabstr)
 .stabstr       0x00000000      0x319 c:/avr-gcc/bin/../lib/gcc/avr/4.5.1/../../../../avr/lib/avr5/crtm644p.o

.stab.excl
 *(.stab.excl)

.stab.exclstr
 *(.stab.exclstr)

.stab.index
 *(.stab.index)

.stab.indexstr
 *(.stab.indexstr)

.comment
 *(.comment)

.debug
 *(.debug)

.line
 *(.line)

.debug_srcinfo
 *(.debug_srcinfo)

.debug_sfnames
 *(.debug_sfnames)

.debug_aranges  0x00000000      0x1e0
 *(.debug_aranges)
 .debug_aranges
                0x00000000       0x20 c:/avr-gcc/bin/../lib/gcc/avr/4.5.1/avr5\libgcc.a(_addsub_sf.o)
 .debug_aranges
                0x00000020       0x20 c:/avr-gcc/bin/../lib/gcc/avr/4.5.1/avr5\libgcc.a(_mul_sf.o)
 .debug_aranges
                0x00000040       0x20 c:/avr-gcc/bin/../lib/gcc/avr/4.5.1/avr5\libgcc.a(_gt_sf.o)
 .debug_aranges
                0x00000060       0x20 c:/avr-gcc/bin/../lib/gcc/avr/4.5.1/avr5\libgcc.a(_lt_sf.o)
 .debug_aranges
                0x00000080       0x20 c:/avr-gcc/bin/../lib/gcc/avr/4.5.1/avr5\libgcc.a(_le_sf.o)
 .debug_aranges
                0x000000a0       0x20 c:/avr-gcc/bin/../lib/gcc/avr/4.5.1/avr5\libgcc.a(_si_to_sf.o)
 .debug_aranges
                0x000000c0       0x20 c:/avr-gcc/bin/../lib/gcc/avr/4.5.1/avr5\libgcc.a(_clzsi2.o)
 .debug_aranges
                0x000000e0       0x20 c:/avr-gcc/bin/../lib/gcc/avr/4.5.1/avr5\libgcc.a(_pack_sf.o)
 .debug_aranges
                0x00000100       0x20 c:/avr-gcc/bin/../lib/gcc/avr/4.5.1/avr5\libgcc.a(_unpack_sf.o)
 .debug_aranges
                0x00000120       0x20 c:/avr-gcc/bin/../lib/gcc/avr/4.5.1/avr5\libgcc.a(_fpcmp_parts_sf.o)
 .debug_aranges
                0x00000140       0x20 c:/avr-gcc/bin/../lib/gcc/avr/4.5.1/../../../../avr/lib/avr5\libc.a(dtostrf.o)
 .debug_aranges
                0x00000160       0x20 c:/avr-gcc/bin/../lib/gcc/avr/4.5.1/../../../../avr/lib/avr5\libc.a(sprintf.o)
 .debug_aranges
                0x00000180       0x20 c:/avr-gcc/bin/../lib/gcc/avr/4.5.1/../../../../avr/lib/avr5\libc.a(vfprintf_std.o)
 .debug_aranges
                0x000001a0       0x20 c:/avr-gcc/bin/../lib/gcc/avr/4.5.1/../../../../avr/lib/avr5\libc.a(dtoa_prf.o)
 .debug_aranges
                0x000001c0       0x20 c:/avr-gcc/bin/../lib/gcc/avr/4.5.1/../../../../avr/lib/avr5\libc.a(fputc.o)

.debug_pubnames
                0x00000000      0x224
 *(.debug_pubnames)
 .debug_pubnames
                0x00000000       0x2c c:/avr-gcc/bin/../lib/gcc/avr/4.5.1/avr5\libgcc.a(_addsub_sf.o)
 .debug_pubnames
                0x0000002c       0x1f c:/avr-gcc/bin/../lib/gcc/avr/4.5.1/avr5\libgcc.a(_mul_sf.o)
 .debug_pubnames
                0x0000004b       0x1e c:/avr-gcc/bin/../lib/gcc/avr/4.5.1/avr5\libgcc.a(_gt_sf.o)
 .debug_pubnames
                0x00000069       0x1e c:/avr-gcc/bin/../lib/gcc/avr/4.5.1/avr5\libgcc.a(_lt_sf.o)
 .debug_pubnames
                0x00000087       0x1e c:/avr-gcc/bin/../lib/gcc/avr/4.5.1/avr5\libgcc.a(_le_sf.o)
 .debug_pubnames
                0x000000a5       0x22 c:/avr-gcc/bin/../lib/gcc/avr/4.5.1/avr5\libgcc.a(_si_to_sf.o)
 .debug_pubnames
                0x000000c7       0x22 c:/avr-gcc/bin/../lib/gcc/avr/4.5.1/avr5\libgcc.a(_thenan_sf.o)
 .debug_pubnames
                0x000000e9       0x1f c:/avr-gcc/bin/../lib/gcc/avr/4.5.1/avr5\libgcc.a(_clzsi2.o)
 .debug_pubnames
                0x00000108       0x1f c:/avr-gcc/bin/../lib/gcc/avr/4.5.1/avr5\libgcc.a(_pack_sf.o)
 .debug_pubnames
                0x00000127       0x21 c:/avr-gcc/bin/../lib/gcc/avr/4.5.1/avr5\libgcc.a(_unpack_sf.o)
 .debug_pubnames
                0x00000148       0x26 c:/avr-gcc/bin/../lib/gcc/avr/4.5.1/avr5\libgcc.a(_fpcmp_parts_sf.o)
 .debug_pubnames
                0x0000016e       0x20 c:/avr-gcc/bin/../lib/gcc/avr/4.5.1/avr5\libgcc.a(_clz.o)
 .debug_pubnames
                0x0000018e       0x1e c:/avr-gcc/bin/../lib/gcc/avr/4.5.1/../../../../avr/lib/avr5\libc.a(dtostrf.o)
 .debug_pubnames
                0x000001ac       0x1e c:/avr-gcc/bin/../lib/gcc/avr/4.5.1/../../../../avr/lib/avr5\libc.a(sprintf.o)
 .debug_pubnames
                0x000001ca       0x1f c:/avr-gcc/bin/../lib/gcc/avr/4.5.1/../../../../avr/lib/avr5\libc.a(vfprintf_std.o)
 .debug_pubnames
                0x000001e9       0x1f c:/avr-gcc/bin/../lib/gcc/avr/4.5.1/../../../../avr/lib/avr5\libc.a(dtoa_prf.o)
 .debug_pubnames
                0x00000208       0x1c c:/avr-gcc/bin/../lib/gcc/avr/4.5.1/../../../../avr/lib/avr5\libc.a(fputc.o)

.debug_info     0x00000000     0x2503
 *(.debug_info)
 .debug_info    0x00000000      0x455 c:/avr-gcc/bin/../lib/gcc/avr/4.5.1/avr5\libgcc.a(_addsub_sf.o)
 .debug_info    0x00000455      0x3ec c:/avr-gcc/bin/../lib/gcc/avr/4.5.1/avr5\libgcc.a(_mul_sf.o)
 .debug_info    0x00000841      0x28a c:/avr-gcc/bin/../lib/gcc/avr/4.5.1/avr5\libgcc.a(_gt_sf.o)
 .debug_info    0x00000acb      0x28a c:/avr-gcc/bin/../lib/gcc/avr/4.5.1/avr5\libgcc.a(_lt_sf.o)
 .debug_info    0x00000d55      0x28a c:/avr-gcc/bin/../lib/gcc/avr/4.5.1/avr5\libgcc.a(_le_sf.o)
 .debug_info    0x00000fdf      0x22f c:/avr-gcc/bin/../lib/gcc/avr/4.5.1/avr5\libgcc.a(_si_to_sf.o)
 .debug_info    0x0000120e      0x15e c:/avr-gcc/bin/../lib/gcc/avr/4.5.1/avr5\libgcc.a(_thenan_sf.o)
 .debug_info    0x0000136c      0x12c c:/avr-gcc/bin/../lib/gcc/avr/4.5.1/avr5\libgcc.a(_clzsi2.o)
 .debug_info    0x00001498      0x2d9 c:/avr-gcc/bin/../lib/gcc/avr/4.5.1/avr5\libgcc.a(_pack_sf.o)
 .debug_info    0x00001771      0x25c c:/avr-gcc/bin/../lib/gcc/avr/4.5.1/avr5\libgcc.a(_unpack_sf.o)
 .debug_info    0x000019cd      0x1f1 c:/avr-gcc/bin/../lib/gcc/avr/4.5.1/avr5\libgcc.a(_fpcmp_parts_sf.o)
 .debug_info    0x00001bbe       0xa6 c:/avr-gcc/bin/../lib/gcc/avr/4.5.1/avr5\libgcc.a(_clz.o)
 .debug_info    0x00001c64       0xdf c:/avr-gcc/bin/../lib/gcc/avr/4.5.1/../../../../avr/lib/avr5\libc.a(dtostrf.o)
 .debug_info    0x00001d43      0x1bb c:/avr-gcc/bin/../lib/gcc/avr/4.5.1/../../../../avr/lib/avr5\libc.a(sprintf.o)
 .debug_info    0x00001efe      0x353 c:/avr-gcc/bin/../lib/gcc/avr/4.5.1/../../../../avr/lib/avr5\libc.a(vfprintf_std.o)
 .debug_info    0x00002251      0x147 c:/avr-gcc/bin/../lib/gcc/avr/4.5.1/../../../../avr/lib/avr5\libc.a(dtoa_prf.o)
 .debug_info    0x00002398      0x16b c:/avr-gcc/bin/../lib/gcc/avr/4.5.1/../../../../avr/lib/avr5\libc.a(fputc.o)
 *(.gnu.linkonce.wi.*)

.debug_abbrev   0x00000000     0x1327
 *(.debug_abbrev)
 .debug_abbrev  0x00000000      0x1af c:/avr-gcc/bin/../lib/gcc/avr/4.5.1/avr5\libgcc.a(_addsub_sf.o)
 .debug_abbrev  0x000001af      0x1d9 c:/avr-gcc/bin/../lib/gcc/avr/4.5.1/avr5\libgcc.a(_mul_sf.o)
 .debug_abbrev  0x00000388      0x151 c:/avr-gcc/bin/../lib/gcc/avr/4.5.1/avr5\libgcc.a(_gt_sf.o)
 .debug_abbrev  0x000004d9      0x151 c:/avr-gcc/bin/../lib/gcc/avr/4.5.1/avr5\libgcc.a(_lt_sf.o)
 .debug_abbrev  0x0000062a      0x151 c:/avr-gcc/bin/../lib/gcc/avr/4.5.1/avr5\libgcc.a(_le_sf.o)
 .debug_abbrev  0x0000077b      0x162 c:/avr-gcc/bin/../lib/gcc/avr/4.5.1/avr5\libgcc.a(_si_to_sf.o)
 .debug_abbrev  0x000008dd       0xcb c:/avr-gcc/bin/../lib/gcc/avr/4.5.1/avr5\libgcc.a(_thenan_sf.o)
 .debug_abbrev  0x000009a8       0xce c:/avr-gcc/bin/../lib/gcc/avr/4.5.1/avr5\libgcc.a(_clzsi2.o)
 .debug_abbrev  0x00000a76      0x185 c:/avr-gcc/bin/../lib/gcc/avr/4.5.1/avr5\libgcc.a(_pack_sf.o)
 .debug_abbrev  0x00000bfb      0x14b c:/avr-gcc/bin/../lib/gcc/avr/4.5.1/avr5\libgcc.a(_unpack_sf.o)
 .debug_abbrev  0x00000d46      0x10b c:/avr-gcc/bin/../lib/gcc/avr/4.5.1/avr5\libgcc.a(_fpcmp_parts_sf.o)
 .debug_abbrev  0x00000e51       0x61 c:/avr-gcc/bin/../lib/gcc/avr/4.5.1/avr5\libgcc.a(_clz.o)
 .debug_abbrev  0x00000eb2       0x7b c:/avr-gcc/bin/../lib/gcc/avr/4.5.1/../../../../avr/lib/avr5\libc.a(dtostrf.o)
 .debug_abbrev  0x00000f2d       0xff c:/avr-gcc/bin/../lib/gcc/avr/4.5.1/../../../../avr/lib/avr5\libc.a(sprintf.o)
 .debug_abbrev  0x0000102c      0x16c c:/avr-gcc/bin/../lib/gcc/avr/4.5.1/../../../../avr/lib/avr5\libc.a(vfprintf_std.o)
 .debug_abbrev  0x00001198       0xb4 c:/avr-gcc/bin/../lib/gcc/avr/4.5.1/../../../../avr/lib/avr5\libc.a(dtoa_prf.o)
 .debug_abbrev  0x0000124c       0xdb c:/avr-gcc/bin/../lib/gcc/avr/4.5.1/../../../../avr/lib/avr5\libc.a(fputc.o)

.debug_line     0x00000000     0x1b74
 *(.debug_line)
 .debug_line    0x00000000      0x2c5 c:/avr-gcc/bin/../lib/gcc/avr/4.5.1/avr5\libgcc.a(_addsub_sf.o)
 .debug_line    0x000002c5      0x261 c:/avr-gcc/bin/../lib/gcc/avr/4.5.1/avr5\libgcc.a(_mul_sf.o)
 .debug_line    0x00000526       0xdc c:/avr-gcc/bin/../lib/gcc/avr/4.5.1/avr5\libgcc.a(_gt_sf.o)
 .debug_line    0x00000602       0xdc c:/avr-gcc/bin/../lib/gcc/avr/4.5.1/avr5\libgcc.a(_lt_sf.o)
 .debug_line    0x000006de       0xdc c:/avr-gcc/bin/../lib/gcc/avr/4.5.1/avr5\libgcc.a(_le_sf.o)
 .debug_line    0x000007ba      0x124 c:/avr-gcc/bin/../lib/gcc/avr/4.5.1/avr5\libgcc.a(_si_to_sf.o)
 .debug_line    0x000008de       0x89 c:/avr-gcc/bin/../lib/gcc/avr/4.5.1/avr5\libgcc.a(_thenan_sf.o)
 .debug_line    0x00000967       0xc6 c:/avr-gcc/bin/../lib/gcc/avr/4.5.1/avr5\libgcc.a(_clzsi2.o)
 .debug_line    0x00000a2d      0x1cc c:/avr-gcc/bin/../lib/gcc/avr/4.5.1/avr5\libgcc.a(_pack_sf.o)
 .debug_line    0x00000bf9      0x14c c:/avr-gcc/bin/../lib/gcc/avr/4.5.1/avr5\libgcc.a(_unpack_sf.o)
 .debug_line    0x00000d45      0x150 c:/avr-gcc/bin/../lib/gcc/avr/4.5.1/avr5\libgcc.a(_fpcmp_parts_sf.o)
 .debug_line    0x00000e95       0x75 c:/avr-gcc/bin/../lib/gcc/avr/4.5.1/avr5\libgcc.a(_clz.o)
 .debug_line    0x00000f0a       0x8d c:/avr-gcc/bin/../lib/gcc/avr/4.5.1/../../../../avr/lib/avr5\libc.a(dtostrf.o)
 .debug_line    0x00000f97      0x10b c:/avr-gcc/bin/../lib/gcc/avr/4.5.1/../../../../avr/lib/avr5\libc.a(sprintf.o)
 .debug_line    0x000010a2      0x5a9 c:/avr-gcc/bin/../lib/gcc/avr/4.5.1/../../../../avr/lib/avr5\libc.a(vfprintf_std.o)
 .debug_line    0x0000164b      0x447 c:/avr-gcc/bin/../lib/gcc/avr/4.5.1/../../../../avr/lib/avr5\libc.a(dtoa_prf.o)
 .debug_line    0x00001a92       0xe2 c:/avr-gcc/bin/../lib/gcc/avr/4.5.1/../../../../avr/lib/avr5\libc.a(fputc.o)

.debug_frame    0x00000000      0x200
 *(.debug_frame)
 .debug_frame   0x00000000       0x40 c:/avr-gcc/bin/../lib/gcc/avr/4.5.1/avr5\libgcc.a(_addsub_sf.o)
 .debug_frame   0x00000040       0x20 c:/avr-gcc/bin/../lib/gcc/avr/4.5.1/avr5\libgcc.a(_mul_sf.o)
 .debug_frame   0x00000060       0x20 c:/avr-gcc/bin/../lib/gcc/avr/4.5.1/avr5\libgcc.a(_gt_sf.o)
 .debug_frame   0x00000080       0x20 c:/avr-gcc/bin/../lib/gcc/avr/4.5.1/avr5\libgcc.a(_lt_sf.o)
 .debug_frame   0x000000a0       0x20 c:/avr-gcc/bin/../lib/gcc/avr/4.5.1/avr5\libgcc.a(_le_sf.o)
 .debug_frame   0x000000c0       0x20 c:/avr-gcc/bin/../lib/gcc/avr/4.5.1/avr5\libgcc.a(_si_to_sf.o)
 .debug_frame   0x000000e0       0x20 c:/avr-gcc/bin/../lib/gcc/avr/4.5.1/avr5\libgcc.a(_clzsi2.o)
 .debug_frame   0x00000100       0x20 c:/avr-gcc/bin/../lib/gcc/avr/4.5.1/avr5\libgcc.a(_pack_sf.o)
 .debug_frame   0x00000120       0x20 c:/avr-gcc/bin/../lib/gcc/avr/4.5.1/avr5\libgcc.a(_unpack_sf.o)
 .debug_frame   0x00000140       0x20 c:/avr-gcc/bin/../lib/gcc/avr/4.5.1/avr5\libgcc.a(_fpcmp_parts_sf.o)
 .debug_frame   0x00000160       0x20 c:/avr-gcc/bin/../lib/gcc/avr/4.5.1/../../../../avr/lib/avr5\libc.a(dtostrf.o)
 .debug_frame   0x00000180       0x20 c:/avr-gcc/bin/../lib/gcc/avr/4.5.1/../../../../avr/lib/avr5\libc.a(sprintf.o)
 .debug_frame   0x000001a0       0x20 c:/avr-gcc/bin/../lib/gcc/avr/4.5.1/../../../../avr/lib/avr5\libc.a(vfprintf_std.o)
 .debug_frame   0x000001c0       0x20 c:/avr-gcc/bin/../lib/gcc/avr/4.5.1/../../../../avr/lib/avr5\libc.a(dtoa_prf.o)
 .debug_frame   0x000001e0       0x20 c:/avr-gcc/bin/../lib/gcc/avr/4.5.1/../../../../avr/lib/avr5\libc.a(fputc.o)

.debug_str      0x00000000      0x47a
 *(.debug_str)
 .debug_str     0x00000000      0x1c3 c:/avr-gcc/bin/../lib/gcc/avr/4.5.1/avr5\libgcc.a(_addsub_sf.o)
                                0x22b (size before relaxing)
 .debug_str     0x000001c3       0x27 c:/avr-gcc/bin/../lib/gcc/avr/4.5.1/avr5\libgcc.a(_mul_sf.o)
                                0x1e4 (size before relaxing)
 .debug_str     0x000001ea        0x8 c:/avr-gcc/bin/../lib/gcc/avr/4.5.1/avr5\libgcc.a(_gt_sf.o)
                                0x1b2 (size before relaxing)
 .debug_str     0x000001f2        0x8 c:/avr-gcc/bin/../lib/gcc/avr/4.5.1/avr5\libgcc.a(_lt_sf.o)
                                0x1b2 (size before relaxing)
 .debug_str     0x000001fa        0x8 c:/avr-gcc/bin/../lib/gcc/avr/4.5.1/avr5\libgcc.a(_le_sf.o)
                                0x1b2 (size before relaxing)
 .debug_str     0x00000202       0x27 c:/avr-gcc/bin/../lib/gcc/avr/4.5.1/avr5\libgcc.a(_si_to_sf.o)
                                0x1a1 (size before relaxing)
 .debug_str     0x00000000      0x15d c:/avr-gcc/bin/../lib/gcc/avr/4.5.1/avr5\libgcc.a(_thenan_sf.o)
 .debug_str     0x00000229       0x6e c:/avr-gcc/bin/../lib/gcc/avr/4.5.1/avr5\libgcc.a(_clzsi2.o)
                                0x124 (size before relaxing)
 .debug_str     0x00000297       0x10 c:/avr-gcc/bin/../lib/gcc/avr/4.5.1/avr5\libgcc.a(_pack_sf.o)
                                0x1ba (size before relaxing)
 .debug_str     0x000002a7        0xb c:/avr-gcc/bin/../lib/gcc/avr/4.5.1/avr5\libgcc.a(_unpack_sf.o)
                                0x19c (size before relaxing)
 .debug_str     0x000002b2       0x10 c:/avr-gcc/bin/../lib/gcc/avr/4.5.1/avr5\libgcc.a(_fpcmp_parts_sf.o)
                                0x180 (size before relaxing)
 .debug_str     0x00000000      0x107 c:/avr-gcc/bin/../lib/gcc/avr/4.5.1/avr5\libgcc.a(_clz.o)
 .debug_str     0x000002c2       0x95 c:/avr-gcc/bin/../lib/gcc/avr/4.5.1/../../../../avr/lib/avr5\libc.a(dtostrf.o)
                                0x101 (size before relaxing)
 .debug_str     0x00000357       0x67 c:/avr-gcc/bin/../lib/gcc/avr/4.5.1/../../../../avr/lib/avr5\libc.a(sprintf.o)
                                0x132 (size before relaxing)
 .debug_str     0x000003be       0x65 c:/avr-gcc/bin/../lib/gcc/avr/4.5.1/../../../../avr/lib/avr5\libc.a(vfprintf_std.o)
                                0x17c (size before relaxing)
 .debug_str     0x00000423       0x35 c:/avr-gcc/bin/../lib/gcc/avr/4.5.1/../../../../avr/lib/avr5\libc.a(dtoa_prf.o)
                                0x10f (size before relaxing)
 .debug_str     0x00000458       0x22 c:/avr-gcc/bin/../lib/gcc/avr/4.5.1/../../../../avr/lib/avr5\libc.a(fputc.o)
                                0x10c (size before relaxing)

.debug_loc      0x00000000     0x1847
 *(.debug_loc)
 .debug_loc     0x00000000      0x31d c:/avr-gcc/bin/../lib/gcc/avr/4.5.1/avr5\libgcc.a(_addsub_sf.o)
 .debug_loc     0x0000031d      0x2a4 c:/avr-gcc/bin/../lib/gcc/avr/4.5.1/avr5\libgcc.a(_mul_sf.o)
 .debug_loc     0x000005c1       0x48 c:/avr-gcc/bin/../lib/gcc/avr/4.5.1/avr5\libgcc.a(_gt_sf.o)
 .debug_loc     0x00000609       0x48 c:/avr-gcc/bin/../lib/gcc/avr/4.5.1/avr5\libgcc.a(_lt_sf.o)
 .debug_loc     0x00000651       0x48 c:/avr-gcc/bin/../lib/gcc/avr/4.5.1/avr5\libgcc.a(_le_sf.o)
 .debug_loc     0x00000699       0xb4 c:/avr-gcc/bin/../lib/gcc/avr/4.5.1/avr5\libgcc.a(_si_to_sf.o)
 .debug_loc     0x0000074d       0xb2 c:/avr-gcc/bin/../lib/gcc/avr/4.5.1/avr5\libgcc.a(_clzsi2.o)
 .debug_loc     0x000007ff      0x1f5 c:/avr-gcc/bin/../lib/gcc/avr/4.5.1/avr5\libgcc.a(_pack_sf.o)
 .debug_loc     0x000009f4      0x111 c:/avr-gcc/bin/../lib/gcc/avr/4.5.1/avr5\libgcc.a(_unpack_sf.o)
 .debug_loc     0x00000b05       0x50 c:/avr-gcc/bin/../lib/gcc/avr/4.5.1/avr5\libgcc.a(_fpcmp_parts_sf.o)
 .debug_loc     0x00000b55       0x90 c:/avr-gcc/bin/../lib/gcc/avr/4.5.1/../../../../avr/lib/avr5\libc.a(dtostrf.o)
 .debug_loc     0x00000be5      0x6a1 c:/avr-gcc/bin/../lib/gcc/avr/4.5.1/../../../../avr/lib/avr5\libc.a(vfprintf_std.o)
 .debug_loc     0x00001286      0x571 c:/avr-gcc/bin/../lib/gcc/avr/4.5.1/../../../../avr/lib/avr5\libc.a(dtoa_prf.o)
 .debug_loc     0x000017f7       0x50 c:/avr-gcc/bin/../lib/gcc/avr/4.5.1/../../../../avr/lib/avr5\libc.a(fputc.o)

.debug_macinfo
 *(.debug_macinfo)
OUTPUT(Alarm_SM.elf elf32-avr)
LOAD linker stubs

.debug_pubtypes
                0x00000000      0x651
 .debug_pubtypes
                0x00000000       0x9d c:/avr-gcc/bin/../lib/gcc/avr/4.5.1/avr5\libgcc.a(_addsub_sf.o)
 .debug_pubtypes
                0x0000009d       0x86 c:/avr-gcc/bin/../lib/gcc/avr/4.5.1/avr5\libgcc.a(_mul_sf.o)
 .debug_pubtypes
                0x00000123       0x91 c:/avr-gcc/bin/../lib/gcc/avr/4.5.1/avr5\libgcc.a(_gt_sf.o)
 .debug_pubtypes
                0x000001b4       0x91 c:/avr-gcc/bin/../lib/gcc/avr/4.5.1/avr5\libgcc.a(_lt_sf.o)
 .debug_pubtypes
                0x00000245       0x91 c:/avr-gcc/bin/../lib/gcc/avr/4.5.1/avr5\libgcc.a(_le_sf.o)
 .debug_pubtypes
                0x000002d6       0x7e c:/avr-gcc/bin/../lib/gcc/avr/4.5.1/avr5\libgcc.a(_si_to_sf.o)
 .debug_pubtypes
                0x00000354       0x5b c:/avr-gcc/bin/../lib/gcc/avr/4.5.1/avr5\libgcc.a(_thenan_sf.o)
 .debug_pubtypes
                0x000003af       0x35 c:/avr-gcc/bin/../lib/gcc/avr/4.5.1/avr5\libgcc.a(_clzsi2.o)
 .debug_pubtypes
                0x000003e4       0x86 c:/avr-gcc/bin/../lib/gcc/avr/4.5.1/avr5\libgcc.a(_pack_sf.o)
 .debug_pubtypes
                0x0000046a       0x86 c:/avr-gcc/bin/../lib/gcc/avr/4.5.1/avr5\libgcc.a(_unpack_sf.o)
 .debug_pubtypes
                0x000004f0       0x5b c:/avr-gcc/bin/../lib/gcc/avr/4.5.1/avr5\libgcc.a(_fpcmp_parts_sf.o)
 .debug_pubtypes
                0x0000054b       0x1e c:/avr-gcc/bin/../lib/gcc/avr/4.5.1/avr5\libgcc.a(_clz.o)
 .debug_pubtypes
                0x00000569       0x12 c:/avr-gcc/bin/../lib/gcc/avr/4.5.1/../../../../avr/lib/avr5\libc.a(dtostrf.o)
 .debug_pubtypes
                0x0000057b       0x48 c:/avr-gcc/bin/../lib/gcc/avr/4.5.1/../../../../avr/lib/avr5\libc.a(sprintf.o)
 .debug_pubtypes
                0x000005c3       0x53 c:/avr-gcc/bin/../lib/gcc/avr/4.5.1/../../../../avr/lib/avr5\libc.a(vfprintf_std.o)
 .debug_pubtypes
                0x00000616       0x12 c:/avr-gcc/bin/../lib/gcc/avr/4.5.1/../../../../avr/lib/avr5\libc.a(dtoa_prf.o)
 .debug_pubtypes
                0x00000628       0x29 c:/avr-gcc/bin/../lib/gcc/avr/4.5.1/../../../../avr/lib/avr5\libc.a(fputc.o)

.debug_ranges   0x00000000       0xb0
 .debug_ranges  0x00000000       0x30 c:/avr-gcc/bin/../lib/gcc/avr/4.5.1/avr5\libgcc.a(_mul_sf.o)
 .debug_ranges  0x00000030       0x18 c:/avr-gcc/bin/../lib/gcc/avr/4.5.1/avr5\libgcc.a(_si_to_sf.o)
 .debug_ranges  0x00000048       0x10 c:/avr-gcc/bin/../lib/gcc/avr/4.5.1/../../../../avr/lib/avr5\libc.a(dtostrf.o)
 .debug_ranges  0x00000058       0x10 c:/avr-gcc/bin/../lib/gcc/avr/4.5.1/../../../../avr/lib/avr5\libc.a(sprintf.o)
 .debug_ranges  0x00000068       0x28 c:/avr-gcc/bin/../lib/gcc/avr/4.5.1/../../../../avr/lib/avr5\libc.a(vfprintf_std.o)
 .debug_ranges  0x00000090       0x10 c:/avr-gcc/bin/../lib/gcc/avr/4.5.1/../../../../avr/lib/avr5\libc.a(dtoa_prf.o)
 .debug_ranges  0x000000a0       0x10 c:/avr-gcc/bin/../lib/gcc/avr/4.5.1/../../../../avr/lib/avr5\libc.a(fputc.o)
