19:01:38 **** Incremental Build of configuration Release for project Charger ****
make all 
Building file: ../main.c
Invoking: AVR Compiler
avr-gcc -Wall -Os -fpack-struct -fshort-enums -ffunction-sections -fdata-sections -std=gnu99 -funsigned-char -funsigned-bitfields -mmcu=attiny45 -DF_CPU=1000000UL -MMD -MP -MF"main.d" -MT"main.d" -c -o "main.o" "../main.c"
../main.c: In function 'main':
../main.c:34:20: warning: unused variable 'buff3'
Finished building: ../main.c
 
Building target: Charger.elf
Invoking: AVR C Linker
avr-gcc -Wl,-Map,Charger.map -mmcu=attiny45 -o "Charger.elf"  ./main.o   
Finished building target: Charger.elf
 
Invoking: AVR Create Extended Listing
avr-objdump -h -S Charger.elf  >"Charger.lss"
Finished building: Charger.lss
 
Create Flash image (ihex format)
avr-objcopy -R .eeprom -R .fuse -R .lock -R .signature -O ihex Charger.elf  "Charger.hex"
Finished building: Charger.hex
 
Create eeprom image (ihex format)
avr-objcopy -j .eeprom --no-change-warnings --change-section-lma .eeprom=0 -O ihex Charger.elf  "Charger.eep"
Finished building: Charger.eep
 
Invoking: Print Size
avr-size --format=berkeley -t Charger.elf
   text	   data	    bss	    dec	    hex	filename
    470	      0	      6	    476	    1dc	Charger.elf
    470	      0	      6	    476	    1dc	(TOTALS)
Finished building: sizedummy
 

19:01:39 Build Finished (took 976ms)

