08:53:13 **** Build of configuration Release for project Laser_gcode ****
make all 
Building file: ../coolant_control.c
Invoking: AVR Compiler
avr-gcc -Wall -Os -fpack-struct -fshort-enums -ffunction-sections -fdata-sections -std=gnu99 -funsigned-char -funsigned-bitfields -mmcu=atmega644p -DF_CPU=16000000UL -MMD -MP -MF"coolant_control.d" -MT"coolant_control.d" -c -o "coolant_control.o" "../coolant_control.c"
Finished building: ../coolant_control.c
 
Building file: ../eeprom.c
Invoking: AVR Compiler
avr-gcc -Wall -Os -fpack-struct -fshort-enums -ffunction-sections -fdata-sections -std=gnu99 -funsigned-char -funsigned-bitfields -mmcu=atmega644p -DF_CPU=16000000UL -MMD -MP -MF"eeprom.d" -MT"eeprom.d" -c -o "eeprom.o" "../eeprom.c"
Finished building: ../eeprom.c
 
Building file: ../gcode.c
Invoking: AVR Compiler
avr-gcc -Wall -Os -fpack-struct -fshort-enums -ffunction-sections -fdata-sections -std=gnu99 -funsigned-char -funsigned-bitfields -mmcu=atmega644p -DF_CPU=16000000UL -MMD -MP -MF"gcode.d" -MT"gcode.d" -c -o "gcode.o" "../gcode.c"
Finished building: ../gcode.c
 
Building file: ../jog.c
Invoking: AVR Compiler
avr-gcc -Wall -Os -fpack-struct -fshort-enums -ffunction-sections -fdata-sections -std=gnu99 -funsigned-char -funsigned-bitfields -mmcu=atmega644p -DF_CPU=16000000UL -MMD -MP -MF"jog.d" -MT"jog.d" -c -o "jog.o" "../jog.c"
Finished building: ../jog.c
 
Building file: ../limits.c
Invoking: AVR Compiler
avr-gcc -Wall -Os -fpack-struct -fshort-enums -ffunction-sections -fdata-sections -std=gnu99 -funsigned-char -funsigned-bitfields -mmcu=atmega644p -DF_CPU=16000000UL -MMD -MP -MF"limits.d" -MT"limits.d" -c -o "limits.o" "../limits.c"
Finished building: ../limits.c
 
Building file: ../main.c
Invoking: AVR Compiler
avr-gcc -Wall -Os -fpack-struct -fshort-enums -ffunction-sections -fdata-sections -std=gnu99 -funsigned-char -funsigned-bitfields -mmcu=atmega644p -DF_CPU=16000000UL -MMD -MP -MF"main.d" -MT"main.d" -c -o "main.o" "../main.c"
Finished building: ../main.c
 
Building file: ../motion_control.c
Invoking: AVR Compiler
avr-gcc -Wall -Os -fpack-struct -fshort-enums -ffunction-sections -fdata-sections -std=gnu99 -funsigned-char -funsigned-bitfields -mmcu=atmega644p -DF_CPU=16000000UL -MMD -MP -MF"motion_control.d" -MT"motion_control.d" -c -o "motion_control.o" "../motion_control.c"
Finished building: ../motion_control.c
 
Building file: ../nuts_bolts.c
Invoking: AVR Compiler
avr-gcc -Wall -Os -fpack-struct -fshort-enums -ffunction-sections -fdata-sections -std=gnu99 -funsigned-char -funsigned-bitfields -mmcu=atmega644p -DF_CPU=16000000UL -MMD -MP -MF"nuts_bolts.d" -MT"nuts_bolts.d" -c -o "nuts_bolts.o" "../nuts_bolts.c"
Finished building: ../nuts_bolts.c
 
Building file: ../planner.c
Invoking: AVR Compiler
avr-gcc -Wall -Os -fpack-struct -fshort-enums -ffunction-sections -fdata-sections -std=gnu99 -funsigned-char -funsigned-bitfields -mmcu=atmega644p -DF_CPU=16000000UL -MMD -MP -MF"planner.d" -MT"planner.d" -c -o "planner.o" "../planner.c"
Finished building: ../planner.c
 
Building file: ../print.c
Invoking: AVR Compiler
avr-gcc -Wall -Os -fpack-struct -fshort-enums -ffunction-sections -fdata-sections -std=gnu99 -funsigned-char -funsigned-bitfields -mmcu=atmega644p -DF_CPU=16000000UL -MMD -MP -MF"print.d" -MT"print.d" -c -o "print.o" "../print.c"
Finished building: ../print.c
 
Building file: ../probe.c
Invoking: AVR Compiler
avr-gcc -Wall -Os -fpack-struct -fshort-enums -ffunction-sections -fdata-sections -std=gnu99 -funsigned-char -funsigned-bitfields -mmcu=atmega644p -DF_CPU=16000000UL -MMD -MP -MF"probe.d" -MT"probe.d" -c -o "probe.o" "../probe.c"
Finished building: ../probe.c
 
Building file: ../protocol.c
Invoking: AVR Compiler
avr-gcc -Wall -Os -fpack-struct -fshort-enums -ffunction-sections -fdata-sections -std=gnu99 -funsigned-char -funsigned-bitfields -mmcu=atmega644p -DF_CPU=16000000UL -MMD -MP -MF"protocol.d" -MT"protocol.d" -c -o "protocol.o" "../protocol.c"
Finished building: ../protocol.c
 
Building file: ../report.c
Invoking: AVR Compiler
avr-gcc -Wall -Os -fpack-struct -fshort-enums -ffunction-sections -fdata-sections -std=gnu99 -funsigned-char -funsigned-bitfields -mmcu=atmega644p -DF_CPU=16000000UL -MMD -MP -MF"report.d" -MT"report.d" -c -o "report.o" "../report.c"
Finished building: ../report.c
 
Building file: ../serial.c
Invoking: AVR Compiler
avr-gcc -Wall -Os -fpack-struct -fshort-enums -ffunction-sections -fdata-sections -std=gnu99 -funsigned-char -funsigned-bitfields -mmcu=atmega644p -DF_CPU=16000000UL -MMD -MP -MF"serial.d" -MT"serial.d" -c -o "serial.o" "../serial.c"
Finished building: ../serial.c
 
Building file: ../settings.c
Invoking: AVR Compiler
avr-gcc -Wall -Os -fpack-struct -fshort-enums -ffunction-sections -fdata-sections -std=gnu99 -funsigned-char -funsigned-bitfields -mmcu=atmega644p -DF_CPU=16000000UL -MMD -MP -MF"settings.d" -MT"settings.d" -c -o "settings.o" "../settings.c"
Finished building: ../settings.c
 
Building file: ../spindle_control.c
Invoking: AVR Compiler
avr-gcc -Wall -Os -fpack-struct -fshort-enums -ffunction-sections -fdata-sections -std=gnu99 -funsigned-char -funsigned-bitfields -mmcu=atmega644p -DF_CPU=16000000UL -MMD -MP -MF"spindle_control.d" -MT"spindle_control.d" -c -o "spindle_control.o" "../spindle_control.c"
Finished building: ../spindle_control.c
 
Building file: ../stepper.c
Invoking: AVR Compiler
avr-gcc -Wall -Os -fpack-struct -fshort-enums -ffunction-sections -fdata-sections -std=gnu99 -funsigned-char -funsigned-bitfields -mmcu=atmega644p -DF_CPU=16000000UL -MMD -MP -MF"stepper.d" -MT"stepper.d" -c -o "stepper.o" "../stepper.c"
Finished building: ../stepper.c
 
Building file: ../system.c
Invoking: AVR Compiler
avr-gcc -Wall -Os -fpack-struct -fshort-enums -ffunction-sections -fdata-sections -std=gnu99 -funsigned-char -funsigned-bitfields -mmcu=atmega644p -DF_CPU=16000000UL -MMD -MP -MF"system.d" -MT"system.d" -c -o "system.o" "../system.c"
Finished building: ../system.c
 
Building target: Laser_gcode.elf
Invoking: AVR C Linker
avr-gcc -Wl,-Map,Laser_gcode.map -L"C:\avr-gcc\avr\lib" -mmcu=atmega644p -o "Laser_gcode.elf"  ./coolant_control.o ./eeprom.o ./gcode.o ./jog.o ./limits.o ./main.o ./motion_control.o ./nuts_bolts.o ./planner.o ./print.o ./probe.o ./protocol.o ./report.o ./serial.o ./settings.o ./spindle_control.o ./stepper.o ./system.o   -lm
Finished building target: Laser_gcode.elf
 
Invoking: AVR Create Extended Listing
avr-objdump -h -S Laser_gcode.elf  >"Laser_gcode.lss"
Finished building: Laser_gcode.lss
 
Create Flash image (ihex format)
avr-objcopy -R .eeprom -R .fuse -R .lock -R .signature -O ihex Laser_gcode.elf  "Laser_gcode.hex"
Finished building: Laser_gcode.hex
 
Create eeprom image (ihex format)
avr-objcopy -j .eeprom --no-change-warnings --change-section-lma .eeprom=0 -O ihex Laser_gcode.elf  "Laser_gcode.eep"
Finished building: Laser_gcode.eep
 
Invoking: Print Size
avr-size --format=berkeley -t Laser_gcode.elf
   text	   data	    bss	    dec	    hex	filename
  34236	      6	   1633	  35875	   8c23	Laser_gcode.elf
  34236	      6	   1633	  35875	   8c23	(TOTALS)
Finished building: sizedummy
 

08:53:19 Build Finished (took 6s.797ms)

