00:48:39 **** Build of configuration Release for project Timer_Mono ****
make all 
Building file: ../main.c
Invoking: AVR Compiler
avr-gcc -Wall -Os -fpack-struct -fshort-enums -ffunction-sections -fdata-sections -std=gnu99 -funsigned-char -funsigned-bitfields -mmcu=attiny45 -DF_CPU=1000000UL -MMD -MP -MF"main.d" -MT"main.d" -c -o "main.o" "../main.c"
../main.c: In function 'main':
../main.c:34:20: warning: unused variable 'buff3'
Finished building: ../main.c
 
Building target: Timer_Mono.elf
Invoking: AVR C Linker
avr-gcc -Wl,-Map,Timer_Mono.map -mmcu=attiny45 -o "Timer_Mono.elf"  ./main.o   
Finished building target: Timer_Mono.elf
 
Invoking: AVR Create Extended Listing
avr-objdump -h -S Timer_Mono.elf  >"Timer_Mono.lss"
Finished building: Timer_Mono.lss
 
Create Flash image (ihex format)
avr-objcopy -R .eeprom -R .fuse -R .lock -R .signature -O ihex Timer_Mono.elf  "Timer_Mono.hex"
Finished building: Timer_Mono.hex
 
Create eeprom image (ihex format)
avr-objcopy -j .eeprom --no-change-warnings --change-section-lma .eeprom=0 -O ihex Timer_Mono.elf  "Timer_Mono.eep"
Finished building: Timer_Mono.eep
 
Invoking: Print Size
avr-size --format=berkeley -t Timer_Mono.elf
   text	   data	    bss	    dec	    hex	filename
    422	      0	      4	    426	    1aa	Timer_Mono.elf
    422	      0	      4	    426	    1aa	(TOTALS)
Finished building: sizedummy
 

00:48:41 Build Finished (took 2s.229ms)

